[2025-04-22T11:14:44.504+0000] {processor.py:157} INFO - Started process (PID=174) to work on /opt/airflow/dags/extract_exchange_rates.py
[2025-04-22T11:14:44.505+0000] {processor.py:829} INFO - Processing file /opt/airflow/dags/extract_exchange_rates.py for tasks to queue
[2025-04-22T11:14:44.506+0000] {logging_mixin.py:151} INFO - [2025-04-22T11:14:44.506+0000] {dagbag.py:536} INFO - Filling up the DagBag from /opt/airflow/dags/extract_exchange_rates.py
[2025-04-22T11:14:44.517+0000] {processor.py:839} INFO - DAG(s) dict_keys(['extract_exchange_rates']) retrieved from /opt/airflow/dags/extract_exchange_rates.py
[2025-04-22T11:14:44.531+0000] {logging_mixin.py:151} INFO - [2025-04-22T11:14:44.530+0000] {dag.py:2941} INFO - Sync 1 DAGs
[2025-04-22T11:14:44.548+0000] {logging_mixin.py:151} INFO - [2025-04-22T11:14:44.548+0000] {dag.py:3722} INFO - Setting next_dagrun for extract_exchange_rates to 2025-04-22T00:00:00+00:00, run_after=2025-04-23T00:00:00+00:00
[2025-04-22T11:14:44.563+0000] {processor.py:179} INFO - Processing /opt/airflow/dags/extract_exchange_rates.py took 0.061 seconds
[2025-04-22T15:57:06.527+0000] {processor.py:157} INFO - Started process (PID=175) to work on /opt/airflow/dags/extract_exchange_rates.py
[2025-04-22T15:57:06.529+0000] {processor.py:829} INFO - Processing file /opt/airflow/dags/extract_exchange_rates.py for tasks to queue
[2025-04-22T15:57:06.530+0000] {logging_mixin.py:151} INFO - [2025-04-22T15:57:06.530+0000] {dagbag.py:536} INFO - Filling up the DagBag from /opt/airflow/dags/extract_exchange_rates.py
[2025-04-22T15:57:06.539+0000] {processor.py:839} INFO - DAG(s) dict_keys(['extract_exchange_rates']) retrieved from /opt/airflow/dags/extract_exchange_rates.py
[2025-04-22T15:57:06.555+0000] {logging_mixin.py:151} INFO - [2025-04-22T15:57:06.555+0000] {dag.py:2941} INFO - Sync 1 DAGs
[2025-04-22T15:57:06.571+0000] {logging_mixin.py:151} INFO - [2025-04-22T15:57:06.571+0000] {dag.py:3722} INFO - Setting next_dagrun for extract_exchange_rates to 2025-04-22T00:00:00+00:00, run_after=2025-04-23T00:00:00+00:00
[2025-04-22T15:57:06.590+0000] {processor.py:179} INFO - Processing /opt/airflow/dags/extract_exchange_rates.py took 0.064 seconds
[2025-04-22T15:57:36.788+0000] {processor.py:157} INFO - Started process (PID=206) to work on /opt/airflow/dags/extract_exchange_rates.py
[2025-04-22T15:57:36.789+0000] {processor.py:829} INFO - Processing file /opt/airflow/dags/extract_exchange_rates.py for tasks to queue
[2025-04-22T15:57:36.789+0000] {logging_mixin.py:151} INFO - [2025-04-22T15:57:36.789+0000] {dagbag.py:536} INFO - Filling up the DagBag from /opt/airflow/dags/extract_exchange_rates.py
[2025-04-22T15:57:36.799+0000] {processor.py:839} INFO - DAG(s) dict_keys(['extract_exchange_rates']) retrieved from /opt/airflow/dags/extract_exchange_rates.py
[2025-04-22T15:57:36.813+0000] {logging_mixin.py:151} INFO - [2025-04-22T15:57:36.813+0000] {dag.py:2941} INFO - Sync 1 DAGs
[2025-04-22T15:57:36.824+0000] {logging_mixin.py:151} INFO - [2025-04-22T15:57:36.824+0000] {dag.py:3722} INFO - Setting next_dagrun for extract_exchange_rates to 2025-04-22T00:00:00+00:00, run_after=2025-04-23T00:00:00+00:00
[2025-04-22T15:57:36.831+0000] {processor.py:179} INFO - Processing /opt/airflow/dags/extract_exchange_rates.py took 0.046 seconds
[2025-04-22T15:58:07.009+0000] {processor.py:157} INFO - Started process (PID=211) to work on /opt/airflow/dags/extract_exchange_rates.py
[2025-04-22T15:58:07.009+0000] {processor.py:829} INFO - Processing file /opt/airflow/dags/extract_exchange_rates.py for tasks to queue
[2025-04-22T15:58:07.010+0000] {logging_mixin.py:151} INFO - [2025-04-22T15:58:07.009+0000] {dagbag.py:536} INFO - Filling up the DagBag from /opt/airflow/dags/extract_exchange_rates.py
[2025-04-22T15:58:07.017+0000] {processor.py:839} INFO - DAG(s) dict_keys(['extract_exchange_rates']) retrieved from /opt/airflow/dags/extract_exchange_rates.py
[2025-04-22T15:58:07.030+0000] {logging_mixin.py:151} INFO - [2025-04-22T15:58:07.030+0000] {dag.py:2941} INFO - Sync 1 DAGs
[2025-04-22T15:58:07.041+0000] {logging_mixin.py:151} INFO - [2025-04-22T15:58:07.040+0000] {dag.py:3722} INFO - Setting next_dagrun for extract_exchange_rates to 2025-04-22T00:00:00+00:00, run_after=2025-04-23T00:00:00+00:00
[2025-04-22T15:58:07.048+0000] {processor.py:179} INFO - Processing /opt/airflow/dags/extract_exchange_rates.py took 0.040 seconds
[2025-04-22T15:58:37.233+0000] {processor.py:157} INFO - Started process (PID=216) to work on /opt/airflow/dags/extract_exchange_rates.py
[2025-04-22T15:58:37.233+0000] {processor.py:829} INFO - Processing file /opt/airflow/dags/extract_exchange_rates.py for tasks to queue
[2025-04-22T15:58:37.234+0000] {logging_mixin.py:151} INFO - [2025-04-22T15:58:37.234+0000] {dagbag.py:536} INFO - Filling up the DagBag from /opt/airflow/dags/extract_exchange_rates.py
[2025-04-22T15:58:37.242+0000] {processor.py:839} INFO - DAG(s) dict_keys(['extract_exchange_rates']) retrieved from /opt/airflow/dags/extract_exchange_rates.py
[2025-04-22T15:58:37.256+0000] {logging_mixin.py:151} INFO - [2025-04-22T15:58:37.256+0000] {dag.py:2941} INFO - Sync 1 DAGs
[2025-04-22T15:58:37.266+0000] {logging_mixin.py:151} INFO - [2025-04-22T15:58:37.266+0000] {dag.py:3722} INFO - Setting next_dagrun for extract_exchange_rates to 2025-04-22T00:00:00+00:00, run_after=2025-04-23T00:00:00+00:00
[2025-04-22T15:58:37.273+0000] {processor.py:179} INFO - Processing /opt/airflow/dags/extract_exchange_rates.py took 0.042 seconds
[2025-04-22T15:59:07.497+0000] {processor.py:157} INFO - Started process (PID=221) to work on /opt/airflow/dags/extract_exchange_rates.py
[2025-04-22T15:59:07.498+0000] {processor.py:829} INFO - Processing file /opt/airflow/dags/extract_exchange_rates.py for tasks to queue
[2025-04-22T15:59:07.499+0000] {logging_mixin.py:151} INFO - [2025-04-22T15:59:07.499+0000] {dagbag.py:536} INFO - Filling up the DagBag from /opt/airflow/dags/extract_exchange_rates.py
[2025-04-22T15:59:07.508+0000] {processor.py:839} INFO - DAG(s) dict_keys(['extract_exchange_rates']) retrieved from /opt/airflow/dags/extract_exchange_rates.py
[2025-04-22T15:59:07.520+0000] {logging_mixin.py:151} INFO - [2025-04-22T15:59:07.520+0000] {dag.py:2941} INFO - Sync 1 DAGs
[2025-04-22T15:59:07.530+0000] {logging_mixin.py:151} INFO - [2025-04-22T15:59:07.530+0000] {dag.py:3722} INFO - Setting next_dagrun for extract_exchange_rates to 2025-04-22T00:00:00+00:00, run_after=2025-04-23T00:00:00+00:00
[2025-04-22T15:59:07.538+0000] {processor.py:179} INFO - Processing /opt/airflow/dags/extract_exchange_rates.py took 0.042 seconds
