[2025-04-03T10:53:26.130+0000] {taskinstance.py:1159} INFO - Dependencies all met for dep_context=non-requeueable deps ti=<TaskInstance: extract_exchange_rates.transform_data scheduled__2025-04-02T00:00:00+00:00 [queued]>
[2025-04-03T10:53:26.137+0000] {taskinstance.py:1159} INFO - Dependencies all met for dep_context=requeueable deps ti=<TaskInstance: extract_exchange_rates.transform_data scheduled__2025-04-02T00:00:00+00:00 [queued]>
[2025-04-03T10:53:26.137+0000] {taskinstance.py:1361} INFO - Starting attempt 1 of 2
[2025-04-03T10:53:26.147+0000] {taskinstance.py:1382} INFO - Executing <Task(_PythonDecoratedOperator): transform_data> on 2025-04-02 00:00:00+00:00
[2025-04-03T10:53:26.151+0000] {standard_task_runner.py:57} INFO - Started process 193 to run task
[2025-04-03T10:53:26.153+0000] {standard_task_runner.py:84} INFO - Running: ['***', 'tasks', 'run', 'extract_exchange_rates', 'transform_data', 'scheduled__2025-04-02T00:00:00+00:00', '--job-id', '189', '--raw', '--subdir', 'DAGS_FOLDER/extract_exchange_rates.py', '--cfg-path', '/tmp/tmpb696iycw']
[2025-04-03T10:53:26.160+0000] {standard_task_runner.py:85} INFO - Job 189: Subtask transform_data
[2025-04-03T10:53:26.171+0000] {logging_mixin.py:151} WARNING - /home/***/.local/lib/python3.8/site-packages/***/settings.py:193 DeprecationWarning: The sql_alchemy_conn option in [core] has been moved to the sql_alchemy_conn option in [database] - the old setting has been used, but please update your config.
[2025-04-03T10:53:26.193+0000] {task_command.py:416} INFO - Running <TaskInstance: extract_exchange_rates.transform_data scheduled__2025-04-02T00:00:00+00:00 [running]> on host de1906db76ec
[2025-04-03T10:53:26.284+0000] {taskinstance.py:1662} INFO - Exporting env vars: AIRFLOW_CTX_DAG_OWNER='***' AIRFLOW_CTX_DAG_ID='extract_exchange_rates' AIRFLOW_CTX_TASK_ID='transform_data' AIRFLOW_CTX_EXECUTION_DATE='2025-04-02T00:00:00+00:00' AIRFLOW_CTX_TRY_NUMBER='1' AIRFLOW_CTX_DAG_RUN_ID='scheduled__2025-04-02T00:00:00+00:00'
[2025-04-03T10:53:26.285+0000] {taskinstance.py:1937} ERROR - Task failed with exception
Traceback (most recent call last):
  File "/home/airflow/.local/lib/python3.8/site-packages/airflow/decorators/base.py", line 221, in execute
    return_value = super().execute(context)
  File "/home/airflow/.local/lib/python3.8/site-packages/airflow/operators/python.py", line 192, in execute
    return_value = self.execute_callable()
  File "/home/airflow/.local/lib/python3.8/site-packages/airflow/operators/python.py", line 209, in execute_callable
    return self.python_callable(*self.op_args, **self.op_kwargs)
  File "/opt/airflow/dags/extract_exchange_rates.py", line 72, in transform_data
    return process_raw_exchange_rates(raw_data)
  File "/opt/airflow/scripts/transform_data.py", line 12, in process_raw_exchange_rates
    data = json.loads(res_json)
  File "/usr/local/lib/python3.8/json/__init__.py", line 341, in loads
    raise TypeError(f'the JSON object must be str, bytes or bytearray, '
TypeError: the JSON object must be str, bytes or bytearray, not dict
[2025-04-03T10:53:26.292+0000] {taskinstance.py:1400} INFO - Marking task as UP_FOR_RETRY. dag_id=extract_exchange_rates, task_id=transform_data, execution_date=20250402T000000, start_date=20250403T105326, end_date=20250403T105326
[2025-04-03T10:53:26.309+0000] {standard_task_runner.py:104} ERROR - Failed to execute job 189 for task transform_data (the JSON object must be str, bytes or bytearray, not dict; 193)
[2025-04-03T10:53:26.334+0000] {local_task_job_runner.py:228} INFO - Task exited with return code 1
[2025-04-03T10:53:26.367+0000] {taskinstance.py:2778} INFO - 0 downstream tasks scheduled from follow-on schedule check
