[2025-04-10T01:29:57.276+0000] {taskinstance.py:1159} INFO - Dependencies all met for dep_context=non-requeueable deps ti=<TaskInstance: extract_exchange_rates.fetch_data scheduled__2025-04-09T00:00:00+00:00 [queued]>
[2025-04-10T01:29:57.279+0000] {taskinstance.py:1159} INFO - Dependencies all met for dep_context=requeueable deps ti=<TaskInstance: extract_exchange_rates.fetch_data scheduled__2025-04-09T00:00:00+00:00 [queued]>
[2025-04-10T01:29:57.279+0000] {taskinstance.py:1361} INFO - Starting attempt 2 of 2
[2025-04-10T01:29:57.283+0000] {taskinstance.py:1382} INFO - Executing <Task(_PythonDecoratedOperator): fetch_data> on 2025-04-09 00:00:00+00:00
[2025-04-10T01:29:57.284+0000] {standard_task_runner.py:57} INFO - Started process 389 to run task
[2025-04-10T01:29:57.285+0000] {standard_task_runner.py:84} INFO - Running: ['***', 'tasks', 'run', 'extract_exchange_rates', 'fetch_data', 'scheduled__2025-04-09T00:00:00+00:00', '--job-id', '219', '--raw', '--subdir', 'DAGS_FOLDER/extract_exchange_rates.py', '--cfg-path', '/tmp/tmpx0w6sv2j']
[2025-04-10T01:29:57.286+0000] {standard_task_runner.py:85} INFO - Job 219: Subtask fetch_data
[2025-04-10T01:29:57.292+0000] {logging_mixin.py:151} WARNING - /home/***/.local/lib/python3.8/site-packages/***/settings.py:193 DeprecationWarning: The sql_alchemy_conn option in [core] has been moved to the sql_alchemy_conn option in [database] - the old setting has been used, but please update your config.
[2025-04-10T01:29:57.302+0000] {task_command.py:416} INFO - Running <TaskInstance: extract_exchange_rates.fetch_data scheduled__2025-04-09T00:00:00+00:00 [running]> on host de1906db76ec
[2025-04-10T01:29:57.328+0000] {taskinstance.py:1662} INFO - Exporting env vars: AIRFLOW_CTX_DAG_OWNER='***' AIRFLOW_CTX_DAG_ID='extract_exchange_rates' AIRFLOW_CTX_TASK_ID='fetch_data' AIRFLOW_CTX_EXECUTION_DATE='2025-04-09T00:00:00+00:00' AIRFLOW_CTX_TRY_NUMBER='2' AIRFLOW_CTX_DAG_RUN_ID='scheduled__2025-04-09T00:00:00+00:00'
[2025-04-10T01:29:57.332+0000] {taskinstance.py:1937} ERROR - Task failed with exception
Traceback (most recent call last):
  File "/home/airflow/.local/lib/python3.8/site-packages/urllib3/connection.py", line 174, in _new_conn
    conn = connection.create_connection(
  File "/home/airflow/.local/lib/python3.8/site-packages/urllib3/util/connection.py", line 72, in create_connection
    for res in socket.getaddrinfo(host, port, family, socket.SOCK_STREAM):
  File "/usr/local/lib/python3.8/socket.py", line 918, in getaddrinfo
    for res in _socket.getaddrinfo(host, port, family, type, proto, flags):
socket.gaierror: [Errno -2] Name or service not known

During handling of the above exception, another exception occurred:

Traceback (most recent call last):
  File "/home/airflow/.local/lib/python3.8/site-packages/urllib3/connectionpool.py", line 714, in urlopen
    httplib_response = self._make_request(
  File "/home/airflow/.local/lib/python3.8/site-packages/urllib3/connectionpool.py", line 403, in _make_request
    self._validate_conn(conn)
  File "/home/airflow/.local/lib/python3.8/site-packages/urllib3/connectionpool.py", line 1053, in _validate_conn
    conn.connect()
  File "/home/airflow/.local/lib/python3.8/site-packages/urllib3/connection.py", line 363, in connect
    self.sock = conn = self._new_conn()
  File "/home/airflow/.local/lib/python3.8/site-packages/urllib3/connection.py", line 186, in _new_conn
    raise NewConnectionError(
urllib3.exceptions.NewConnectionError: <urllib3.connection.HTTPSConnection object at 0xffffa2b148e0>: Failed to establish a new connection: [Errno -2] Name or service not known

During handling of the above exception, another exception occurred:

Traceback (most recent call last):
  File "/home/airflow/.local/lib/python3.8/site-packages/requests/adapters.py", line 486, in send
    resp = conn.urlopen(
  File "/home/airflow/.local/lib/python3.8/site-packages/urllib3/connectionpool.py", line 798, in urlopen
    retries = retries.increment(
  File "/home/airflow/.local/lib/python3.8/site-packages/urllib3/util/retry.py", line 592, in increment
    raise MaxRetryError(_pool, url, error or ResponseError(cause))
urllib3.exceptions.MaxRetryError: HTTPSConnectionPool(host='api.apilayer.com', port=443): Max retries exceeded with url: /currency_data/live?apikey=xJQeo49HfpyrRtv59wCxdGPBtEKrG3XR (Caused by NewConnectionError('<urllib3.connection.HTTPSConnection object at 0xffffa2b148e0>: Failed to establish a new connection: [Errno -2] Name or service not known'))

During handling of the above exception, another exception occurred:

Traceback (most recent call last):
  File "/home/airflow/.local/lib/python3.8/site-packages/airflow/decorators/base.py", line 221, in execute
    return_value = super().execute(context)
  File "/home/airflow/.local/lib/python3.8/site-packages/airflow/operators/python.py", line 192, in execute
    return_value = self.execute_callable()
  File "/home/airflow/.local/lib/python3.8/site-packages/airflow/operators/python.py", line 209, in execute_callable
    return self.python_callable(*self.op_args, **self.op_kwargs)
  File "/opt/airflow/dags/extract_exchange_rates.py", line 61, in fetch_data
    raw_data = fetch_exchange_rates()
  File "/opt/airflow/scripts/api_currency.py", line 20, in fetch_exchange_rates
    response = requests.get(url, headers)
  File "/home/airflow/.local/lib/python3.8/site-packages/requests/api.py", line 73, in get
    return request("get", url, params=params, **kwargs)
  File "/home/airflow/.local/lib/python3.8/site-packages/requests/api.py", line 59, in request
    return session.request(method=method, url=url, **kwargs)
  File "/home/airflow/.local/lib/python3.8/site-packages/requests/sessions.py", line 589, in request
    resp = self.send(prep, **send_kwargs)
  File "/home/airflow/.local/lib/python3.8/site-packages/requests/sessions.py", line 703, in send
    r = adapter.send(request, **kwargs)
  File "/home/airflow/.local/lib/python3.8/site-packages/requests/adapters.py", line 519, in send
    raise ConnectionError(e, request=request)
requests.exceptions.ConnectionError: HTTPSConnectionPool(host='api.apilayer.com', port=443): Max retries exceeded with url: /currency_data/live?apikey=xJQeo49HfpyrRtv59wCxdGPBtEKrG3XR (Caused by NewConnectionError('<urllib3.connection.HTTPSConnection object at 0xffffa2b148e0>: Failed to establish a new connection: [Errno -2] Name or service not known'))
[2025-04-10T01:29:57.336+0000] {taskinstance.py:1400} INFO - Marking task as FAILED. dag_id=extract_exchange_rates, task_id=fetch_data, execution_date=20250409T000000, start_date=20250410T012957, end_date=20250410T012957
[2025-04-10T01:29:57.339+0000] {standard_task_runner.py:104} ERROR - Failed to execute job 219 for task fetch_data (HTTPSConnectionPool(host='api.apilayer.com', port=443): Max retries exceeded with url: /currency_data/live?apikey=xJQeo49HfpyrRtv59wCxdGPBtEKrG3XR (Caused by NewConnectionError('<urllib3.connection.HTTPSConnection object at 0xffffa2b148e0>: Failed to establish a new connection: [Errno -2] Name or service not known')); 389)
[2025-04-10T01:29:57.345+0000] {local_task_job_runner.py:228} INFO - Task exited with return code 1
[2025-04-10T01:29:57.353+0000] {taskinstance.py:2778} INFO - 0 downstream tasks scheduled from follow-on schedule check
