[2025-02-28T16:17:41.644+0000] {taskinstance.py:1159} INFO - Dependencies all met for dep_context=non-requeueable deps ti=<TaskInstance: extract_exchange_rates.transform_data manual__2025-02-28T16:12:36+00:00 [queued]>
[2025-02-28T16:17:41.647+0000] {taskinstance.py:1159} INFO - Dependencies all met for dep_context=requeueable deps ti=<TaskInstance: extract_exchange_rates.transform_data manual__2025-02-28T16:12:36+00:00 [queued]>
[2025-02-28T16:17:41.647+0000] {taskinstance.py:1361} INFO - Starting attempt 2 of 2
[2025-02-28T16:17:41.652+0000] {taskinstance.py:1382} INFO - Executing <Task(_PythonDecoratedOperator): transform_data> on 2025-02-28 16:12:36+00:00
[2025-02-28T16:17:41.653+0000] {standard_task_runner.py:57} INFO - Started process 284 to run task
[2025-02-28T16:17:41.654+0000] {standard_task_runner.py:84} INFO - Running: ['***', 'tasks', 'run', 'extract_exchange_rates', 'transform_data', 'manual__2025-02-28T16:12:36+00:00', '--job-id', '40', '--raw', '--subdir', 'DAGS_FOLDER/extract_exchange_rates.py', '--cfg-path', '/tmp/tmp4w6xvmc7']
[2025-02-28T16:17:41.655+0000] {standard_task_runner.py:85} INFO - Job 40: Subtask transform_data
[2025-02-28T16:17:41.661+0000] {logging_mixin.py:151} WARNING - /home/***/.local/lib/python3.8/site-packages/***/settings.py:193 DeprecationWarning: The sql_alchemy_conn option in [core] has been moved to the sql_alchemy_conn option in [database] - the old setting has been used, but please update your config.
[2025-02-28T16:17:41.671+0000] {task_command.py:416} INFO - Running <TaskInstance: extract_exchange_rates.transform_data manual__2025-02-28T16:12:36+00:00 [running]> on host de1906db76ec
[2025-02-28T16:17:41.699+0000] {taskinstance.py:1662} INFO - Exporting env vars: AIRFLOW_CTX_DAG_OWNER='***' AIRFLOW_CTX_DAG_ID='extract_exchange_rates' AIRFLOW_CTX_TASK_ID='transform_data' AIRFLOW_CTX_EXECUTION_DATE='2025-02-28T16:12:36+00:00' AIRFLOW_CTX_TRY_NUMBER='2' AIRFLOW_CTX_DAG_RUN_ID='manual__2025-02-28T16:12:36+00:00'
[2025-02-28T16:17:41.699+0000] {taskinstance.py:1937} ERROR - Task failed with exception
Traceback (most recent call last):
  File "/home/airflow/.local/lib/python3.8/site-packages/airflow/decorators/base.py", line 221, in execute
    return_value = super().execute(context)
  File "/home/airflow/.local/lib/python3.8/site-packages/airflow/operators/python.py", line 192, in execute
    return_value = self.execute_callable()
  File "/home/airflow/.local/lib/python3.8/site-packages/airflow/operators/python.py", line 209, in execute_callable
    return self.python_callable(*self.op_args, **self.op_kwargs)
  File "/opt/airflow/dags/extract_exchange_rates.py", line 72, in transform_data
    return process_raw_exchange_rates(raw_data)
  File "/opt/airflow/scripts/transform_data.py", line 10, in process_raw_exchange_rates
    for res_json, retrieved_at in raw_data:
TypeError: 'NoneType' object is not iterable
[2025-02-28T16:17:41.702+0000] {taskinstance.py:1400} INFO - Marking task as FAILED. dag_id=extract_exchange_rates, task_id=transform_data, execution_date=20250228T161236, start_date=20250228T161741, end_date=20250228T161741
[2025-02-28T16:17:41.705+0000] {standard_task_runner.py:104} ERROR - Failed to execute job 40 for task transform_data ('NoneType' object is not iterable; 284)
[2025-02-28T16:17:41.713+0000] {local_task_job_runner.py:228} INFO - Task exited with return code 1
[2025-02-28T16:17:41.722+0000] {taskinstance.py:2778} INFO - 0 downstream tasks scheduled from follow-on schedule check
