[2025-03-09T19:59:38.060+0000] {taskinstance.py:1159} INFO - Dependencies all met for dep_context=non-requeueable deps ti=<TaskInstance: extract_exchange_rates.transform_data scheduled__2025-03-01T00:00:00+00:00 [queued]>
[2025-03-09T19:59:38.064+0000] {taskinstance.py:1159} INFO - Dependencies all met for dep_context=requeueable deps ti=<TaskInstance: extract_exchange_rates.transform_data scheduled__2025-03-01T00:00:00+00:00 [queued]>
[2025-03-09T19:59:38.064+0000] {taskinstance.py:1361} INFO - Starting attempt 2 of 2
[2025-03-09T19:59:38.070+0000] {taskinstance.py:1382} INFO - Executing <Task(_PythonDecoratedOperator): transform_data> on 2025-03-01 00:00:00+00:00
[2025-03-09T19:59:38.071+0000] {standard_task_runner.py:57} INFO - Started process 186 to run task
[2025-03-09T19:59:38.073+0000] {standard_task_runner.py:84} INFO - Running: ['***', 'tasks', 'run', 'extract_exchange_rates', 'transform_data', 'scheduled__2025-03-01T00:00:00+00:00', '--job-id', '68', '--raw', '--subdir', 'DAGS_FOLDER/extract_exchange_rates.py', '--cfg-path', '/tmp/tmp0g3nk_uy']
[2025-03-09T19:59:38.078+0000] {standard_task_runner.py:85} INFO - Job 68: Subtask transform_data
[2025-03-09T19:59:38.086+0000] {logging_mixin.py:151} WARNING - /home/***/.local/lib/python3.8/site-packages/***/settings.py:193 DeprecationWarning: The sql_alchemy_conn option in [core] has been moved to the sql_alchemy_conn option in [database] - the old setting has been used, but please update your config.
[2025-03-09T19:59:38.104+0000] {task_command.py:416} INFO - Running <TaskInstance: extract_exchange_rates.transform_data scheduled__2025-03-01T00:00:00+00:00 [running]> on host de1906db76ec
[2025-03-09T19:59:38.147+0000] {taskinstance.py:1662} INFO - Exporting env vars: AIRFLOW_CTX_DAG_OWNER='***' AIRFLOW_CTX_DAG_ID='extract_exchange_rates' AIRFLOW_CTX_TASK_ID='transform_data' AIRFLOW_CTX_EXECUTION_DATE='2025-03-01T00:00:00+00:00' AIRFLOW_CTX_TRY_NUMBER='2' AIRFLOW_CTX_DAG_RUN_ID='scheduled__2025-03-01T00:00:00+00:00'
[2025-03-09T19:59:38.148+0000] {taskinstance.py:1937} ERROR - Task failed with exception
Traceback (most recent call last):
  File "/home/airflow/.local/lib/python3.8/site-packages/airflow/decorators/base.py", line 221, in execute
    return_value = super().execute(context)
  File "/home/airflow/.local/lib/python3.8/site-packages/airflow/operators/python.py", line 192, in execute
    return_value = self.execute_callable()
  File "/home/airflow/.local/lib/python3.8/site-packages/airflow/operators/python.py", line 209, in execute_callable
    return self.python_callable(*self.op_args, **self.op_kwargs)
  File "/opt/airflow/dags/extract_exchange_rates.py", line 72, in transform_data
    return process_raw_exchange_rates(raw_data)
  File "/opt/airflow/scripts/transform_data.py", line 12, in process_raw_exchange_rates
    data = json.loads(res_json)
  File "/usr/local/lib/python3.8/json/__init__.py", line 341, in loads
    raise TypeError(f'the JSON object must be str, bytes or bytearray, '
TypeError: the JSON object must be str, bytes or bytearray, not dict
[2025-03-09T19:59:38.153+0000] {taskinstance.py:1400} INFO - Marking task as FAILED. dag_id=extract_exchange_rates, task_id=transform_data, execution_date=20250301T000000, start_date=20250309T195938, end_date=20250309T195938
[2025-03-09T19:59:38.158+0000] {standard_task_runner.py:104} ERROR - Failed to execute job 68 for task transform_data (the JSON object must be str, bytes or bytearray, not dict; 186)
[2025-03-09T19:59:38.172+0000] {local_task_job_runner.py:228} INFO - Task exited with return code 1
[2025-03-09T19:59:38.182+0000] {taskinstance.py:2778} INFO - 0 downstream tasks scheduled from follow-on schedule check
