[2025-04-20T20:26:19.291+0000] {taskinstance.py:1159} INFO - Dependencies all met for dep_context=non-requeueable deps ti=<TaskInstance: extract_exchange_rates.transform_data scheduled__2025-04-19T00:00:00+00:00 [queued]>
[2025-04-20T20:26:19.299+0000] {taskinstance.py:1159} INFO - Dependencies all met for dep_context=requeueable deps ti=<TaskInstance: extract_exchange_rates.transform_data scheduled__2025-04-19T00:00:00+00:00 [queued]>
[2025-04-20T20:26:19.299+0000] {taskinstance.py:1361} INFO - Starting attempt 1 of 2
[2025-04-20T20:26:19.305+0000] {taskinstance.py:1382} INFO - Executing <Task(_PythonDecoratedOperator): transform_data> on 2025-04-19 00:00:00+00:00
[2025-04-20T20:26:19.307+0000] {standard_task_runner.py:57} INFO - Started process 185 to run task
[2025-04-20T20:26:19.308+0000] {standard_task_runner.py:84} INFO - Running: ['***', 'tasks', 'run', 'extract_exchange_rates', 'transform_data', 'scheduled__2025-04-19T00:00:00+00:00', '--job-id', '237', '--raw', '--subdir', 'DAGS_FOLDER/extract_exchange_rates.py', '--cfg-path', '/tmp/tmp4i2vywn3']
[2025-04-20T20:26:19.310+0000] {standard_task_runner.py:85} INFO - Job 237: Subtask transform_data
[2025-04-20T20:26:19.319+0000] {logging_mixin.py:151} WARNING - /home/***/.local/lib/python3.8/site-packages/***/settings.py:193 DeprecationWarning: The sql_alchemy_conn option in [core] has been moved to the sql_alchemy_conn option in [database] - the old setting has been used, but please update your config.
[2025-04-20T20:26:19.345+0000] {task_command.py:416} INFO - Running <TaskInstance: extract_exchange_rates.transform_data scheduled__2025-04-19T00:00:00+00:00 [running]> on host de1906db76ec
[2025-04-20T20:26:19.413+0000] {taskinstance.py:1662} INFO - Exporting env vars: AIRFLOW_CTX_DAG_OWNER='***' AIRFLOW_CTX_DAG_ID='extract_exchange_rates' AIRFLOW_CTX_TASK_ID='transform_data' AIRFLOW_CTX_EXECUTION_DATE='2025-04-19T00:00:00+00:00' AIRFLOW_CTX_TRY_NUMBER='1' AIRFLOW_CTX_DAG_RUN_ID='scheduled__2025-04-19T00:00:00+00:00'
[2025-04-20T20:26:19.415+0000] {taskinstance.py:1937} ERROR - Task failed with exception
Traceback (most recent call last):
  File "/home/airflow/.local/lib/python3.8/site-packages/airflow/decorators/base.py", line 221, in execute
    return_value = super().execute(context)
  File "/home/airflow/.local/lib/python3.8/site-packages/airflow/operators/python.py", line 192, in execute
    return_value = self.execute_callable()
  File "/home/airflow/.local/lib/python3.8/site-packages/airflow/operators/python.py", line 209, in execute_callable
    return self.python_callable(*self.op_args, **self.op_kwargs)
  File "/opt/airflow/dags/extract_exchange_rates.py", line 72, in transform_data
    return process_raw_exchange_rates(raw_data)
  File "/opt/airflow/scripts/transform_data.py", line 12, in process_raw_exchange_rates
    data = json.loads(res_json)
  File "/usr/local/lib/python3.8/json/__init__.py", line 341, in loads
    raise TypeError(f'the JSON object must be str, bytes or bytearray, '
TypeError: the JSON object must be str, bytes or bytearray, not dict
[2025-04-20T20:26:19.425+0000] {taskinstance.py:1400} INFO - Marking task as UP_FOR_RETRY. dag_id=extract_exchange_rates, task_id=transform_data, execution_date=20250419T000000, start_date=20250420T202619, end_date=20250420T202619
[2025-04-20T20:26:19.432+0000] {standard_task_runner.py:104} ERROR - Failed to execute job 237 for task transform_data (the JSON object must be str, bytes or bytearray, not dict; 185)
[2025-04-20T20:26:19.447+0000] {local_task_job_runner.py:228} INFO - Task exited with return code 1
[2025-04-20T20:26:19.460+0000] {taskinstance.py:2778} INFO - 0 downstream tasks scheduled from follow-on schedule check
