[2025-04-14T12:23:38.913+0000] {taskinstance.py:1159} INFO - Dependencies all met for dep_context=non-requeueable deps ti=<TaskInstance: extract_exchange_rates.fetch_data scheduled__2025-04-13T00:00:00+00:00 [queued]>
[2025-04-14T12:23:38.915+0000] {taskinstance.py:1159} INFO - Dependencies all met for dep_context=requeueable deps ti=<TaskInstance: extract_exchange_rates.fetch_data scheduled__2025-04-13T00:00:00+00:00 [queued]>
[2025-04-14T12:23:38.915+0000] {taskinstance.py:1361} INFO - Starting attempt 2 of 2
[2025-04-14T12:23:38.920+0000] {taskinstance.py:1382} INFO - Executing <Task(_PythonDecoratedOperator): fetch_data> on 2025-04-13 00:00:00+00:00
[2025-04-14T12:23:38.921+0000] {standard_task_runner.py:57} INFO - Started process 276 to run task
[2025-04-14T12:23:38.923+0000] {standard_task_runner.py:84} INFO - Running: ['***', 'tasks', 'run', 'extract_exchange_rates', 'fetch_data', 'scheduled__2025-04-13T00:00:00+00:00', '--job-id', '227', '--raw', '--subdir', 'DAGS_FOLDER/extract_exchange_rates.py', '--cfg-path', '/tmp/tmpmzqlzgeu']
[2025-04-14T12:23:38.924+0000] {standard_task_runner.py:85} INFO - Job 227: Subtask fetch_data
[2025-04-14T12:23:38.930+0000] {logging_mixin.py:151} WARNING - /home/***/.local/lib/python3.8/site-packages/***/settings.py:193 DeprecationWarning: The sql_alchemy_conn option in [core] has been moved to the sql_alchemy_conn option in [database] - the old setting has been used, but please update your config.
[2025-04-14T12:23:38.941+0000] {task_command.py:416} INFO - Running <TaskInstance: extract_exchange_rates.fetch_data scheduled__2025-04-13T00:00:00+00:00 [running]> on host de1906db76ec
[2025-04-14T12:23:38.969+0000] {taskinstance.py:1662} INFO - Exporting env vars: AIRFLOW_CTX_DAG_OWNER='***' AIRFLOW_CTX_DAG_ID='extract_exchange_rates' AIRFLOW_CTX_TASK_ID='fetch_data' AIRFLOW_CTX_EXECUTION_DATE='2025-04-13T00:00:00+00:00' AIRFLOW_CTX_TRY_NUMBER='2' AIRFLOW_CTX_DAG_RUN_ID='scheduled__2025-04-13T00:00:00+00:00'
[2025-04-14T12:25:12.366+0000] {taskinstance.py:1937} ERROR - Task failed with exception
Traceback (most recent call last):
  File "/home/airflow/.local/lib/python3.8/site-packages/airflow/decorators/base.py", line 221, in execute
    return_value = super().execute(context)
  File "/home/airflow/.local/lib/python3.8/site-packages/airflow/operators/python.py", line 192, in execute
    return_value = self.execute_callable()
  File "/home/airflow/.local/lib/python3.8/site-packages/airflow/operators/python.py", line 209, in execute_callable
    return self.python_callable(*self.op_args, **self.op_kwargs)
  File "/opt/airflow/dags/extract_exchange_rates.py", line 61, in fetch_data
    raw_data = fetch_exchange_rates()
  File "/opt/airflow/scripts/api_currency.py", line 27, in fetch_exchange_rates
    raise Exception(f"API Error: {response.status_code} / {response.text} ")
Exception: API Error: 502 / <html>
<head><title>502 Bad Gateway</title></head>
<body>
<center><h1>502 Bad Gateway</h1></center>
<hr><center>cloudflare</center>
</body>
</html>
 
[2025-04-14T12:25:12.379+0000] {taskinstance.py:1400} INFO - Marking task as FAILED. dag_id=extract_exchange_rates, task_id=fetch_data, execution_date=20250413T000000, start_date=20250414T122338, end_date=20250414T122512
[2025-04-14T12:25:12.388+0000] {standard_task_runner.py:104} ERROR - Failed to execute job 227 for task fetch_data (API Error: 502 / <html>
<head><title>502 Bad Gateway</title></head>
<body>
<center><h1>502 Bad Gateway</h1></center>
<hr><center>cloudflare</center>
</body>
</html>
 ; 276)
[2025-04-14T12:25:12.431+0000] {local_task_job_runner.py:228} INFO - Task exited with return code 1
[2025-04-14T12:25:12.445+0000] {taskinstance.py:2778} INFO - 0 downstream tasks scheduled from follow-on schedule check
