[2025-03-31T10:41:33.638+0000] {taskinstance.py:1159} INFO - Dependencies all met for dep_context=non-requeueable deps ti=<TaskInstance: extract_exchange_rates.transform_data scheduled__2025-03-29T00:00:00+00:00 [queued]>
[2025-03-31T10:41:33.643+0000] {taskinstance.py:1159} INFO - Dependencies all met for dep_context=requeueable deps ti=<TaskInstance: extract_exchange_rates.transform_data scheduled__2025-03-29T00:00:00+00:00 [queued]>
[2025-03-31T10:41:33.643+0000] {taskinstance.py:1361} INFO - Starting attempt 2 of 2
[2025-03-31T10:41:33.646+0000] {local_task_job_runner.py:115} ERROR - Received SIGTERM. Terminating subprocesses
[2025-04-01T11:13:53.418+0000] {taskinstance.py:1159} INFO - Dependencies all met for dep_context=non-requeueable deps ti=<TaskInstance: extract_exchange_rates.transform_data scheduled__2025-03-29T00:00:00+00:00 [queued]>
[2025-04-01T11:13:53.422+0000] {taskinstance.py:1159} INFO - Dependencies all met for dep_context=requeueable deps ti=<TaskInstance: extract_exchange_rates.transform_data scheduled__2025-03-29T00:00:00+00:00 [queued]>
[2025-04-01T11:13:53.422+0000] {taskinstance.py:1361} INFO - Starting attempt 2 of 2
[2025-04-01T11:13:53.429+0000] {taskinstance.py:1382} INFO - Executing <Task(_PythonDecoratedOperator): transform_data> on 2025-03-29 00:00:00+00:00
[2025-04-01T11:13:53.433+0000] {standard_task_runner.py:57} INFO - Started process 189 to run task
[2025-04-01T11:13:53.436+0000] {standard_task_runner.py:84} INFO - Running: ['***', 'tasks', 'run', 'extract_exchange_rates', 'transform_data', 'scheduled__2025-03-29T00:00:00+00:00', '--job-id', '169', '--raw', '--subdir', 'DAGS_FOLDER/extract_exchange_rates.py', '--cfg-path', '/tmp/tmpgvtveg91']
[2025-04-01T11:13:53.438+0000] {standard_task_runner.py:85} INFO - Job 169: Subtask transform_data
[2025-04-01T11:13:53.452+0000] {logging_mixin.py:151} WARNING - /home/***/.local/lib/python3.8/site-packages/***/settings.py:193 DeprecationWarning: The sql_alchemy_conn option in [core] has been moved to the sql_alchemy_conn option in [database] - the old setting has been used, but please update your config.
[2025-04-01T11:13:53.479+0000] {task_command.py:416} INFO - Running <TaskInstance: extract_exchange_rates.transform_data scheduled__2025-03-29T00:00:00+00:00 [running]> on host de1906db76ec
[2025-04-01T11:13:53.548+0000] {taskinstance.py:1662} INFO - Exporting env vars: AIRFLOW_CTX_DAG_OWNER='***' AIRFLOW_CTX_DAG_ID='extract_exchange_rates' AIRFLOW_CTX_TASK_ID='transform_data' AIRFLOW_CTX_EXECUTION_DATE='2025-03-29T00:00:00+00:00' AIRFLOW_CTX_TRY_NUMBER='2' AIRFLOW_CTX_DAG_RUN_ID='scheduled__2025-03-29T00:00:00+00:00'
[2025-04-01T11:13:53.550+0000] {taskinstance.py:1937} ERROR - Task failed with exception
Traceback (most recent call last):
  File "/home/airflow/.local/lib/python3.8/site-packages/airflow/decorators/base.py", line 221, in execute
    return_value = super().execute(context)
  File "/home/airflow/.local/lib/python3.8/site-packages/airflow/operators/python.py", line 192, in execute
    return_value = self.execute_callable()
  File "/home/airflow/.local/lib/python3.8/site-packages/airflow/operators/python.py", line 209, in execute_callable
    return self.python_callable(*self.op_args, **self.op_kwargs)
  File "/opt/airflow/dags/extract_exchange_rates.py", line 72, in transform_data
    return process_raw_exchange_rates(raw_data)
  File "/opt/airflow/scripts/transform_data.py", line 12, in process_raw_exchange_rates
    data = json.loads(res_json)
  File "/usr/local/lib/python3.8/json/__init__.py", line 341, in loads
    raise TypeError(f'the JSON object must be str, bytes or bytearray, '
TypeError: the JSON object must be str, bytes or bytearray, not dict
[2025-04-01T11:13:53.556+0000] {taskinstance.py:1400} INFO - Marking task as FAILED. dag_id=extract_exchange_rates, task_id=transform_data, execution_date=20250329T000000, start_date=20250401T111353, end_date=20250401T111353
[2025-04-01T11:13:53.562+0000] {standard_task_runner.py:104} ERROR - Failed to execute job 169 for task transform_data (the JSON object must be str, bytes or bytearray, not dict; 189)
[2025-04-01T11:13:53.574+0000] {local_task_job_runner.py:228} INFO - Task exited with return code 1
[2025-04-01T11:13:53.586+0000] {taskinstance.py:2778} INFO - 0 downstream tasks scheduled from follow-on schedule check
