[2025-03-24T12:11:36.627+0000] {processor.py:157} INFO - Started process (PID=175) to work on /opt/airflow/dags/extract_exchange_rates.py
[2025-03-24T12:11:36.628+0000] {processor.py:829} INFO - Processing file /opt/airflow/dags/extract_exchange_rates.py for tasks to queue
[2025-03-24T12:11:36.630+0000] {logging_mixin.py:151} INFO - [2025-03-24T12:11:36.630+0000] {dagbag.py:536} INFO - Filling up the DagBag from /opt/airflow/dags/extract_exchange_rates.py
[2025-03-24T12:11:36.641+0000] {processor.py:839} INFO - DAG(s) dict_keys(['extract_exchange_rates']) retrieved from /opt/airflow/dags/extract_exchange_rates.py
[2025-03-24T12:11:36.651+0000] {logging_mixin.py:151} INFO - [2025-03-24T12:11:36.651+0000] {dag.py:2941} INFO - Sync 1 DAGs
[2025-03-24T12:11:36.663+0000] {logging_mixin.py:151} INFO - [2025-03-24T12:11:36.662+0000] {dag.py:3722} INFO - Setting next_dagrun for extract_exchange_rates to 2025-03-24T00:00:00+00:00, run_after=2025-03-25T00:00:00+00:00
[2025-03-24T12:11:36.680+0000] {processor.py:179} INFO - Processing /opt/airflow/dags/extract_exchange_rates.py took 0.055 seconds
[2025-03-24T12:12:06.882+0000] {processor.py:157} INFO - Started process (PID=220) to work on /opt/airflow/dags/extract_exchange_rates.py
[2025-03-24T12:12:06.882+0000] {processor.py:829} INFO - Processing file /opt/airflow/dags/extract_exchange_rates.py for tasks to queue
[2025-03-24T12:12:06.883+0000] {logging_mixin.py:151} INFO - [2025-03-24T12:12:06.883+0000] {dagbag.py:536} INFO - Filling up the DagBag from /opt/airflow/dags/extract_exchange_rates.py
[2025-03-24T12:12:06.890+0000] {processor.py:839} INFO - DAG(s) dict_keys(['extract_exchange_rates']) retrieved from /opt/airflow/dags/extract_exchange_rates.py
[2025-03-24T12:12:06.902+0000] {logging_mixin.py:151} INFO - [2025-03-24T12:12:06.902+0000] {dag.py:2941} INFO - Sync 1 DAGs
[2025-03-24T12:12:06.912+0000] {logging_mixin.py:151} INFO - [2025-03-24T12:12:06.912+0000] {dag.py:3722} INFO - Setting next_dagrun for extract_exchange_rates to 2025-03-24T00:00:00+00:00, run_after=2025-03-25T00:00:00+00:00
[2025-03-24T12:12:06.918+0000] {processor.py:179} INFO - Processing /opt/airflow/dags/extract_exchange_rates.py took 0.038 seconds
[2025-03-24T12:12:37.172+0000] {processor.py:157} INFO - Started process (PID=225) to work on /opt/airflow/dags/extract_exchange_rates.py
[2025-03-24T12:12:37.173+0000] {processor.py:829} INFO - Processing file /opt/airflow/dags/extract_exchange_rates.py for tasks to queue
[2025-03-24T12:12:37.173+0000] {logging_mixin.py:151} INFO - [2025-03-24T12:12:37.173+0000] {dagbag.py:536} INFO - Filling up the DagBag from /opt/airflow/dags/extract_exchange_rates.py
[2025-03-24T12:12:37.183+0000] {processor.py:839} INFO - DAG(s) dict_keys(['extract_exchange_rates']) retrieved from /opt/airflow/dags/extract_exchange_rates.py
[2025-03-24T12:12:37.197+0000] {logging_mixin.py:151} INFO - [2025-03-24T12:12:37.197+0000] {dag.py:2941} INFO - Sync 1 DAGs
[2025-03-24T12:12:37.208+0000] {logging_mixin.py:151} INFO - [2025-03-24T12:12:37.208+0000] {dag.py:3722} INFO - Setting next_dagrun for extract_exchange_rates to 2025-03-24T00:00:00+00:00, run_after=2025-03-25T00:00:00+00:00
[2025-03-24T12:12:37.215+0000] {processor.py:179} INFO - Processing /opt/airflow/dags/extract_exchange_rates.py took 0.046 seconds
[2025-03-24T12:13:07.494+0000] {processor.py:157} INFO - Started process (PID=230) to work on /opt/airflow/dags/extract_exchange_rates.py
[2025-03-24T12:13:07.494+0000] {processor.py:829} INFO - Processing file /opt/airflow/dags/extract_exchange_rates.py for tasks to queue
[2025-03-24T12:13:07.495+0000] {logging_mixin.py:151} INFO - [2025-03-24T12:13:07.495+0000] {dagbag.py:536} INFO - Filling up the DagBag from /opt/airflow/dags/extract_exchange_rates.py
[2025-03-24T12:13:07.505+0000] {processor.py:839} INFO - DAG(s) dict_keys(['extract_exchange_rates']) retrieved from /opt/airflow/dags/extract_exchange_rates.py
[2025-03-24T12:13:07.518+0000] {logging_mixin.py:151} INFO - [2025-03-24T12:13:07.518+0000] {dag.py:2941} INFO - Sync 1 DAGs
[2025-03-24T12:13:07.529+0000] {logging_mixin.py:151} INFO - [2025-03-24T12:13:07.528+0000] {dag.py:3722} INFO - Setting next_dagrun for extract_exchange_rates to 2025-03-24T00:00:00+00:00, run_after=2025-03-25T00:00:00+00:00
[2025-03-24T12:13:07.535+0000] {processor.py:179} INFO - Processing /opt/airflow/dags/extract_exchange_rates.py took 0.044 seconds
[2025-03-24T12:13:37.819+0000] {processor.py:157} INFO - Started process (PID=235) to work on /opt/airflow/dags/extract_exchange_rates.py
[2025-03-24T12:13:37.819+0000] {processor.py:829} INFO - Processing file /opt/airflow/dags/extract_exchange_rates.py for tasks to queue
[2025-03-24T12:13:37.820+0000] {logging_mixin.py:151} INFO - [2025-03-24T12:13:37.819+0000] {dagbag.py:536} INFO - Filling up the DagBag from /opt/airflow/dags/extract_exchange_rates.py
[2025-03-24T12:13:37.827+0000] {processor.py:839} INFO - DAG(s) dict_keys(['extract_exchange_rates']) retrieved from /opt/airflow/dags/extract_exchange_rates.py
[2025-03-24T12:13:37.840+0000] {logging_mixin.py:151} INFO - [2025-03-24T12:13:37.840+0000] {dag.py:2941} INFO - Sync 1 DAGs
[2025-03-24T12:13:37.849+0000] {logging_mixin.py:151} INFO - [2025-03-24T12:13:37.849+0000] {dag.py:3722} INFO - Setting next_dagrun for extract_exchange_rates to 2025-03-24T00:00:00+00:00, run_after=2025-03-25T00:00:00+00:00
[2025-03-24T12:13:37.856+0000] {processor.py:179} INFO - Processing /opt/airflow/dags/extract_exchange_rates.py took 0.039 seconds
[2025-03-24T12:14:08.117+0000] {processor.py:157} INFO - Started process (PID=240) to work on /opt/airflow/dags/extract_exchange_rates.py
[2025-03-24T12:14:08.117+0000] {processor.py:829} INFO - Processing file /opt/airflow/dags/extract_exchange_rates.py for tasks to queue
[2025-03-24T12:14:08.118+0000] {logging_mixin.py:151} INFO - [2025-03-24T12:14:08.118+0000] {dagbag.py:536} INFO - Filling up the DagBag from /opt/airflow/dags/extract_exchange_rates.py
[2025-03-24T12:14:08.128+0000] {processor.py:839} INFO - DAG(s) dict_keys(['extract_exchange_rates']) retrieved from /opt/airflow/dags/extract_exchange_rates.py
[2025-03-24T12:14:08.141+0000] {logging_mixin.py:151} INFO - [2025-03-24T12:14:08.141+0000] {dag.py:2941} INFO - Sync 1 DAGs
[2025-03-24T12:14:08.152+0000] {logging_mixin.py:151} INFO - [2025-03-24T12:14:08.152+0000] {dag.py:3722} INFO - Setting next_dagrun for extract_exchange_rates to 2025-03-24T00:00:00+00:00, run_after=2025-03-25T00:00:00+00:00
[2025-03-24T12:14:08.159+0000] {processor.py:179} INFO - Processing /opt/airflow/dags/extract_exchange_rates.py took 0.044 seconds
[2025-03-24T12:14:38.440+0000] {processor.py:157} INFO - Started process (PID=245) to work on /opt/airflow/dags/extract_exchange_rates.py
[2025-03-24T12:14:38.441+0000] {processor.py:829} INFO - Processing file /opt/airflow/dags/extract_exchange_rates.py for tasks to queue
[2025-03-24T12:14:38.441+0000] {logging_mixin.py:151} INFO - [2025-03-24T12:14:38.441+0000] {dagbag.py:536} INFO - Filling up the DagBag from /opt/airflow/dags/extract_exchange_rates.py
[2025-03-24T12:14:38.450+0000] {processor.py:839} INFO - DAG(s) dict_keys(['extract_exchange_rates']) retrieved from /opt/airflow/dags/extract_exchange_rates.py
[2025-03-24T12:14:38.463+0000] {logging_mixin.py:151} INFO - [2025-03-24T12:14:38.463+0000] {dag.py:2941} INFO - Sync 1 DAGs
[2025-03-24T12:14:38.473+0000] {logging_mixin.py:151} INFO - [2025-03-24T12:14:38.473+0000] {dag.py:3722} INFO - Setting next_dagrun for extract_exchange_rates to 2025-03-24T00:00:00+00:00, run_after=2025-03-25T00:00:00+00:00
[2025-03-24T12:14:38.480+0000] {processor.py:179} INFO - Processing /opt/airflow/dags/extract_exchange_rates.py took 0.042 seconds
[2025-03-24T12:15:08.746+0000] {processor.py:157} INFO - Started process (PID=250) to work on /opt/airflow/dags/extract_exchange_rates.py
[2025-03-24T12:15:08.747+0000] {processor.py:829} INFO - Processing file /opt/airflow/dags/extract_exchange_rates.py for tasks to queue
[2025-03-24T12:15:08.747+0000] {logging_mixin.py:151} INFO - [2025-03-24T12:15:08.747+0000] {dagbag.py:536} INFO - Filling up the DagBag from /opt/airflow/dags/extract_exchange_rates.py
[2025-03-24T12:15:08.756+0000] {processor.py:839} INFO - DAG(s) dict_keys(['extract_exchange_rates']) retrieved from /opt/airflow/dags/extract_exchange_rates.py
[2025-03-24T12:15:08.768+0000] {logging_mixin.py:151} INFO - [2025-03-24T12:15:08.768+0000] {dag.py:2941} INFO - Sync 1 DAGs
[2025-03-24T12:15:08.778+0000] {logging_mixin.py:151} INFO - [2025-03-24T12:15:08.778+0000] {dag.py:3722} INFO - Setting next_dagrun for extract_exchange_rates to 2025-03-24T00:00:00+00:00, run_after=2025-03-25T00:00:00+00:00
[2025-03-24T12:15:08.785+0000] {processor.py:179} INFO - Processing /opt/airflow/dags/extract_exchange_rates.py took 0.040 seconds
