[2025-03-18T13:27:31.115+0000] {processor.py:157} INFO - Started process (PID=174) to work on /opt/airflow/dags/extract_exchange_rates.py
[2025-03-18T13:27:31.116+0000] {processor.py:829} INFO - Processing file /opt/airflow/dags/extract_exchange_rates.py for tasks to queue
[2025-03-18T13:27:31.117+0000] {logging_mixin.py:151} INFO - [2025-03-18T13:27:31.117+0000] {dagbag.py:536} INFO - Filling up the DagBag from /opt/airflow/dags/extract_exchange_rates.py
[2025-03-18T13:27:31.127+0000] {processor.py:839} INFO - DAG(s) dict_keys(['extract_exchange_rates']) retrieved from /opt/airflow/dags/extract_exchange_rates.py
[2025-03-18T13:27:31.141+0000] {logging_mixin.py:151} INFO - [2025-03-18T13:27:31.141+0000] {dag.py:2941} INFO - Sync 1 DAGs
[2025-03-18T13:27:31.155+0000] {logging_mixin.py:151} INFO - [2025-03-18T13:27:31.155+0000] {dag.py:3722} INFO - Setting next_dagrun for extract_exchange_rates to 2025-03-18T00:00:00+00:00, run_after=2025-03-19T00:00:00+00:00
[2025-03-18T13:27:31.173+0000] {processor.py:179} INFO - Processing /opt/airflow/dags/extract_exchange_rates.py took 0.059 seconds
[2025-03-18T13:28:01.391+0000] {processor.py:157} INFO - Started process (PID=188) to work on /opt/airflow/dags/extract_exchange_rates.py
[2025-03-18T13:28:01.391+0000] {processor.py:829} INFO - Processing file /opt/airflow/dags/extract_exchange_rates.py for tasks to queue
[2025-03-18T13:28:01.392+0000] {logging_mixin.py:151} INFO - [2025-03-18T13:28:01.392+0000] {dagbag.py:536} INFO - Filling up the DagBag from /opt/airflow/dags/extract_exchange_rates.py
[2025-03-18T13:28:01.403+0000] {processor.py:839} INFO - DAG(s) dict_keys(['extract_exchange_rates']) retrieved from /opt/airflow/dags/extract_exchange_rates.py
[2025-03-18T13:28:01.419+0000] {logging_mixin.py:151} INFO - [2025-03-18T13:28:01.418+0000] {dag.py:2941} INFO - Sync 1 DAGs
[2025-03-18T13:28:01.429+0000] {logging_mixin.py:151} INFO - [2025-03-18T13:28:01.429+0000] {dag.py:3722} INFO - Setting next_dagrun for extract_exchange_rates to 2025-03-18T00:00:00+00:00, run_after=2025-03-19T00:00:00+00:00
[2025-03-18T13:28:01.437+0000] {processor.py:179} INFO - Processing /opt/airflow/dags/extract_exchange_rates.py took 0.050 seconds
[2025-03-18T22:25:11.436+0000] {processor.py:157} INFO - Started process (PID=174) to work on /opt/airflow/dags/extract_exchange_rates.py
[2025-03-18T22:25:11.437+0000] {processor.py:829} INFO - Processing file /opt/airflow/dags/extract_exchange_rates.py for tasks to queue
[2025-03-18T22:25:11.439+0000] {logging_mixin.py:151} INFO - [2025-03-18T22:25:11.439+0000] {dagbag.py:536} INFO - Filling up the DagBag from /opt/airflow/dags/extract_exchange_rates.py
[2025-03-18T22:25:11.450+0000] {processor.py:839} INFO - DAG(s) dict_keys(['extract_exchange_rates']) retrieved from /opt/airflow/dags/extract_exchange_rates.py
[2025-03-18T22:25:11.465+0000] {logging_mixin.py:151} INFO - [2025-03-18T22:25:11.465+0000] {dag.py:2941} INFO - Sync 1 DAGs
[2025-03-18T22:25:11.480+0000] {logging_mixin.py:151} INFO - [2025-03-18T22:25:11.480+0000] {dag.py:3722} INFO - Setting next_dagrun for extract_exchange_rates to 2025-03-18T00:00:00+00:00, run_after=2025-03-19T00:00:00+00:00
[2025-03-18T22:25:11.494+0000] {processor.py:179} INFO - Processing /opt/airflow/dags/extract_exchange_rates.py took 0.061 seconds
