[2025-03-19T11:18:36.209+0000] {processor.py:157} INFO - Started process (PID=175) to work on /opt/airflow/dags/extract_exchange_rates.py
[2025-03-19T11:18:36.211+0000] {processor.py:829} INFO - Processing file /opt/airflow/dags/extract_exchange_rates.py for tasks to queue
[2025-03-19T11:18:36.212+0000] {logging_mixin.py:151} INFO - [2025-03-19T11:18:36.212+0000] {dagbag.py:536} INFO - Filling up the DagBag from /opt/airflow/dags/extract_exchange_rates.py
[2025-03-19T11:18:36.222+0000] {processor.py:839} INFO - DAG(s) dict_keys(['extract_exchange_rates']) retrieved from /opt/airflow/dags/extract_exchange_rates.py
[2025-03-19T11:18:36.233+0000] {logging_mixin.py:151} INFO - [2025-03-19T11:18:36.232+0000] {dag.py:2941} INFO - Sync 1 DAGs
[2025-03-19T11:18:36.252+0000] {logging_mixin.py:151} INFO - [2025-03-19T11:18:36.252+0000] {dag.py:3722} INFO - Setting next_dagrun for extract_exchange_rates to 2025-03-19T00:00:00+00:00, run_after=2025-03-20T00:00:00+00:00
[2025-03-19T11:18:36.265+0000] {processor.py:179} INFO - Processing /opt/airflow/dags/extract_exchange_rates.py took 0.058 seconds
[2025-03-19T11:19:06.510+0000] {processor.py:157} INFO - Started process (PID=210) to work on /opt/airflow/dags/extract_exchange_rates.py
[2025-03-19T11:19:06.511+0000] {processor.py:829} INFO - Processing file /opt/airflow/dags/extract_exchange_rates.py for tasks to queue
[2025-03-19T11:19:06.512+0000] {logging_mixin.py:151} INFO - [2025-03-19T11:19:06.511+0000] {dagbag.py:536} INFO - Filling up the DagBag from /opt/airflow/dags/extract_exchange_rates.py
[2025-03-19T11:19:06.524+0000] {processor.py:839} INFO - DAG(s) dict_keys(['extract_exchange_rates']) retrieved from /opt/airflow/dags/extract_exchange_rates.py
[2025-03-19T11:19:06.543+0000] {logging_mixin.py:151} INFO - [2025-03-19T11:19:06.542+0000] {dag.py:2941} INFO - Sync 1 DAGs
[2025-03-19T11:19:06.555+0000] {logging_mixin.py:151} INFO - [2025-03-19T11:19:06.555+0000] {dag.py:3722} INFO - Setting next_dagrun for extract_exchange_rates to 2025-03-19T00:00:00+00:00, run_after=2025-03-20T00:00:00+00:00
[2025-03-19T11:19:06.562+0000] {processor.py:179} INFO - Processing /opt/airflow/dags/extract_exchange_rates.py took 0.055 seconds
[2025-03-19T11:19:36.734+0000] {processor.py:157} INFO - Started process (PID=215) to work on /opt/airflow/dags/extract_exchange_rates.py
[2025-03-19T11:19:36.735+0000] {processor.py:829} INFO - Processing file /opt/airflow/dags/extract_exchange_rates.py for tasks to queue
[2025-03-19T11:19:36.736+0000] {logging_mixin.py:151} INFO - [2025-03-19T11:19:36.736+0000] {dagbag.py:536} INFO - Filling up the DagBag from /opt/airflow/dags/extract_exchange_rates.py
[2025-03-19T11:19:36.746+0000] {processor.py:839} INFO - DAG(s) dict_keys(['extract_exchange_rates']) retrieved from /opt/airflow/dags/extract_exchange_rates.py
[2025-03-19T11:19:36.763+0000] {logging_mixin.py:151} INFO - [2025-03-19T11:19:36.763+0000] {dag.py:2941} INFO - Sync 1 DAGs
[2025-03-19T11:19:36.773+0000] {logging_mixin.py:151} INFO - [2025-03-19T11:19:36.772+0000] {dag.py:3722} INFO - Setting next_dagrun for extract_exchange_rates to 2025-03-19T00:00:00+00:00, run_after=2025-03-20T00:00:00+00:00
[2025-03-19T11:19:36.780+0000] {processor.py:179} INFO - Processing /opt/airflow/dags/extract_exchange_rates.py took 0.049 seconds
[2025-03-19T11:20:07.034+0000] {processor.py:157} INFO - Started process (PID=220) to work on /opt/airflow/dags/extract_exchange_rates.py
[2025-03-19T11:20:07.035+0000] {processor.py:829} INFO - Processing file /opt/airflow/dags/extract_exchange_rates.py for tasks to queue
[2025-03-19T11:20:07.035+0000] {logging_mixin.py:151} INFO - [2025-03-19T11:20:07.035+0000] {dagbag.py:536} INFO - Filling up the DagBag from /opt/airflow/dags/extract_exchange_rates.py
[2025-03-19T11:20:07.045+0000] {processor.py:839} INFO - DAG(s) dict_keys(['extract_exchange_rates']) retrieved from /opt/airflow/dags/extract_exchange_rates.py
[2025-03-19T11:20:07.060+0000] {logging_mixin.py:151} INFO - [2025-03-19T11:20:07.060+0000] {dag.py:2941} INFO - Sync 1 DAGs
[2025-03-19T11:20:07.070+0000] {logging_mixin.py:151} INFO - [2025-03-19T11:20:07.070+0000] {dag.py:3722} INFO - Setting next_dagrun for extract_exchange_rates to 2025-03-19T00:00:00+00:00, run_after=2025-03-20T00:00:00+00:00
[2025-03-19T11:20:07.078+0000] {processor.py:179} INFO - Processing /opt/airflow/dags/extract_exchange_rates.py took 0.046 seconds
[2025-03-19T11:20:37.295+0000] {processor.py:157} INFO - Started process (PID=225) to work on /opt/airflow/dags/extract_exchange_rates.py
[2025-03-19T11:20:37.295+0000] {processor.py:829} INFO - Processing file /opt/airflow/dags/extract_exchange_rates.py for tasks to queue
[2025-03-19T11:20:37.296+0000] {logging_mixin.py:151} INFO - [2025-03-19T11:20:37.296+0000] {dagbag.py:536} INFO - Filling up the DagBag from /opt/airflow/dags/extract_exchange_rates.py
[2025-03-19T11:20:37.307+0000] {processor.py:839} INFO - DAG(s) dict_keys(['extract_exchange_rates']) retrieved from /opt/airflow/dags/extract_exchange_rates.py
[2025-03-19T11:20:37.321+0000] {logging_mixin.py:151} INFO - [2025-03-19T11:20:37.321+0000] {dag.py:2941} INFO - Sync 1 DAGs
[2025-03-19T11:20:37.332+0000] {logging_mixin.py:151} INFO - [2025-03-19T11:20:37.332+0000] {dag.py:3722} INFO - Setting next_dagrun for extract_exchange_rates to 2025-03-19T00:00:00+00:00, run_after=2025-03-20T00:00:00+00:00
[2025-03-19T11:20:37.341+0000] {processor.py:179} INFO - Processing /opt/airflow/dags/extract_exchange_rates.py took 0.049 seconds
[2025-03-19T11:21:07.548+0000] {processor.py:157} INFO - Started process (PID=230) to work on /opt/airflow/dags/extract_exchange_rates.py
[2025-03-19T11:21:07.549+0000] {processor.py:829} INFO - Processing file /opt/airflow/dags/extract_exchange_rates.py for tasks to queue
[2025-03-19T11:21:07.549+0000] {logging_mixin.py:151} INFO - [2025-03-19T11:21:07.549+0000] {dagbag.py:536} INFO - Filling up the DagBag from /opt/airflow/dags/extract_exchange_rates.py
[2025-03-19T11:21:07.557+0000] {processor.py:839} INFO - DAG(s) dict_keys(['extract_exchange_rates']) retrieved from /opt/airflow/dags/extract_exchange_rates.py
[2025-03-19T11:21:07.570+0000] {logging_mixin.py:151} INFO - [2025-03-19T11:21:07.570+0000] {dag.py:2941} INFO - Sync 1 DAGs
[2025-03-19T11:21:07.581+0000] {logging_mixin.py:151} INFO - [2025-03-19T11:21:07.581+0000] {dag.py:3722} INFO - Setting next_dagrun for extract_exchange_rates to 2025-03-19T00:00:00+00:00, run_after=2025-03-20T00:00:00+00:00
[2025-03-19T11:21:07.588+0000] {processor.py:179} INFO - Processing /opt/airflow/dags/extract_exchange_rates.py took 0.041 seconds
[2025-03-19T11:21:37.774+0000] {processor.py:157} INFO - Started process (PID=235) to work on /opt/airflow/dags/extract_exchange_rates.py
[2025-03-19T11:21:37.774+0000] {processor.py:829} INFO - Processing file /opt/airflow/dags/extract_exchange_rates.py for tasks to queue
[2025-03-19T11:21:37.775+0000] {logging_mixin.py:151} INFO - [2025-03-19T11:21:37.775+0000] {dagbag.py:536} INFO - Filling up the DagBag from /opt/airflow/dags/extract_exchange_rates.py
[2025-03-19T11:21:37.784+0000] {processor.py:839} INFO - DAG(s) dict_keys(['extract_exchange_rates']) retrieved from /opt/airflow/dags/extract_exchange_rates.py
[2025-03-19T11:21:37.796+0000] {logging_mixin.py:151} INFO - [2025-03-19T11:21:37.796+0000] {dag.py:2941} INFO - Sync 1 DAGs
[2025-03-19T11:21:37.807+0000] {logging_mixin.py:151} INFO - [2025-03-19T11:21:37.807+0000] {dag.py:3722} INFO - Setting next_dagrun for extract_exchange_rates to 2025-03-19T00:00:00+00:00, run_after=2025-03-20T00:00:00+00:00
[2025-03-19T11:21:37.814+0000] {processor.py:179} INFO - Processing /opt/airflow/dags/extract_exchange_rates.py took 0.043 seconds
[2025-03-19T11:22:08.005+0000] {processor.py:157} INFO - Started process (PID=240) to work on /opt/airflow/dags/extract_exchange_rates.py
[2025-03-19T11:22:08.006+0000] {processor.py:829} INFO - Processing file /opt/airflow/dags/extract_exchange_rates.py for tasks to queue
[2025-03-19T11:22:08.006+0000] {logging_mixin.py:151} INFO - [2025-03-19T11:22:08.006+0000] {dagbag.py:536} INFO - Filling up the DagBag from /opt/airflow/dags/extract_exchange_rates.py
[2025-03-19T11:22:08.015+0000] {processor.py:839} INFO - DAG(s) dict_keys(['extract_exchange_rates']) retrieved from /opt/airflow/dags/extract_exchange_rates.py
[2025-03-19T11:22:08.028+0000] {logging_mixin.py:151} INFO - [2025-03-19T11:22:08.028+0000] {dag.py:2941} INFO - Sync 1 DAGs
[2025-03-19T11:22:08.038+0000] {logging_mixin.py:151} INFO - [2025-03-19T11:22:08.038+0000] {dag.py:3722} INFO - Setting next_dagrun for extract_exchange_rates to 2025-03-19T00:00:00+00:00, run_after=2025-03-20T00:00:00+00:00
[2025-03-19T11:22:08.046+0000] {processor.py:179} INFO - Processing /opt/airflow/dags/extract_exchange_rates.py took 0.042 seconds
[2025-03-19T11:22:38.273+0000] {processor.py:157} INFO - Started process (PID=245) to work on /opt/airflow/dags/extract_exchange_rates.py
[2025-03-19T11:22:38.273+0000] {processor.py:829} INFO - Processing file /opt/airflow/dags/extract_exchange_rates.py for tasks to queue
[2025-03-19T11:22:38.274+0000] {logging_mixin.py:151} INFO - [2025-03-19T11:22:38.274+0000] {dagbag.py:536} INFO - Filling up the DagBag from /opt/airflow/dags/extract_exchange_rates.py
[2025-03-19T11:22:38.281+0000] {processor.py:839} INFO - DAG(s) dict_keys(['extract_exchange_rates']) retrieved from /opt/airflow/dags/extract_exchange_rates.py
[2025-03-19T11:22:38.293+0000] {logging_mixin.py:151} INFO - [2025-03-19T11:22:38.293+0000] {dag.py:2941} INFO - Sync 1 DAGs
[2025-03-19T11:22:38.302+0000] {logging_mixin.py:151} INFO - [2025-03-19T11:22:38.302+0000] {dag.py:3722} INFO - Setting next_dagrun for extract_exchange_rates to 2025-03-19T00:00:00+00:00, run_after=2025-03-20T00:00:00+00:00
[2025-03-19T11:22:38.309+0000] {processor.py:179} INFO - Processing /opt/airflow/dags/extract_exchange_rates.py took 0.038 seconds
[2025-03-19T11:23:08.575+0000] {processor.py:157} INFO - Started process (PID=250) to work on /opt/airflow/dags/extract_exchange_rates.py
[2025-03-19T11:23:08.576+0000] {processor.py:829} INFO - Processing file /opt/airflow/dags/extract_exchange_rates.py for tasks to queue
[2025-03-19T11:23:08.577+0000] {logging_mixin.py:151} INFO - [2025-03-19T11:23:08.577+0000] {dagbag.py:536} INFO - Filling up the DagBag from /opt/airflow/dags/extract_exchange_rates.py
[2025-03-19T11:23:08.588+0000] {processor.py:839} INFO - DAG(s) dict_keys(['extract_exchange_rates']) retrieved from /opt/airflow/dags/extract_exchange_rates.py
[2025-03-19T11:23:08.601+0000] {logging_mixin.py:151} INFO - [2025-03-19T11:23:08.601+0000] {dag.py:2941} INFO - Sync 1 DAGs
[2025-03-19T11:23:08.611+0000] {logging_mixin.py:151} INFO - [2025-03-19T11:23:08.611+0000] {dag.py:3722} INFO - Setting next_dagrun for extract_exchange_rates to 2025-03-19T00:00:00+00:00, run_after=2025-03-20T00:00:00+00:00
[2025-03-19T11:23:08.617+0000] {processor.py:179} INFO - Processing /opt/airflow/dags/extract_exchange_rates.py took 0.045 seconds
