[2025-03-17T10:37:46.287+0000] {processor.py:157} INFO - Started process (PID=174) to work on /opt/airflow/dags/extract_exchange_rates.py
[2025-03-17T10:37:46.287+0000] {processor.py:829} INFO - Processing file /opt/airflow/dags/extract_exchange_rates.py for tasks to queue
[2025-03-17T10:37:46.288+0000] {logging_mixin.py:151} INFO - [2025-03-17T10:37:46.288+0000] {dagbag.py:536} INFO - Filling up the DagBag from /opt/airflow/dags/extract_exchange_rates.py
[2025-03-17T10:37:46.300+0000] {processor.py:839} INFO - DAG(s) dict_keys(['extract_exchange_rates']) retrieved from /opt/airflow/dags/extract_exchange_rates.py
[2025-03-17T10:37:46.313+0000] {logging_mixin.py:151} INFO - [2025-03-17T10:37:46.313+0000] {dag.py:2941} INFO - Sync 1 DAGs
[2025-03-17T10:37:46.324+0000] {logging_mixin.py:151} INFO - [2025-03-17T10:37:46.324+0000] {dag.py:3722} INFO - Setting next_dagrun for extract_exchange_rates to 2025-03-17T00:00:00+00:00, run_after=2025-03-18T00:00:00+00:00
[2025-03-17T10:37:46.334+0000] {processor.py:179} INFO - Processing /opt/airflow/dags/extract_exchange_rates.py took 0.050 seconds
[2025-03-17T10:38:16.495+0000] {processor.py:157} INFO - Started process (PID=184) to work on /opt/airflow/dags/extract_exchange_rates.py
[2025-03-17T10:38:16.496+0000] {processor.py:829} INFO - Processing file /opt/airflow/dags/extract_exchange_rates.py for tasks to queue
[2025-03-17T10:38:16.496+0000] {logging_mixin.py:151} INFO - [2025-03-17T10:38:16.496+0000] {dagbag.py:536} INFO - Filling up the DagBag from /opt/airflow/dags/extract_exchange_rates.py
[2025-03-17T10:38:16.506+0000] {processor.py:839} INFO - DAG(s) dict_keys(['extract_exchange_rates']) retrieved from /opt/airflow/dags/extract_exchange_rates.py
[2025-03-17T10:38:16.520+0000] {logging_mixin.py:151} INFO - [2025-03-17T10:38:16.520+0000] {dag.py:2941} INFO - Sync 1 DAGs
[2025-03-17T10:38:16.531+0000] {logging_mixin.py:151} INFO - [2025-03-17T10:38:16.531+0000] {dag.py:3722} INFO - Setting next_dagrun for extract_exchange_rates to 2025-03-17T00:00:00+00:00, run_after=2025-03-18T00:00:00+00:00
[2025-03-17T10:38:16.538+0000] {processor.py:179} INFO - Processing /opt/airflow/dags/extract_exchange_rates.py took 0.045 seconds
[2025-03-17T10:38:46.688+0000] {processor.py:157} INFO - Started process (PID=189) to work on /opt/airflow/dags/extract_exchange_rates.py
[2025-03-17T10:38:46.689+0000] {processor.py:829} INFO - Processing file /opt/airflow/dags/extract_exchange_rates.py for tasks to queue
[2025-03-17T10:38:46.689+0000] {logging_mixin.py:151} INFO - [2025-03-17T10:38:46.689+0000] {dagbag.py:536} INFO - Filling up the DagBag from /opt/airflow/dags/extract_exchange_rates.py
[2025-03-17T10:38:46.699+0000] {processor.py:839} INFO - DAG(s) dict_keys(['extract_exchange_rates']) retrieved from /opt/airflow/dags/extract_exchange_rates.py
[2025-03-17T10:38:46.712+0000] {logging_mixin.py:151} INFO - [2025-03-17T10:38:46.712+0000] {dag.py:2941} INFO - Sync 1 DAGs
[2025-03-17T10:38:46.722+0000] {logging_mixin.py:151} INFO - [2025-03-17T10:38:46.722+0000] {dag.py:3722} INFO - Setting next_dagrun for extract_exchange_rates to 2025-03-17T00:00:00+00:00, run_after=2025-03-18T00:00:00+00:00
[2025-03-17T10:38:46.729+0000] {processor.py:179} INFO - Processing /opt/airflow/dags/extract_exchange_rates.py took 0.044 seconds
[2025-03-17T10:39:16.948+0000] {processor.py:157} INFO - Started process (PID=198) to work on /opt/airflow/dags/extract_exchange_rates.py
[2025-03-17T10:39:16.949+0000] {processor.py:829} INFO - Processing file /opt/airflow/dags/extract_exchange_rates.py for tasks to queue
[2025-03-17T10:39:16.950+0000] {logging_mixin.py:151} INFO - [2025-03-17T10:39:16.950+0000] {dagbag.py:536} INFO - Filling up the DagBag from /opt/airflow/dags/extract_exchange_rates.py
[2025-03-17T10:39:16.960+0000] {processor.py:839} INFO - DAG(s) dict_keys(['extract_exchange_rates']) retrieved from /opt/airflow/dags/extract_exchange_rates.py
[2025-03-17T10:39:16.975+0000] {logging_mixin.py:151} INFO - [2025-03-17T10:39:16.975+0000] {dag.py:2941} INFO - Sync 1 DAGs
[2025-03-17T10:39:16.987+0000] {logging_mixin.py:151} INFO - [2025-03-17T10:39:16.987+0000] {dag.py:3722} INFO - Setting next_dagrun for extract_exchange_rates to 2025-03-17T00:00:00+00:00, run_after=2025-03-18T00:00:00+00:00
[2025-03-17T10:39:16.996+0000] {processor.py:179} INFO - Processing /opt/airflow/dags/extract_exchange_rates.py took 0.050 seconds
[2025-03-17T10:39:47.179+0000] {processor.py:157} INFO - Started process (PID=203) to work on /opt/airflow/dags/extract_exchange_rates.py
[2025-03-17T10:39:47.180+0000] {processor.py:829} INFO - Processing file /opt/airflow/dags/extract_exchange_rates.py for tasks to queue
[2025-03-17T10:39:47.180+0000] {logging_mixin.py:151} INFO - [2025-03-17T10:39:47.180+0000] {dagbag.py:536} INFO - Filling up the DagBag from /opt/airflow/dags/extract_exchange_rates.py
[2025-03-17T10:39:47.191+0000] {processor.py:839} INFO - DAG(s) dict_keys(['extract_exchange_rates']) retrieved from /opt/airflow/dags/extract_exchange_rates.py
[2025-03-17T10:39:47.205+0000] {logging_mixin.py:151} INFO - [2025-03-17T10:39:47.204+0000] {dag.py:2941} INFO - Sync 1 DAGs
[2025-03-17T10:39:47.214+0000] {logging_mixin.py:151} INFO - [2025-03-17T10:39:47.214+0000] {dag.py:3722} INFO - Setting next_dagrun for extract_exchange_rates to 2025-03-17T00:00:00+00:00, run_after=2025-03-18T00:00:00+00:00
[2025-03-17T10:39:47.221+0000] {processor.py:179} INFO - Processing /opt/airflow/dags/extract_exchange_rates.py took 0.045 seconds
[2025-03-17T10:40:17.445+0000] {processor.py:157} INFO - Started process (PID=208) to work on /opt/airflow/dags/extract_exchange_rates.py
[2025-03-17T10:40:17.446+0000] {processor.py:829} INFO - Processing file /opt/airflow/dags/extract_exchange_rates.py for tasks to queue
[2025-03-17T10:40:17.446+0000] {logging_mixin.py:151} INFO - [2025-03-17T10:40:17.446+0000] {dagbag.py:536} INFO - Filling up the DagBag from /opt/airflow/dags/extract_exchange_rates.py
[2025-03-17T10:40:17.457+0000] {processor.py:839} INFO - DAG(s) dict_keys(['extract_exchange_rates']) retrieved from /opt/airflow/dags/extract_exchange_rates.py
[2025-03-17T10:40:17.470+0000] {logging_mixin.py:151} INFO - [2025-03-17T10:40:17.470+0000] {dag.py:2941} INFO - Sync 1 DAGs
[2025-03-17T10:40:17.481+0000] {logging_mixin.py:151} INFO - [2025-03-17T10:40:17.481+0000] {dag.py:3722} INFO - Setting next_dagrun for extract_exchange_rates to 2025-03-17T00:00:00+00:00, run_after=2025-03-18T00:00:00+00:00
[2025-03-17T10:40:17.488+0000] {processor.py:179} INFO - Processing /opt/airflow/dags/extract_exchange_rates.py took 0.045 seconds
[2025-03-17T10:40:47.701+0000] {processor.py:157} INFO - Started process (PID=213) to work on /opt/airflow/dags/extract_exchange_rates.py
[2025-03-17T10:40:47.702+0000] {processor.py:829} INFO - Processing file /opt/airflow/dags/extract_exchange_rates.py for tasks to queue
[2025-03-17T10:40:47.702+0000] {logging_mixin.py:151} INFO - [2025-03-17T10:40:47.702+0000] {dagbag.py:536} INFO - Filling up the DagBag from /opt/airflow/dags/extract_exchange_rates.py
[2025-03-17T10:40:47.712+0000] {processor.py:839} INFO - DAG(s) dict_keys(['extract_exchange_rates']) retrieved from /opt/airflow/dags/extract_exchange_rates.py
[2025-03-17T10:40:47.727+0000] {logging_mixin.py:151} INFO - [2025-03-17T10:40:47.726+0000] {dag.py:2941} INFO - Sync 1 DAGs
[2025-03-17T10:40:47.738+0000] {logging_mixin.py:151} INFO - [2025-03-17T10:40:47.738+0000] {dag.py:3722} INFO - Setting next_dagrun for extract_exchange_rates to 2025-03-17T00:00:00+00:00, run_after=2025-03-18T00:00:00+00:00
[2025-03-17T10:40:47.745+0000] {processor.py:179} INFO - Processing /opt/airflow/dags/extract_exchange_rates.py took 0.046 seconds
[2025-03-17T10:41:17.934+0000] {processor.py:157} INFO - Started process (PID=218) to work on /opt/airflow/dags/extract_exchange_rates.py
[2025-03-17T10:41:17.935+0000] {processor.py:829} INFO - Processing file /opt/airflow/dags/extract_exchange_rates.py for tasks to queue
[2025-03-17T10:41:17.935+0000] {logging_mixin.py:151} INFO - [2025-03-17T10:41:17.935+0000] {dagbag.py:536} INFO - Filling up the DagBag from /opt/airflow/dags/extract_exchange_rates.py
[2025-03-17T10:41:17.943+0000] {processor.py:839} INFO - DAG(s) dict_keys(['extract_exchange_rates']) retrieved from /opt/airflow/dags/extract_exchange_rates.py
[2025-03-17T10:41:17.957+0000] {logging_mixin.py:151} INFO - [2025-03-17T10:41:17.957+0000] {dag.py:2941} INFO - Sync 1 DAGs
[2025-03-17T10:41:17.968+0000] {logging_mixin.py:151} INFO - [2025-03-17T10:41:17.968+0000] {dag.py:3722} INFO - Setting next_dagrun for extract_exchange_rates to 2025-03-17T00:00:00+00:00, run_after=2025-03-18T00:00:00+00:00
[2025-03-17T10:41:17.974+0000] {processor.py:179} INFO - Processing /opt/airflow/dags/extract_exchange_rates.py took 0.042 seconds
[2025-03-17T10:41:48.145+0000] {processor.py:157} INFO - Started process (PID=223) to work on /opt/airflow/dags/extract_exchange_rates.py
[2025-03-17T10:41:48.145+0000] {processor.py:829} INFO - Processing file /opt/airflow/dags/extract_exchange_rates.py for tasks to queue
[2025-03-17T10:41:48.146+0000] {logging_mixin.py:151} INFO - [2025-03-17T10:41:48.145+0000] {dagbag.py:536} INFO - Filling up the DagBag from /opt/airflow/dags/extract_exchange_rates.py
[2025-03-17T10:41:48.153+0000] {processor.py:839} INFO - DAG(s) dict_keys(['extract_exchange_rates']) retrieved from /opt/airflow/dags/extract_exchange_rates.py
[2025-03-17T10:41:48.164+0000] {logging_mixin.py:151} INFO - [2025-03-17T10:41:48.164+0000] {dag.py:2941} INFO - Sync 1 DAGs
[2025-03-17T10:41:48.173+0000] {logging_mixin.py:151} INFO - [2025-03-17T10:41:48.173+0000] {dag.py:3722} INFO - Setting next_dagrun for extract_exchange_rates to 2025-03-17T00:00:00+00:00, run_after=2025-03-18T00:00:00+00:00
[2025-03-17T10:41:48.179+0000] {processor.py:179} INFO - Processing /opt/airflow/dags/extract_exchange_rates.py took 0.035 seconds
[2025-03-17T10:42:18.393+0000] {processor.py:157} INFO - Started process (PID=228) to work on /opt/airflow/dags/extract_exchange_rates.py
[2025-03-17T10:42:18.393+0000] {processor.py:829} INFO - Processing file /opt/airflow/dags/extract_exchange_rates.py for tasks to queue
[2025-03-17T10:42:18.394+0000] {logging_mixin.py:151} INFO - [2025-03-17T10:42:18.394+0000] {dagbag.py:536} INFO - Filling up the DagBag from /opt/airflow/dags/extract_exchange_rates.py
[2025-03-17T10:42:18.402+0000] {processor.py:839} INFO - DAG(s) dict_keys(['extract_exchange_rates']) retrieved from /opt/airflow/dags/extract_exchange_rates.py
[2025-03-17T10:42:18.418+0000] {logging_mixin.py:151} INFO - [2025-03-17T10:42:18.418+0000] {dag.py:2941} INFO - Sync 1 DAGs
[2025-03-17T10:42:18.429+0000] {logging_mixin.py:151} INFO - [2025-03-17T10:42:18.429+0000] {dag.py:3722} INFO - Setting next_dagrun for extract_exchange_rates to 2025-03-17T00:00:00+00:00, run_after=2025-03-18T00:00:00+00:00
[2025-03-17T10:42:18.436+0000] {processor.py:179} INFO - Processing /opt/airflow/dags/extract_exchange_rates.py took 0.044 seconds
[2025-03-17T10:42:48.635+0000] {processor.py:157} INFO - Started process (PID=233) to work on /opt/airflow/dags/extract_exchange_rates.py
[2025-03-17T10:42:48.635+0000] {processor.py:829} INFO - Processing file /opt/airflow/dags/extract_exchange_rates.py for tasks to queue
[2025-03-17T10:42:48.636+0000] {logging_mixin.py:151} INFO - [2025-03-17T10:42:48.636+0000] {dagbag.py:536} INFO - Filling up the DagBag from /opt/airflow/dags/extract_exchange_rates.py
[2025-03-17T10:42:48.647+0000] {processor.py:839} INFO - DAG(s) dict_keys(['extract_exchange_rates']) retrieved from /opt/airflow/dags/extract_exchange_rates.py
[2025-03-17T10:42:48.659+0000] {logging_mixin.py:151} INFO - [2025-03-17T10:42:48.659+0000] {dag.py:2941} INFO - Sync 1 DAGs
[2025-03-17T10:42:48.669+0000] {logging_mixin.py:151} INFO - [2025-03-17T10:42:48.669+0000] {dag.py:3722} INFO - Setting next_dagrun for extract_exchange_rates to 2025-03-17T00:00:00+00:00, run_after=2025-03-18T00:00:00+00:00
[2025-03-17T10:42:48.676+0000] {processor.py:179} INFO - Processing /opt/airflow/dags/extract_exchange_rates.py took 0.044 seconds
[2025-03-17T10:43:18.851+0000] {processor.py:157} INFO - Started process (PID=238) to work on /opt/airflow/dags/extract_exchange_rates.py
[2025-03-17T10:43:18.852+0000] {processor.py:829} INFO - Processing file /opt/airflow/dags/extract_exchange_rates.py for tasks to queue
[2025-03-17T10:43:18.853+0000] {logging_mixin.py:151} INFO - [2025-03-17T10:43:18.852+0000] {dagbag.py:536} INFO - Filling up the DagBag from /opt/airflow/dags/extract_exchange_rates.py
[2025-03-17T10:43:18.864+0000] {processor.py:839} INFO - DAG(s) dict_keys(['extract_exchange_rates']) retrieved from /opt/airflow/dags/extract_exchange_rates.py
[2025-03-17T10:43:18.878+0000] {logging_mixin.py:151} INFO - [2025-03-17T10:43:18.878+0000] {dag.py:2941} INFO - Sync 1 DAGs
[2025-03-17T10:43:18.889+0000] {logging_mixin.py:151} INFO - [2025-03-17T10:43:18.889+0000] {dag.py:3722} INFO - Setting next_dagrun for extract_exchange_rates to 2025-03-17T00:00:00+00:00, run_after=2025-03-18T00:00:00+00:00
[2025-03-17T10:43:18.896+0000] {processor.py:179} INFO - Processing /opt/airflow/dags/extract_exchange_rates.py took 0.047 seconds
[2025-03-17T10:43:49.120+0000] {processor.py:157} INFO - Started process (PID=243) to work on /opt/airflow/dags/extract_exchange_rates.py
[2025-03-17T10:43:49.120+0000] {processor.py:829} INFO - Processing file /opt/airflow/dags/extract_exchange_rates.py for tasks to queue
[2025-03-17T10:43:49.121+0000] {logging_mixin.py:151} INFO - [2025-03-17T10:43:49.121+0000] {dagbag.py:536} INFO - Filling up the DagBag from /opt/airflow/dags/extract_exchange_rates.py
[2025-03-17T10:43:49.132+0000] {processor.py:839} INFO - DAG(s) dict_keys(['extract_exchange_rates']) retrieved from /opt/airflow/dags/extract_exchange_rates.py
[2025-03-17T10:43:49.145+0000] {logging_mixin.py:151} INFO - [2025-03-17T10:43:49.145+0000] {dag.py:2941} INFO - Sync 1 DAGs
[2025-03-17T10:43:49.155+0000] {logging_mixin.py:151} INFO - [2025-03-17T10:43:49.155+0000] {dag.py:3722} INFO - Setting next_dagrun for extract_exchange_rates to 2025-03-17T00:00:00+00:00, run_after=2025-03-18T00:00:00+00:00
[2025-03-17T10:43:49.163+0000] {processor.py:179} INFO - Processing /opt/airflow/dags/extract_exchange_rates.py took 0.046 seconds
[2025-03-17T10:44:19.368+0000] {processor.py:157} INFO - Started process (PID=250) to work on /opt/airflow/dags/extract_exchange_rates.py
[2025-03-17T10:44:19.369+0000] {processor.py:829} INFO - Processing file /opt/airflow/dags/extract_exchange_rates.py for tasks to queue
[2025-03-17T10:44:19.369+0000] {logging_mixin.py:151} INFO - [2025-03-17T10:44:19.369+0000] {dagbag.py:536} INFO - Filling up the DagBag from /opt/airflow/dags/extract_exchange_rates.py
[2025-03-17T10:44:19.379+0000] {processor.py:839} INFO - DAG(s) dict_keys(['extract_exchange_rates']) retrieved from /opt/airflow/dags/extract_exchange_rates.py
[2025-03-17T10:44:19.394+0000] {logging_mixin.py:151} INFO - [2025-03-17T10:44:19.394+0000] {dag.py:2941} INFO - Sync 1 DAGs
[2025-03-17T10:44:19.405+0000] {logging_mixin.py:151} INFO - [2025-03-17T10:44:19.405+0000] {dag.py:3722} INFO - Setting next_dagrun for extract_exchange_rates to 2025-03-17T00:00:00+00:00, run_after=2025-03-18T00:00:00+00:00
[2025-03-17T10:44:19.414+0000] {processor.py:179} INFO - Processing /opt/airflow/dags/extract_exchange_rates.py took 0.048 seconds
[2025-03-17T10:44:49.619+0000] {processor.py:157} INFO - Started process (PID=255) to work on /opt/airflow/dags/extract_exchange_rates.py
[2025-03-17T10:44:49.619+0000] {processor.py:829} INFO - Processing file /opt/airflow/dags/extract_exchange_rates.py for tasks to queue
[2025-03-17T10:44:49.620+0000] {logging_mixin.py:151} INFO - [2025-03-17T10:44:49.620+0000] {dagbag.py:536} INFO - Filling up the DagBag from /opt/airflow/dags/extract_exchange_rates.py
[2025-03-17T10:44:49.629+0000] {processor.py:839} INFO - DAG(s) dict_keys(['extract_exchange_rates']) retrieved from /opt/airflow/dags/extract_exchange_rates.py
[2025-03-17T10:44:49.644+0000] {logging_mixin.py:151} INFO - [2025-03-17T10:44:49.643+0000] {dag.py:2941} INFO - Sync 1 DAGs
[2025-03-17T10:44:49.655+0000] {logging_mixin.py:151} INFO - [2025-03-17T10:44:49.655+0000] {dag.py:3722} INFO - Setting next_dagrun for extract_exchange_rates to 2025-03-17T00:00:00+00:00, run_after=2025-03-18T00:00:00+00:00
[2025-03-17T10:44:49.663+0000] {processor.py:179} INFO - Processing /opt/airflow/dags/extract_exchange_rates.py took 0.047 seconds
[2025-03-17T10:45:19.849+0000] {processor.py:157} INFO - Started process (PID=260) to work on /opt/airflow/dags/extract_exchange_rates.py
[2025-03-17T10:45:19.850+0000] {processor.py:829} INFO - Processing file /opt/airflow/dags/extract_exchange_rates.py for tasks to queue
[2025-03-17T10:45:19.851+0000] {logging_mixin.py:151} INFO - [2025-03-17T10:45:19.850+0000] {dagbag.py:536} INFO - Filling up the DagBag from /opt/airflow/dags/extract_exchange_rates.py
[2025-03-17T10:45:19.861+0000] {processor.py:839} INFO - DAG(s) dict_keys(['extract_exchange_rates']) retrieved from /opt/airflow/dags/extract_exchange_rates.py
[2025-03-17T10:45:19.876+0000] {logging_mixin.py:151} INFO - [2025-03-17T10:45:19.876+0000] {dag.py:2941} INFO - Sync 1 DAGs
[2025-03-17T10:45:19.887+0000] {logging_mixin.py:151} INFO - [2025-03-17T10:45:19.887+0000] {dag.py:3722} INFO - Setting next_dagrun for extract_exchange_rates to 2025-03-17T00:00:00+00:00, run_after=2025-03-18T00:00:00+00:00
[2025-03-17T10:45:19.895+0000] {processor.py:179} INFO - Processing /opt/airflow/dags/extract_exchange_rates.py took 0.048 seconds
[2025-03-17T10:45:50.082+0000] {processor.py:157} INFO - Started process (PID=265) to work on /opt/airflow/dags/extract_exchange_rates.py
[2025-03-17T10:45:50.083+0000] {processor.py:829} INFO - Processing file /opt/airflow/dags/extract_exchange_rates.py for tasks to queue
[2025-03-17T10:45:50.084+0000] {logging_mixin.py:151} INFO - [2025-03-17T10:45:50.084+0000] {dagbag.py:536} INFO - Filling up the DagBag from /opt/airflow/dags/extract_exchange_rates.py
[2025-03-17T10:45:50.095+0000] {processor.py:839} INFO - DAG(s) dict_keys(['extract_exchange_rates']) retrieved from /opt/airflow/dags/extract_exchange_rates.py
[2025-03-17T10:45:50.107+0000] {logging_mixin.py:151} INFO - [2025-03-17T10:45:50.107+0000] {dag.py:2941} INFO - Sync 1 DAGs
[2025-03-17T10:45:50.117+0000] {logging_mixin.py:151} INFO - [2025-03-17T10:45:50.117+0000] {dag.py:3722} INFO - Setting next_dagrun for extract_exchange_rates to 2025-03-17T00:00:00+00:00, run_after=2025-03-18T00:00:00+00:00
[2025-03-17T10:45:50.125+0000] {processor.py:179} INFO - Processing /opt/airflow/dags/extract_exchange_rates.py took 0.046 seconds
[2025-03-17T10:46:20.325+0000] {processor.py:157} INFO - Started process (PID=270) to work on /opt/airflow/dags/extract_exchange_rates.py
[2025-03-17T10:46:20.326+0000] {processor.py:829} INFO - Processing file /opt/airflow/dags/extract_exchange_rates.py for tasks to queue
[2025-03-17T10:46:20.327+0000] {logging_mixin.py:151} INFO - [2025-03-17T10:46:20.327+0000] {dagbag.py:536} INFO - Filling up the DagBag from /opt/airflow/dags/extract_exchange_rates.py
[2025-03-17T10:46:20.338+0000] {processor.py:839} INFO - DAG(s) dict_keys(['extract_exchange_rates']) retrieved from /opt/airflow/dags/extract_exchange_rates.py
[2025-03-17T10:46:20.352+0000] {logging_mixin.py:151} INFO - [2025-03-17T10:46:20.352+0000] {dag.py:2941} INFO - Sync 1 DAGs
[2025-03-17T10:46:20.362+0000] {logging_mixin.py:151} INFO - [2025-03-17T10:46:20.362+0000] {dag.py:3722} INFO - Setting next_dagrun for extract_exchange_rates to 2025-03-17T00:00:00+00:00, run_after=2025-03-18T00:00:00+00:00
[2025-03-17T10:46:20.368+0000] {processor.py:179} INFO - Processing /opt/airflow/dags/extract_exchange_rates.py took 0.046 seconds
[2025-03-17T10:46:50.570+0000] {processor.py:157} INFO - Started process (PID=275) to work on /opt/airflow/dags/extract_exchange_rates.py
[2025-03-17T10:46:50.570+0000] {processor.py:829} INFO - Processing file /opt/airflow/dags/extract_exchange_rates.py for tasks to queue
[2025-03-17T10:46:50.571+0000] {logging_mixin.py:151} INFO - [2025-03-17T10:46:50.571+0000] {dagbag.py:536} INFO - Filling up the DagBag from /opt/airflow/dags/extract_exchange_rates.py
[2025-03-17T10:46:50.580+0000] {processor.py:839} INFO - DAG(s) dict_keys(['extract_exchange_rates']) retrieved from /opt/airflow/dags/extract_exchange_rates.py
[2025-03-17T10:46:50.593+0000] {logging_mixin.py:151} INFO - [2025-03-17T10:46:50.593+0000] {dag.py:2941} INFO - Sync 1 DAGs
[2025-03-17T10:46:50.604+0000] {logging_mixin.py:151} INFO - [2025-03-17T10:46:50.604+0000] {dag.py:3722} INFO - Setting next_dagrun for extract_exchange_rates to 2025-03-17T00:00:00+00:00, run_after=2025-03-18T00:00:00+00:00
[2025-03-17T10:46:50.612+0000] {processor.py:179} INFO - Processing /opt/airflow/dags/extract_exchange_rates.py took 0.044 seconds
[2025-03-17T10:47:20.787+0000] {processor.py:157} INFO - Started process (PID=280) to work on /opt/airflow/dags/extract_exchange_rates.py
[2025-03-17T10:47:20.788+0000] {processor.py:829} INFO - Processing file /opt/airflow/dags/extract_exchange_rates.py for tasks to queue
[2025-03-17T10:47:20.788+0000] {logging_mixin.py:151} INFO - [2025-03-17T10:47:20.788+0000] {dagbag.py:536} INFO - Filling up the DagBag from /opt/airflow/dags/extract_exchange_rates.py
[2025-03-17T10:47:20.795+0000] {processor.py:839} INFO - DAG(s) dict_keys(['extract_exchange_rates']) retrieved from /opt/airflow/dags/extract_exchange_rates.py
[2025-03-17T10:47:20.807+0000] {logging_mixin.py:151} INFO - [2025-03-17T10:47:20.807+0000] {dag.py:2941} INFO - Sync 1 DAGs
[2025-03-17T10:47:20.817+0000] {logging_mixin.py:151} INFO - [2025-03-17T10:47:20.817+0000] {dag.py:3722} INFO - Setting next_dagrun for extract_exchange_rates to 2025-03-17T00:00:00+00:00, run_after=2025-03-18T00:00:00+00:00
[2025-03-17T10:47:20.825+0000] {processor.py:179} INFO - Processing /opt/airflow/dags/extract_exchange_rates.py took 0.039 seconds
[2025-03-17T10:47:51.020+0000] {processor.py:157} INFO - Started process (PID=285) to work on /opt/airflow/dags/extract_exchange_rates.py
[2025-03-17T10:47:51.021+0000] {processor.py:829} INFO - Processing file /opt/airflow/dags/extract_exchange_rates.py for tasks to queue
[2025-03-17T10:47:51.021+0000] {logging_mixin.py:151} INFO - [2025-03-17T10:47:51.021+0000] {dagbag.py:536} INFO - Filling up the DagBag from /opt/airflow/dags/extract_exchange_rates.py
[2025-03-17T10:47:51.032+0000] {processor.py:839} INFO - DAG(s) dict_keys(['extract_exchange_rates']) retrieved from /opt/airflow/dags/extract_exchange_rates.py
[2025-03-17T10:47:51.044+0000] {logging_mixin.py:151} INFO - [2025-03-17T10:47:51.044+0000] {dag.py:2941} INFO - Sync 1 DAGs
[2025-03-17T10:47:51.054+0000] {logging_mixin.py:151} INFO - [2025-03-17T10:47:51.054+0000] {dag.py:3722} INFO - Setting next_dagrun for extract_exchange_rates to 2025-03-17T00:00:00+00:00, run_after=2025-03-18T00:00:00+00:00
[2025-03-17T10:47:51.061+0000] {processor.py:179} INFO - Processing /opt/airflow/dags/extract_exchange_rates.py took 0.043 seconds
[2025-03-17T10:48:21.249+0000] {processor.py:157} INFO - Started process (PID=290) to work on /opt/airflow/dags/extract_exchange_rates.py
[2025-03-17T10:48:21.249+0000] {processor.py:829} INFO - Processing file /opt/airflow/dags/extract_exchange_rates.py for tasks to queue
[2025-03-17T10:48:21.250+0000] {logging_mixin.py:151} INFO - [2025-03-17T10:48:21.250+0000] {dagbag.py:536} INFO - Filling up the DagBag from /opt/airflow/dags/extract_exchange_rates.py
[2025-03-17T10:48:21.260+0000] {processor.py:839} INFO - DAG(s) dict_keys(['extract_exchange_rates']) retrieved from /opt/airflow/dags/extract_exchange_rates.py
[2025-03-17T10:48:21.274+0000] {logging_mixin.py:151} INFO - [2025-03-17T10:48:21.273+0000] {dag.py:2941} INFO - Sync 1 DAGs
[2025-03-17T10:48:21.284+0000] {logging_mixin.py:151} INFO - [2025-03-17T10:48:21.284+0000] {dag.py:3722} INFO - Setting next_dagrun for extract_exchange_rates to 2025-03-17T00:00:00+00:00, run_after=2025-03-18T00:00:00+00:00
[2025-03-17T10:48:21.291+0000] {processor.py:179} INFO - Processing /opt/airflow/dags/extract_exchange_rates.py took 0.045 seconds
[2025-03-17T10:48:51.466+0000] {processor.py:157} INFO - Started process (PID=295) to work on /opt/airflow/dags/extract_exchange_rates.py
[2025-03-17T10:48:51.467+0000] {processor.py:829} INFO - Processing file /opt/airflow/dags/extract_exchange_rates.py for tasks to queue
[2025-03-17T10:48:51.467+0000] {logging_mixin.py:151} INFO - [2025-03-17T10:48:51.467+0000] {dagbag.py:536} INFO - Filling up the DagBag from /opt/airflow/dags/extract_exchange_rates.py
[2025-03-17T10:48:51.477+0000] {processor.py:839} INFO - DAG(s) dict_keys(['extract_exchange_rates']) retrieved from /opt/airflow/dags/extract_exchange_rates.py
[2025-03-17T10:48:51.490+0000] {logging_mixin.py:151} INFO - [2025-03-17T10:48:51.490+0000] {dag.py:2941} INFO - Sync 1 DAGs
[2025-03-17T10:48:51.501+0000] {logging_mixin.py:151} INFO - [2025-03-17T10:48:51.501+0000] {dag.py:3722} INFO - Setting next_dagrun for extract_exchange_rates to 2025-03-17T00:00:00+00:00, run_after=2025-03-18T00:00:00+00:00
[2025-03-17T10:48:51.508+0000] {processor.py:179} INFO - Processing /opt/airflow/dags/extract_exchange_rates.py took 0.044 seconds
[2025-03-17T10:49:21.714+0000] {processor.py:157} INFO - Started process (PID=300) to work on /opt/airflow/dags/extract_exchange_rates.py
[2025-03-17T10:49:21.715+0000] {processor.py:829} INFO - Processing file /opt/airflow/dags/extract_exchange_rates.py for tasks to queue
[2025-03-17T10:49:21.716+0000] {logging_mixin.py:151} INFO - [2025-03-17T10:49:21.715+0000] {dagbag.py:536} INFO - Filling up the DagBag from /opt/airflow/dags/extract_exchange_rates.py
[2025-03-17T10:49:21.725+0000] {processor.py:839} INFO - DAG(s) dict_keys(['extract_exchange_rates']) retrieved from /opt/airflow/dags/extract_exchange_rates.py
[2025-03-17T10:49:21.739+0000] {logging_mixin.py:151} INFO - [2025-03-17T10:49:21.739+0000] {dag.py:2941} INFO - Sync 1 DAGs
[2025-03-17T10:49:21.749+0000] {logging_mixin.py:151} INFO - [2025-03-17T10:49:21.749+0000] {dag.py:3722} INFO - Setting next_dagrun for extract_exchange_rates to 2025-03-17T00:00:00+00:00, run_after=2025-03-18T00:00:00+00:00
[2025-03-17T10:49:21.756+0000] {processor.py:179} INFO - Processing /opt/airflow/dags/extract_exchange_rates.py took 0.044 seconds
[2025-03-17T10:49:51.947+0000] {processor.py:157} INFO - Started process (PID=305) to work on /opt/airflow/dags/extract_exchange_rates.py
[2025-03-17T10:49:51.948+0000] {processor.py:829} INFO - Processing file /opt/airflow/dags/extract_exchange_rates.py for tasks to queue
[2025-03-17T10:49:51.949+0000] {logging_mixin.py:151} INFO - [2025-03-17T10:49:51.948+0000] {dagbag.py:536} INFO - Filling up the DagBag from /opt/airflow/dags/extract_exchange_rates.py
[2025-03-17T10:49:51.957+0000] {processor.py:839} INFO - DAG(s) dict_keys(['extract_exchange_rates']) retrieved from /opt/airflow/dags/extract_exchange_rates.py
[2025-03-17T10:49:51.971+0000] {logging_mixin.py:151} INFO - [2025-03-17T10:49:51.971+0000] {dag.py:2941} INFO - Sync 1 DAGs
[2025-03-17T10:49:51.981+0000] {logging_mixin.py:151} INFO - [2025-03-17T10:49:51.981+0000] {dag.py:3722} INFO - Setting next_dagrun for extract_exchange_rates to 2025-03-17T00:00:00+00:00, run_after=2025-03-18T00:00:00+00:00
[2025-03-17T10:49:51.988+0000] {processor.py:179} INFO - Processing /opt/airflow/dags/extract_exchange_rates.py took 0.043 seconds
[2025-03-17T10:50:22.157+0000] {processor.py:157} INFO - Started process (PID=310) to work on /opt/airflow/dags/extract_exchange_rates.py
[2025-03-17T10:50:22.158+0000] {processor.py:829} INFO - Processing file /opt/airflow/dags/extract_exchange_rates.py for tasks to queue
[2025-03-17T10:50:22.159+0000] {logging_mixin.py:151} INFO - [2025-03-17T10:50:22.159+0000] {dagbag.py:536} INFO - Filling up the DagBag from /opt/airflow/dags/extract_exchange_rates.py
[2025-03-17T10:50:22.173+0000] {processor.py:839} INFO - DAG(s) dict_keys(['extract_exchange_rates']) retrieved from /opt/airflow/dags/extract_exchange_rates.py
[2025-03-17T10:50:22.190+0000] {logging_mixin.py:151} INFO - [2025-03-17T10:50:22.190+0000] {dag.py:2941} INFO - Sync 1 DAGs
[2025-03-17T10:50:22.203+0000] {logging_mixin.py:151} INFO - [2025-03-17T10:50:22.203+0000] {dag.py:3722} INFO - Setting next_dagrun for extract_exchange_rates to 2025-03-17T00:00:00+00:00, run_after=2025-03-18T00:00:00+00:00
[2025-03-17T10:50:22.212+0000] {processor.py:179} INFO - Processing /opt/airflow/dags/extract_exchange_rates.py took 0.058 seconds
[2025-03-17T10:50:52.363+0000] {processor.py:157} INFO - Started process (PID=315) to work on /opt/airflow/dags/extract_exchange_rates.py
[2025-03-17T10:50:52.364+0000] {processor.py:829} INFO - Processing file /opt/airflow/dags/extract_exchange_rates.py for tasks to queue
[2025-03-17T10:50:52.365+0000] {logging_mixin.py:151} INFO - [2025-03-17T10:50:52.364+0000] {dagbag.py:536} INFO - Filling up the DagBag from /opt/airflow/dags/extract_exchange_rates.py
[2025-03-17T10:50:52.376+0000] {processor.py:839} INFO - DAG(s) dict_keys(['extract_exchange_rates']) retrieved from /opt/airflow/dags/extract_exchange_rates.py
[2025-03-17T10:50:52.393+0000] {logging_mixin.py:151} INFO - [2025-03-17T10:50:52.393+0000] {dag.py:2941} INFO - Sync 1 DAGs
[2025-03-17T10:50:52.404+0000] {logging_mixin.py:151} INFO - [2025-03-17T10:50:52.404+0000] {dag.py:3722} INFO - Setting next_dagrun for extract_exchange_rates to 2025-03-17T00:00:00+00:00, run_after=2025-03-18T00:00:00+00:00
[2025-03-17T10:50:52.411+0000] {processor.py:179} INFO - Processing /opt/airflow/dags/extract_exchange_rates.py took 0.051 seconds
[2025-03-17T10:51:22.562+0000] {processor.py:157} INFO - Started process (PID=320) to work on /opt/airflow/dags/extract_exchange_rates.py
[2025-03-17T10:51:22.563+0000] {processor.py:829} INFO - Processing file /opt/airflow/dags/extract_exchange_rates.py for tasks to queue
[2025-03-17T10:51:22.563+0000] {logging_mixin.py:151} INFO - [2025-03-17T10:51:22.563+0000] {dagbag.py:536} INFO - Filling up the DagBag from /opt/airflow/dags/extract_exchange_rates.py
[2025-03-17T10:51:22.573+0000] {processor.py:839} INFO - DAG(s) dict_keys(['extract_exchange_rates']) retrieved from /opt/airflow/dags/extract_exchange_rates.py
[2025-03-17T10:51:22.587+0000] {logging_mixin.py:151} INFO - [2025-03-17T10:51:22.587+0000] {dag.py:2941} INFO - Sync 1 DAGs
[2025-03-17T10:51:22.597+0000] {logging_mixin.py:151} INFO - [2025-03-17T10:51:22.597+0000] {dag.py:3722} INFO - Setting next_dagrun for extract_exchange_rates to 2025-03-17T00:00:00+00:00, run_after=2025-03-18T00:00:00+00:00
[2025-03-17T10:51:22.604+0000] {processor.py:179} INFO - Processing /opt/airflow/dags/extract_exchange_rates.py took 0.044 seconds
[2025-03-17T10:51:52.812+0000] {processor.py:157} INFO - Started process (PID=325) to work on /opt/airflow/dags/extract_exchange_rates.py
[2025-03-17T10:51:52.813+0000] {processor.py:829} INFO - Processing file /opt/airflow/dags/extract_exchange_rates.py for tasks to queue
[2025-03-17T10:51:52.814+0000] {logging_mixin.py:151} INFO - [2025-03-17T10:51:52.814+0000] {dagbag.py:536} INFO - Filling up the DagBag from /opt/airflow/dags/extract_exchange_rates.py
[2025-03-17T10:51:52.825+0000] {processor.py:839} INFO - DAG(s) dict_keys(['extract_exchange_rates']) retrieved from /opt/airflow/dags/extract_exchange_rates.py
[2025-03-17T10:51:52.838+0000] {logging_mixin.py:151} INFO - [2025-03-17T10:51:52.838+0000] {dag.py:2941} INFO - Sync 1 DAGs
[2025-03-17T10:51:52.849+0000] {logging_mixin.py:151} INFO - [2025-03-17T10:51:52.849+0000] {dag.py:3722} INFO - Setting next_dagrun for extract_exchange_rates to 2025-03-17T00:00:00+00:00, run_after=2025-03-18T00:00:00+00:00
[2025-03-17T10:51:52.855+0000] {processor.py:179} INFO - Processing /opt/airflow/dags/extract_exchange_rates.py took 0.046 seconds
[2025-03-17T10:52:23.050+0000] {processor.py:157} INFO - Started process (PID=330) to work on /opt/airflow/dags/extract_exchange_rates.py
[2025-03-17T10:52:23.051+0000] {processor.py:829} INFO - Processing file /opt/airflow/dags/extract_exchange_rates.py for tasks to queue
[2025-03-17T10:52:23.052+0000] {logging_mixin.py:151} INFO - [2025-03-17T10:52:23.052+0000] {dagbag.py:536} INFO - Filling up the DagBag from /opt/airflow/dags/extract_exchange_rates.py
[2025-03-17T10:52:23.064+0000] {processor.py:839} INFO - DAG(s) dict_keys(['extract_exchange_rates']) retrieved from /opt/airflow/dags/extract_exchange_rates.py
[2025-03-17T10:52:23.078+0000] {logging_mixin.py:151} INFO - [2025-03-17T10:52:23.077+0000] {dag.py:2941} INFO - Sync 1 DAGs
[2025-03-17T10:52:23.088+0000] {logging_mixin.py:151} INFO - [2025-03-17T10:52:23.088+0000] {dag.py:3722} INFO - Setting next_dagrun for extract_exchange_rates to 2025-03-17T00:00:00+00:00, run_after=2025-03-18T00:00:00+00:00
[2025-03-17T10:52:23.095+0000] {processor.py:179} INFO - Processing /opt/airflow/dags/extract_exchange_rates.py took 0.047 seconds
[2025-03-17T10:52:53.300+0000] {processor.py:157} INFO - Started process (PID=335) to work on /opt/airflow/dags/extract_exchange_rates.py
[2025-03-17T10:52:53.301+0000] {processor.py:829} INFO - Processing file /opt/airflow/dags/extract_exchange_rates.py for tasks to queue
[2025-03-17T10:52:53.301+0000] {logging_mixin.py:151} INFO - [2025-03-17T10:52:53.301+0000] {dagbag.py:536} INFO - Filling up the DagBag from /opt/airflow/dags/extract_exchange_rates.py
[2025-03-17T10:52:53.308+0000] {processor.py:839} INFO - DAG(s) dict_keys(['extract_exchange_rates']) retrieved from /opt/airflow/dags/extract_exchange_rates.py
[2025-03-17T10:52:53.319+0000] {logging_mixin.py:151} INFO - [2025-03-17T10:52:53.319+0000] {dag.py:2941} INFO - Sync 1 DAGs
[2025-03-17T10:52:53.327+0000] {logging_mixin.py:151} INFO - [2025-03-17T10:52:53.327+0000] {dag.py:3722} INFO - Setting next_dagrun for extract_exchange_rates to 2025-03-17T00:00:00+00:00, run_after=2025-03-18T00:00:00+00:00
[2025-03-17T10:52:53.333+0000] {processor.py:179} INFO - Processing /opt/airflow/dags/extract_exchange_rates.py took 0.034 seconds
[2025-03-17T10:53:23.552+0000] {processor.py:157} INFO - Started process (PID=340) to work on /opt/airflow/dags/extract_exchange_rates.py
[2025-03-17T10:53:23.552+0000] {processor.py:829} INFO - Processing file /opt/airflow/dags/extract_exchange_rates.py for tasks to queue
[2025-03-17T10:53:23.553+0000] {logging_mixin.py:151} INFO - [2025-03-17T10:53:23.553+0000] {dagbag.py:536} INFO - Filling up the DagBag from /opt/airflow/dags/extract_exchange_rates.py
[2025-03-17T10:53:23.563+0000] {processor.py:839} INFO - DAG(s) dict_keys(['extract_exchange_rates']) retrieved from /opt/airflow/dags/extract_exchange_rates.py
[2025-03-17T10:53:23.577+0000] {logging_mixin.py:151} INFO - [2025-03-17T10:53:23.576+0000] {dag.py:2941} INFO - Sync 1 DAGs
[2025-03-17T10:53:23.586+0000] {logging_mixin.py:151} INFO - [2025-03-17T10:53:23.586+0000] {dag.py:3722} INFO - Setting next_dagrun for extract_exchange_rates to 2025-03-17T00:00:00+00:00, run_after=2025-03-18T00:00:00+00:00
[2025-03-17T10:53:23.593+0000] {processor.py:179} INFO - Processing /opt/airflow/dags/extract_exchange_rates.py took 0.044 seconds
[2025-03-17T10:53:53.791+0000] {processor.py:157} INFO - Started process (PID=345) to work on /opt/airflow/dags/extract_exchange_rates.py
[2025-03-17T10:53:53.792+0000] {processor.py:829} INFO - Processing file /opt/airflow/dags/extract_exchange_rates.py for tasks to queue
[2025-03-17T10:53:53.792+0000] {logging_mixin.py:151} INFO - [2025-03-17T10:53:53.792+0000] {dagbag.py:536} INFO - Filling up the DagBag from /opt/airflow/dags/extract_exchange_rates.py
[2025-03-17T10:53:53.801+0000] {processor.py:839} INFO - DAG(s) dict_keys(['extract_exchange_rates']) retrieved from /opt/airflow/dags/extract_exchange_rates.py
[2025-03-17T10:53:53.814+0000] {logging_mixin.py:151} INFO - [2025-03-17T10:53:53.814+0000] {dag.py:2941} INFO - Sync 1 DAGs
[2025-03-17T10:53:53.824+0000] {logging_mixin.py:151} INFO - [2025-03-17T10:53:53.824+0000] {dag.py:3722} INFO - Setting next_dagrun for extract_exchange_rates to 2025-03-17T00:00:00+00:00, run_after=2025-03-18T00:00:00+00:00
[2025-03-17T10:53:53.831+0000] {processor.py:179} INFO - Processing /opt/airflow/dags/extract_exchange_rates.py took 0.041 seconds
[2025-03-17T10:54:24.037+0000] {processor.py:157} INFO - Started process (PID=350) to work on /opt/airflow/dags/extract_exchange_rates.py
[2025-03-17T10:54:24.038+0000] {processor.py:829} INFO - Processing file /opt/airflow/dags/extract_exchange_rates.py for tasks to queue
[2025-03-17T10:54:24.038+0000] {logging_mixin.py:151} INFO - [2025-03-17T10:54:24.038+0000] {dagbag.py:536} INFO - Filling up the DagBag from /opt/airflow/dags/extract_exchange_rates.py
[2025-03-17T10:54:24.048+0000] {processor.py:839} INFO - DAG(s) dict_keys(['extract_exchange_rates']) retrieved from /opt/airflow/dags/extract_exchange_rates.py
[2025-03-17T10:54:24.061+0000] {logging_mixin.py:151} INFO - [2025-03-17T10:54:24.061+0000] {dag.py:2941} INFO - Sync 1 DAGs
[2025-03-17T10:54:24.071+0000] {logging_mixin.py:151} INFO - [2025-03-17T10:54:24.071+0000] {dag.py:3722} INFO - Setting next_dagrun for extract_exchange_rates to 2025-03-17T00:00:00+00:00, run_after=2025-03-18T00:00:00+00:00
[2025-03-17T10:54:24.079+0000] {processor.py:179} INFO - Processing /opt/airflow/dags/extract_exchange_rates.py took 0.044 seconds
[2025-03-17T10:54:54.305+0000] {processor.py:157} INFO - Started process (PID=355) to work on /opt/airflow/dags/extract_exchange_rates.py
[2025-03-17T10:54:54.305+0000] {processor.py:829} INFO - Processing file /opt/airflow/dags/extract_exchange_rates.py for tasks to queue
[2025-03-17T10:54:54.306+0000] {logging_mixin.py:151} INFO - [2025-03-17T10:54:54.306+0000] {dagbag.py:536} INFO - Filling up the DagBag from /opt/airflow/dags/extract_exchange_rates.py
[2025-03-17T10:54:54.316+0000] {processor.py:839} INFO - DAG(s) dict_keys(['extract_exchange_rates']) retrieved from /opt/airflow/dags/extract_exchange_rates.py
[2025-03-17T10:54:54.329+0000] {logging_mixin.py:151} INFO - [2025-03-17T10:54:54.329+0000] {dag.py:2941} INFO - Sync 1 DAGs
[2025-03-17T10:54:54.341+0000] {logging_mixin.py:151} INFO - [2025-03-17T10:54:54.341+0000] {dag.py:3722} INFO - Setting next_dagrun for extract_exchange_rates to 2025-03-17T00:00:00+00:00, run_after=2025-03-18T00:00:00+00:00
[2025-03-17T10:54:54.348+0000] {processor.py:179} INFO - Processing /opt/airflow/dags/extract_exchange_rates.py took 0.045 seconds
[2025-03-17T10:55:24.508+0000] {processor.py:157} INFO - Started process (PID=360) to work on /opt/airflow/dags/extract_exchange_rates.py
[2025-03-17T10:55:24.509+0000] {processor.py:829} INFO - Processing file /opt/airflow/dags/extract_exchange_rates.py for tasks to queue
[2025-03-17T10:55:24.509+0000] {logging_mixin.py:151} INFO - [2025-03-17T10:55:24.509+0000] {dagbag.py:536} INFO - Filling up the DagBag from /opt/airflow/dags/extract_exchange_rates.py
[2025-03-17T10:55:24.518+0000] {processor.py:839} INFO - DAG(s) dict_keys(['extract_exchange_rates']) retrieved from /opt/airflow/dags/extract_exchange_rates.py
[2025-03-17T10:55:24.531+0000] {logging_mixin.py:151} INFO - [2025-03-17T10:55:24.531+0000] {dag.py:2941} INFO - Sync 1 DAGs
[2025-03-17T10:55:24.541+0000] {logging_mixin.py:151} INFO - [2025-03-17T10:55:24.541+0000] {dag.py:3722} INFO - Setting next_dagrun for extract_exchange_rates to 2025-03-17T00:00:00+00:00, run_after=2025-03-18T00:00:00+00:00
[2025-03-17T10:55:24.548+0000] {processor.py:179} INFO - Processing /opt/airflow/dags/extract_exchange_rates.py took 0.042 seconds
[2025-03-17T10:55:54.744+0000] {processor.py:157} INFO - Started process (PID=365) to work on /opt/airflow/dags/extract_exchange_rates.py
[2025-03-17T10:55:54.745+0000] {processor.py:829} INFO - Processing file /opt/airflow/dags/extract_exchange_rates.py for tasks to queue
[2025-03-17T10:55:54.746+0000] {logging_mixin.py:151} INFO - [2025-03-17T10:55:54.745+0000] {dagbag.py:536} INFO - Filling up the DagBag from /opt/airflow/dags/extract_exchange_rates.py
[2025-03-17T10:55:54.758+0000] {processor.py:839} INFO - DAG(s) dict_keys(['extract_exchange_rates']) retrieved from /opt/airflow/dags/extract_exchange_rates.py
[2025-03-17T10:55:54.772+0000] {logging_mixin.py:151} INFO - [2025-03-17T10:55:54.772+0000] {dag.py:2941} INFO - Sync 1 DAGs
[2025-03-17T10:55:54.784+0000] {logging_mixin.py:151} INFO - [2025-03-17T10:55:54.783+0000] {dag.py:3722} INFO - Setting next_dagrun for extract_exchange_rates to 2025-03-17T00:00:00+00:00, run_after=2025-03-18T00:00:00+00:00
[2025-03-17T10:55:54.790+0000] {processor.py:179} INFO - Processing /opt/airflow/dags/extract_exchange_rates.py took 0.049 seconds
[2025-03-17T10:56:24.989+0000] {processor.py:157} INFO - Started process (PID=370) to work on /opt/airflow/dags/extract_exchange_rates.py
[2025-03-17T10:56:24.990+0000] {processor.py:829} INFO - Processing file /opt/airflow/dags/extract_exchange_rates.py for tasks to queue
[2025-03-17T10:56:24.991+0000] {logging_mixin.py:151} INFO - [2025-03-17T10:56:24.990+0000] {dagbag.py:536} INFO - Filling up the DagBag from /opt/airflow/dags/extract_exchange_rates.py
[2025-03-17T10:56:24.999+0000] {processor.py:839} INFO - DAG(s) dict_keys(['extract_exchange_rates']) retrieved from /opt/airflow/dags/extract_exchange_rates.py
[2025-03-17T10:56:25.013+0000] {logging_mixin.py:151} INFO - [2025-03-17T10:56:25.013+0000] {dag.py:2941} INFO - Sync 1 DAGs
[2025-03-17T10:56:25.023+0000] {logging_mixin.py:151} INFO - [2025-03-17T10:56:25.023+0000] {dag.py:3722} INFO - Setting next_dagrun for extract_exchange_rates to 2025-03-17T00:00:00+00:00, run_after=2025-03-18T00:00:00+00:00
[2025-03-17T10:56:25.030+0000] {processor.py:179} INFO - Processing /opt/airflow/dags/extract_exchange_rates.py took 0.043 seconds
[2025-03-17T10:56:55.222+0000] {processor.py:157} INFO - Started process (PID=375) to work on /opt/airflow/dags/extract_exchange_rates.py
[2025-03-17T10:56:55.222+0000] {processor.py:829} INFO - Processing file /opt/airflow/dags/extract_exchange_rates.py for tasks to queue
[2025-03-17T10:56:55.223+0000] {logging_mixin.py:151} INFO - [2025-03-17T10:56:55.222+0000] {dagbag.py:536} INFO - Filling up the DagBag from /opt/airflow/dags/extract_exchange_rates.py
[2025-03-17T10:56:55.231+0000] {processor.py:839} INFO - DAG(s) dict_keys(['extract_exchange_rates']) retrieved from /opt/airflow/dags/extract_exchange_rates.py
[2025-03-17T10:56:55.244+0000] {logging_mixin.py:151} INFO - [2025-03-17T10:56:55.244+0000] {dag.py:2941} INFO - Sync 1 DAGs
[2025-03-17T10:56:55.254+0000] {logging_mixin.py:151} INFO - [2025-03-17T10:56:55.254+0000] {dag.py:3722} INFO - Setting next_dagrun for extract_exchange_rates to 2025-03-17T00:00:00+00:00, run_after=2025-03-18T00:00:00+00:00
[2025-03-17T10:56:55.261+0000] {processor.py:179} INFO - Processing /opt/airflow/dags/extract_exchange_rates.py took 0.041 seconds
[2025-03-17T10:57:25.452+0000] {processor.py:157} INFO - Started process (PID=380) to work on /opt/airflow/dags/extract_exchange_rates.py
[2025-03-17T10:57:25.453+0000] {processor.py:829} INFO - Processing file /opt/airflow/dags/extract_exchange_rates.py for tasks to queue
[2025-03-17T10:57:25.453+0000] {logging_mixin.py:151} INFO - [2025-03-17T10:57:25.453+0000] {dagbag.py:536} INFO - Filling up the DagBag from /opt/airflow/dags/extract_exchange_rates.py
[2025-03-17T10:57:25.461+0000] {processor.py:839} INFO - DAG(s) dict_keys(['extract_exchange_rates']) retrieved from /opt/airflow/dags/extract_exchange_rates.py
[2025-03-17T10:57:25.474+0000] {logging_mixin.py:151} INFO - [2025-03-17T10:57:25.474+0000] {dag.py:2941} INFO - Sync 1 DAGs
[2025-03-17T10:57:25.483+0000] {logging_mixin.py:151} INFO - [2025-03-17T10:57:25.483+0000] {dag.py:3722} INFO - Setting next_dagrun for extract_exchange_rates to 2025-03-17T00:00:00+00:00, run_after=2025-03-18T00:00:00+00:00
[2025-03-17T10:57:25.491+0000] {processor.py:179} INFO - Processing /opt/airflow/dags/extract_exchange_rates.py took 0.041 seconds
[2025-03-17T10:57:55.711+0000] {processor.py:157} INFO - Started process (PID=385) to work on /opt/airflow/dags/extract_exchange_rates.py
[2025-03-17T10:57:55.712+0000] {processor.py:829} INFO - Processing file /opt/airflow/dags/extract_exchange_rates.py for tasks to queue
[2025-03-17T10:57:55.712+0000] {logging_mixin.py:151} INFO - [2025-03-17T10:57:55.712+0000] {dagbag.py:536} INFO - Filling up the DagBag from /opt/airflow/dags/extract_exchange_rates.py
[2025-03-17T10:57:55.722+0000] {processor.py:839} INFO - DAG(s) dict_keys(['extract_exchange_rates']) retrieved from /opt/airflow/dags/extract_exchange_rates.py
[2025-03-17T10:57:55.734+0000] {logging_mixin.py:151} INFO - [2025-03-17T10:57:55.734+0000] {dag.py:2941} INFO - Sync 1 DAGs
[2025-03-17T10:57:55.744+0000] {logging_mixin.py:151} INFO - [2025-03-17T10:57:55.744+0000] {dag.py:3722} INFO - Setting next_dagrun for extract_exchange_rates to 2025-03-17T00:00:00+00:00, run_after=2025-03-18T00:00:00+00:00
[2025-03-17T10:57:55.750+0000] {processor.py:179} INFO - Processing /opt/airflow/dags/extract_exchange_rates.py took 0.041 seconds
[2025-03-17T10:58:25.937+0000] {processor.py:157} INFO - Started process (PID=390) to work on /opt/airflow/dags/extract_exchange_rates.py
[2025-03-17T10:58:25.938+0000] {processor.py:829} INFO - Processing file /opt/airflow/dags/extract_exchange_rates.py for tasks to queue
[2025-03-17T10:58:25.938+0000] {logging_mixin.py:151} INFO - [2025-03-17T10:58:25.938+0000] {dagbag.py:536} INFO - Filling up the DagBag from /opt/airflow/dags/extract_exchange_rates.py
[2025-03-17T10:58:25.946+0000] {processor.py:839} INFO - DAG(s) dict_keys(['extract_exchange_rates']) retrieved from /opt/airflow/dags/extract_exchange_rates.py
[2025-03-17T10:58:25.958+0000] {logging_mixin.py:151} INFO - [2025-03-17T10:58:25.958+0000] {dag.py:2941} INFO - Sync 1 DAGs
[2025-03-17T10:58:25.967+0000] {logging_mixin.py:151} INFO - [2025-03-17T10:58:25.967+0000] {dag.py:3722} INFO - Setting next_dagrun for extract_exchange_rates to 2025-03-17T00:00:00+00:00, run_after=2025-03-18T00:00:00+00:00
[2025-03-17T10:58:25.974+0000] {processor.py:179} INFO - Processing /opt/airflow/dags/extract_exchange_rates.py took 0.038 seconds
[2025-03-17T10:58:56.169+0000] {processor.py:157} INFO - Started process (PID=395) to work on /opt/airflow/dags/extract_exchange_rates.py
[2025-03-17T10:58:56.170+0000] {processor.py:829} INFO - Processing file /opt/airflow/dags/extract_exchange_rates.py for tasks to queue
[2025-03-17T10:58:56.170+0000] {logging_mixin.py:151} INFO - [2025-03-17T10:58:56.170+0000] {dagbag.py:536} INFO - Filling up the DagBag from /opt/airflow/dags/extract_exchange_rates.py
[2025-03-17T10:58:56.179+0000] {processor.py:839} INFO - DAG(s) dict_keys(['extract_exchange_rates']) retrieved from /opt/airflow/dags/extract_exchange_rates.py
[2025-03-17T10:58:56.193+0000] {logging_mixin.py:151} INFO - [2025-03-17T10:58:56.193+0000] {dag.py:2941} INFO - Sync 1 DAGs
[2025-03-17T10:58:56.203+0000] {logging_mixin.py:151} INFO - [2025-03-17T10:58:56.203+0000] {dag.py:3722} INFO - Setting next_dagrun for extract_exchange_rates to 2025-03-17T00:00:00+00:00, run_after=2025-03-18T00:00:00+00:00
[2025-03-17T10:58:56.210+0000] {processor.py:179} INFO - Processing /opt/airflow/dags/extract_exchange_rates.py took 0.043 seconds
[2025-03-17T10:59:26.410+0000] {processor.py:157} INFO - Started process (PID=400) to work on /opt/airflow/dags/extract_exchange_rates.py
[2025-03-17T10:59:26.410+0000] {processor.py:829} INFO - Processing file /opt/airflow/dags/extract_exchange_rates.py for tasks to queue
[2025-03-17T10:59:26.411+0000] {logging_mixin.py:151} INFO - [2025-03-17T10:59:26.411+0000] {dagbag.py:536} INFO - Filling up the DagBag from /opt/airflow/dags/extract_exchange_rates.py
[2025-03-17T10:59:26.420+0000] {processor.py:839} INFO - DAG(s) dict_keys(['extract_exchange_rates']) retrieved from /opt/airflow/dags/extract_exchange_rates.py
[2025-03-17T10:59:26.434+0000] {logging_mixin.py:151} INFO - [2025-03-17T10:59:26.434+0000] {dag.py:2941} INFO - Sync 1 DAGs
[2025-03-17T10:59:26.444+0000] {logging_mixin.py:151} INFO - [2025-03-17T10:59:26.444+0000] {dag.py:3722} INFO - Setting next_dagrun for extract_exchange_rates to 2025-03-17T00:00:00+00:00, run_after=2025-03-18T00:00:00+00:00
[2025-03-17T10:59:26.451+0000] {processor.py:179} INFO - Processing /opt/airflow/dags/extract_exchange_rates.py took 0.043 seconds
[2025-03-17T10:59:56.651+0000] {processor.py:157} INFO - Started process (PID=405) to work on /opt/airflow/dags/extract_exchange_rates.py
[2025-03-17T10:59:56.652+0000] {processor.py:829} INFO - Processing file /opt/airflow/dags/extract_exchange_rates.py for tasks to queue
[2025-03-17T10:59:56.653+0000] {logging_mixin.py:151} INFO - [2025-03-17T10:59:56.653+0000] {dagbag.py:536} INFO - Filling up the DagBag from /opt/airflow/dags/extract_exchange_rates.py
[2025-03-17T10:59:56.661+0000] {processor.py:839} INFO - DAG(s) dict_keys(['extract_exchange_rates']) retrieved from /opt/airflow/dags/extract_exchange_rates.py
[2025-03-17T10:59:56.674+0000] {logging_mixin.py:151} INFO - [2025-03-17T10:59:56.674+0000] {dag.py:2941} INFO - Sync 1 DAGs
[2025-03-17T10:59:56.684+0000] {logging_mixin.py:151} INFO - [2025-03-17T10:59:56.684+0000] {dag.py:3722} INFO - Setting next_dagrun for extract_exchange_rates to 2025-03-17T00:00:00+00:00, run_after=2025-03-18T00:00:00+00:00
[2025-03-17T10:59:56.691+0000] {processor.py:179} INFO - Processing /opt/airflow/dags/extract_exchange_rates.py took 0.042 seconds
[2025-03-17T11:00:26.863+0000] {processor.py:157} INFO - Started process (PID=410) to work on /opt/airflow/dags/extract_exchange_rates.py
[2025-03-17T11:00:26.864+0000] {processor.py:829} INFO - Processing file /opt/airflow/dags/extract_exchange_rates.py for tasks to queue
[2025-03-17T11:00:26.865+0000] {logging_mixin.py:151} INFO - [2025-03-17T11:00:26.865+0000] {dagbag.py:536} INFO - Filling up the DagBag from /opt/airflow/dags/extract_exchange_rates.py
[2025-03-17T11:00:26.871+0000] {processor.py:839} INFO - DAG(s) dict_keys(['extract_exchange_rates']) retrieved from /opt/airflow/dags/extract_exchange_rates.py
[2025-03-17T11:00:26.882+0000] {logging_mixin.py:151} INFO - [2025-03-17T11:00:26.882+0000] {dag.py:2941} INFO - Sync 1 DAGs
[2025-03-17T11:00:26.891+0000] {logging_mixin.py:151} INFO - [2025-03-17T11:00:26.891+0000] {dag.py:3722} INFO - Setting next_dagrun for extract_exchange_rates to 2025-03-17T00:00:00+00:00, run_after=2025-03-18T00:00:00+00:00
[2025-03-17T11:00:26.902+0000] {processor.py:179} INFO - Processing /opt/airflow/dags/extract_exchange_rates.py took 0.041 seconds
[2025-03-17T11:00:57.083+0000] {processor.py:157} INFO - Started process (PID=415) to work on /opt/airflow/dags/extract_exchange_rates.py
[2025-03-17T11:00:57.084+0000] {processor.py:829} INFO - Processing file /opt/airflow/dags/extract_exchange_rates.py for tasks to queue
[2025-03-17T11:00:57.084+0000] {logging_mixin.py:151} INFO - [2025-03-17T11:00:57.084+0000] {dagbag.py:536} INFO - Filling up the DagBag from /opt/airflow/dags/extract_exchange_rates.py
[2025-03-17T11:00:57.093+0000] {processor.py:839} INFO - DAG(s) dict_keys(['extract_exchange_rates']) retrieved from /opt/airflow/dags/extract_exchange_rates.py
[2025-03-17T11:00:57.106+0000] {logging_mixin.py:151} INFO - [2025-03-17T11:00:57.106+0000] {dag.py:2941} INFO - Sync 1 DAGs
[2025-03-17T11:00:57.117+0000] {logging_mixin.py:151} INFO - [2025-03-17T11:00:57.116+0000] {dag.py:3722} INFO - Setting next_dagrun for extract_exchange_rates to 2025-03-17T00:00:00+00:00, run_after=2025-03-18T00:00:00+00:00
[2025-03-17T11:00:57.124+0000] {processor.py:179} INFO - Processing /opt/airflow/dags/extract_exchange_rates.py took 0.043 seconds
[2025-03-17T11:01:27.305+0000] {processor.py:157} INFO - Started process (PID=420) to work on /opt/airflow/dags/extract_exchange_rates.py
[2025-03-17T11:01:27.306+0000] {processor.py:829} INFO - Processing file /opt/airflow/dags/extract_exchange_rates.py for tasks to queue
[2025-03-17T11:01:27.307+0000] {logging_mixin.py:151} INFO - [2025-03-17T11:01:27.306+0000] {dagbag.py:536} INFO - Filling up the DagBag from /opt/airflow/dags/extract_exchange_rates.py
[2025-03-17T11:01:27.317+0000] {processor.py:839} INFO - DAG(s) dict_keys(['extract_exchange_rates']) retrieved from /opt/airflow/dags/extract_exchange_rates.py
[2025-03-17T11:01:27.331+0000] {logging_mixin.py:151} INFO - [2025-03-17T11:01:27.331+0000] {dag.py:2941} INFO - Sync 1 DAGs
[2025-03-17T11:01:27.342+0000] {logging_mixin.py:151} INFO - [2025-03-17T11:01:27.342+0000] {dag.py:3722} INFO - Setting next_dagrun for extract_exchange_rates to 2025-03-17T00:00:00+00:00, run_after=2025-03-18T00:00:00+00:00
[2025-03-17T11:01:27.349+0000] {processor.py:179} INFO - Processing /opt/airflow/dags/extract_exchange_rates.py took 0.046 seconds
[2025-03-17T11:01:57.524+0000] {processor.py:157} INFO - Started process (PID=425) to work on /opt/airflow/dags/extract_exchange_rates.py
[2025-03-17T11:01:57.525+0000] {processor.py:829} INFO - Processing file /opt/airflow/dags/extract_exchange_rates.py for tasks to queue
[2025-03-17T11:01:57.526+0000] {logging_mixin.py:151} INFO - [2025-03-17T11:01:57.525+0000] {dagbag.py:536} INFO - Filling up the DagBag from /opt/airflow/dags/extract_exchange_rates.py
[2025-03-17T11:01:57.535+0000] {processor.py:839} INFO - DAG(s) dict_keys(['extract_exchange_rates']) retrieved from /opt/airflow/dags/extract_exchange_rates.py
[2025-03-17T11:01:57.548+0000] {logging_mixin.py:151} INFO - [2025-03-17T11:01:57.548+0000] {dag.py:2941} INFO - Sync 1 DAGs
[2025-03-17T11:01:57.558+0000] {logging_mixin.py:151} INFO - [2025-03-17T11:01:57.558+0000] {dag.py:3722} INFO - Setting next_dagrun for extract_exchange_rates to 2025-03-17T00:00:00+00:00, run_after=2025-03-18T00:00:00+00:00
[2025-03-17T11:01:57.565+0000] {processor.py:179} INFO - Processing /opt/airflow/dags/extract_exchange_rates.py took 0.043 seconds
[2025-03-17T11:02:27.753+0000] {processor.py:157} INFO - Started process (PID=430) to work on /opt/airflow/dags/extract_exchange_rates.py
[2025-03-17T11:02:27.755+0000] {processor.py:829} INFO - Processing file /opt/airflow/dags/extract_exchange_rates.py for tasks to queue
[2025-03-17T11:02:27.755+0000] {logging_mixin.py:151} INFO - [2025-03-17T11:02:27.755+0000] {dagbag.py:536} INFO - Filling up the DagBag from /opt/airflow/dags/extract_exchange_rates.py
[2025-03-17T11:02:27.764+0000] {processor.py:839} INFO - DAG(s) dict_keys(['extract_exchange_rates']) retrieved from /opt/airflow/dags/extract_exchange_rates.py
[2025-03-17T11:02:27.777+0000] {logging_mixin.py:151} INFO - [2025-03-17T11:02:27.777+0000] {dag.py:2941} INFO - Sync 1 DAGs
[2025-03-17T11:02:27.787+0000] {logging_mixin.py:151} INFO - [2025-03-17T11:02:27.787+0000] {dag.py:3722} INFO - Setting next_dagrun for extract_exchange_rates to 2025-03-17T00:00:00+00:00, run_after=2025-03-18T00:00:00+00:00
[2025-03-17T11:02:27.794+0000] {processor.py:179} INFO - Processing /opt/airflow/dags/extract_exchange_rates.py took 0.043 seconds
[2025-03-17T11:02:58.008+0000] {processor.py:157} INFO - Started process (PID=435) to work on /opt/airflow/dags/extract_exchange_rates.py
[2025-03-17T11:02:58.009+0000] {processor.py:829} INFO - Processing file /opt/airflow/dags/extract_exchange_rates.py for tasks to queue
[2025-03-17T11:02:58.009+0000] {logging_mixin.py:151} INFO - [2025-03-17T11:02:58.009+0000] {dagbag.py:536} INFO - Filling up the DagBag from /opt/airflow/dags/extract_exchange_rates.py
[2025-03-17T11:02:58.019+0000] {processor.py:839} INFO - DAG(s) dict_keys(['extract_exchange_rates']) retrieved from /opt/airflow/dags/extract_exchange_rates.py
[2025-03-17T11:02:58.032+0000] {logging_mixin.py:151} INFO - [2025-03-17T11:02:58.032+0000] {dag.py:2941} INFO - Sync 1 DAGs
[2025-03-17T11:02:58.044+0000] {logging_mixin.py:151} INFO - [2025-03-17T11:02:58.043+0000] {dag.py:3722} INFO - Setting next_dagrun for extract_exchange_rates to 2025-03-17T00:00:00+00:00, run_after=2025-03-18T00:00:00+00:00
[2025-03-17T11:02:58.051+0000] {processor.py:179} INFO - Processing /opt/airflow/dags/extract_exchange_rates.py took 0.045 seconds
[2025-03-17T11:03:28.236+0000] {processor.py:157} INFO - Started process (PID=440) to work on /opt/airflow/dags/extract_exchange_rates.py
[2025-03-17T11:03:28.237+0000] {processor.py:829} INFO - Processing file /opt/airflow/dags/extract_exchange_rates.py for tasks to queue
[2025-03-17T11:03:28.238+0000] {logging_mixin.py:151} INFO - [2025-03-17T11:03:28.237+0000] {dagbag.py:536} INFO - Filling up the DagBag from /opt/airflow/dags/extract_exchange_rates.py
[2025-03-17T11:03:28.250+0000] {processor.py:839} INFO - DAG(s) dict_keys(['extract_exchange_rates']) retrieved from /opt/airflow/dags/extract_exchange_rates.py
[2025-03-17T11:03:28.264+0000] {logging_mixin.py:151} INFO - [2025-03-17T11:03:28.264+0000] {dag.py:2941} INFO - Sync 1 DAGs
[2025-03-17T11:03:28.276+0000] {logging_mixin.py:151} INFO - [2025-03-17T11:03:28.276+0000] {dag.py:3722} INFO - Setting next_dagrun for extract_exchange_rates to 2025-03-17T00:00:00+00:00, run_after=2025-03-18T00:00:00+00:00
[2025-03-17T11:03:28.283+0000] {processor.py:179} INFO - Processing /opt/airflow/dags/extract_exchange_rates.py took 0.050 seconds
[2025-03-17T11:03:58.456+0000] {processor.py:157} INFO - Started process (PID=445) to work on /opt/airflow/dags/extract_exchange_rates.py
[2025-03-17T11:03:58.457+0000] {processor.py:829} INFO - Processing file /opt/airflow/dags/extract_exchange_rates.py for tasks to queue
[2025-03-17T11:03:58.457+0000] {logging_mixin.py:151} INFO - [2025-03-17T11:03:58.457+0000] {dagbag.py:536} INFO - Filling up the DagBag from /opt/airflow/dags/extract_exchange_rates.py
[2025-03-17T11:03:58.468+0000] {processor.py:839} INFO - DAG(s) dict_keys(['extract_exchange_rates']) retrieved from /opt/airflow/dags/extract_exchange_rates.py
[2025-03-17T11:03:58.481+0000] {logging_mixin.py:151} INFO - [2025-03-17T11:03:58.481+0000] {dag.py:2941} INFO - Sync 1 DAGs
[2025-03-17T11:03:58.492+0000] {logging_mixin.py:151} INFO - [2025-03-17T11:03:58.492+0000] {dag.py:3722} INFO - Setting next_dagrun for extract_exchange_rates to 2025-03-17T00:00:00+00:00, run_after=2025-03-18T00:00:00+00:00
[2025-03-17T11:03:58.499+0000] {processor.py:179} INFO - Processing /opt/airflow/dags/extract_exchange_rates.py took 0.045 seconds
[2025-03-17T11:04:28.691+0000] {processor.py:157} INFO - Started process (PID=450) to work on /opt/airflow/dags/extract_exchange_rates.py
[2025-03-17T11:04:28.691+0000] {processor.py:829} INFO - Processing file /opt/airflow/dags/extract_exchange_rates.py for tasks to queue
[2025-03-17T11:04:28.692+0000] {logging_mixin.py:151} INFO - [2025-03-17T11:04:28.691+0000] {dagbag.py:536} INFO - Filling up the DagBag from /opt/airflow/dags/extract_exchange_rates.py
[2025-03-17T11:04:28.701+0000] {processor.py:839} INFO - DAG(s) dict_keys(['extract_exchange_rates']) retrieved from /opt/airflow/dags/extract_exchange_rates.py
[2025-03-17T11:04:28.715+0000] {logging_mixin.py:151} INFO - [2025-03-17T11:04:28.715+0000] {dag.py:2941} INFO - Sync 1 DAGs
[2025-03-17T11:04:28.725+0000] {logging_mixin.py:151} INFO - [2025-03-17T11:04:28.725+0000] {dag.py:3722} INFO - Setting next_dagrun for extract_exchange_rates to 2025-03-17T00:00:00+00:00, run_after=2025-03-18T00:00:00+00:00
[2025-03-17T11:04:28.732+0000] {processor.py:179} INFO - Processing /opt/airflow/dags/extract_exchange_rates.py took 0.043 seconds
[2025-03-17T11:04:58.911+0000] {processor.py:157} INFO - Started process (PID=455) to work on /opt/airflow/dags/extract_exchange_rates.py
[2025-03-17T11:04:58.912+0000] {processor.py:829} INFO - Processing file /opt/airflow/dags/extract_exchange_rates.py for tasks to queue
[2025-03-17T11:04:58.912+0000] {logging_mixin.py:151} INFO - [2025-03-17T11:04:58.912+0000] {dagbag.py:536} INFO - Filling up the DagBag from /opt/airflow/dags/extract_exchange_rates.py
[2025-03-17T11:04:58.922+0000] {processor.py:839} INFO - DAG(s) dict_keys(['extract_exchange_rates']) retrieved from /opt/airflow/dags/extract_exchange_rates.py
[2025-03-17T11:04:58.936+0000] {logging_mixin.py:151} INFO - [2025-03-17T11:04:58.936+0000] {dag.py:2941} INFO - Sync 1 DAGs
[2025-03-17T11:04:58.946+0000] {logging_mixin.py:151} INFO - [2025-03-17T11:04:58.946+0000] {dag.py:3722} INFO - Setting next_dagrun for extract_exchange_rates to 2025-03-17T00:00:00+00:00, run_after=2025-03-18T00:00:00+00:00
[2025-03-17T11:04:58.954+0000] {processor.py:179} INFO - Processing /opt/airflow/dags/extract_exchange_rates.py took 0.045 seconds
[2025-03-17T11:05:29.159+0000] {processor.py:157} INFO - Started process (PID=460) to work on /opt/airflow/dags/extract_exchange_rates.py
[2025-03-17T11:05:29.159+0000] {processor.py:829} INFO - Processing file /opt/airflow/dags/extract_exchange_rates.py for tasks to queue
[2025-03-17T11:05:29.160+0000] {logging_mixin.py:151} INFO - [2025-03-17T11:05:29.160+0000] {dagbag.py:536} INFO - Filling up the DagBag from /opt/airflow/dags/extract_exchange_rates.py
[2025-03-17T11:05:29.171+0000] {processor.py:839} INFO - DAG(s) dict_keys(['extract_exchange_rates']) retrieved from /opt/airflow/dags/extract_exchange_rates.py
[2025-03-17T11:05:29.186+0000] {logging_mixin.py:151} INFO - [2025-03-17T11:05:29.186+0000] {dag.py:2941} INFO - Sync 1 DAGs
[2025-03-17T11:05:29.196+0000] {logging_mixin.py:151} INFO - [2025-03-17T11:05:29.196+0000] {dag.py:3722} INFO - Setting next_dagrun for extract_exchange_rates to 2025-03-17T00:00:00+00:00, run_after=2025-03-18T00:00:00+00:00
[2025-03-17T11:05:29.204+0000] {processor.py:179} INFO - Processing /opt/airflow/dags/extract_exchange_rates.py took 0.048 seconds
[2025-03-17T11:05:59.393+0000] {processor.py:157} INFO - Started process (PID=465) to work on /opt/airflow/dags/extract_exchange_rates.py
[2025-03-17T11:05:59.394+0000] {processor.py:829} INFO - Processing file /opt/airflow/dags/extract_exchange_rates.py for tasks to queue
[2025-03-17T11:05:59.395+0000] {logging_mixin.py:151} INFO - [2025-03-17T11:05:59.395+0000] {dagbag.py:536} INFO - Filling up the DagBag from /opt/airflow/dags/extract_exchange_rates.py
[2025-03-17T11:05:59.402+0000] {processor.py:839} INFO - DAG(s) dict_keys(['extract_exchange_rates']) retrieved from /opt/airflow/dags/extract_exchange_rates.py
[2025-03-17T11:05:59.415+0000] {logging_mixin.py:151} INFO - [2025-03-17T11:05:59.415+0000] {dag.py:2941} INFO - Sync 1 DAGs
[2025-03-17T11:05:59.425+0000] {logging_mixin.py:151} INFO - [2025-03-17T11:05:59.425+0000] {dag.py:3722} INFO - Setting next_dagrun for extract_exchange_rates to 2025-03-17T00:00:00+00:00, run_after=2025-03-18T00:00:00+00:00
[2025-03-17T11:05:59.433+0000] {processor.py:179} INFO - Processing /opt/airflow/dags/extract_exchange_rates.py took 0.042 seconds
[2025-03-17T11:06:29.619+0000] {processor.py:157} INFO - Started process (PID=470) to work on /opt/airflow/dags/extract_exchange_rates.py
[2025-03-17T11:06:29.620+0000] {processor.py:829} INFO - Processing file /opt/airflow/dags/extract_exchange_rates.py for tasks to queue
[2025-03-17T11:06:29.620+0000] {logging_mixin.py:151} INFO - [2025-03-17T11:06:29.620+0000] {dagbag.py:536} INFO - Filling up the DagBag from /opt/airflow/dags/extract_exchange_rates.py
[2025-03-17T11:06:29.631+0000] {processor.py:839} INFO - DAG(s) dict_keys(['extract_exchange_rates']) retrieved from /opt/airflow/dags/extract_exchange_rates.py
[2025-03-17T11:06:29.645+0000] {logging_mixin.py:151} INFO - [2025-03-17T11:06:29.645+0000] {dag.py:2941} INFO - Sync 1 DAGs
[2025-03-17T11:06:29.656+0000] {logging_mixin.py:151} INFO - [2025-03-17T11:06:29.656+0000] {dag.py:3722} INFO - Setting next_dagrun for extract_exchange_rates to 2025-03-17T00:00:00+00:00, run_after=2025-03-18T00:00:00+00:00
[2025-03-17T11:06:29.663+0000] {processor.py:179} INFO - Processing /opt/airflow/dags/extract_exchange_rates.py took 0.047 seconds
[2025-03-17T11:06:59.823+0000] {processor.py:157} INFO - Started process (PID=475) to work on /opt/airflow/dags/extract_exchange_rates.py
[2025-03-17T11:06:59.824+0000] {processor.py:829} INFO - Processing file /opt/airflow/dags/extract_exchange_rates.py for tasks to queue
[2025-03-17T11:06:59.824+0000] {logging_mixin.py:151} INFO - [2025-03-17T11:06:59.824+0000] {dagbag.py:536} INFO - Filling up the DagBag from /opt/airflow/dags/extract_exchange_rates.py
[2025-03-17T11:06:59.834+0000] {processor.py:839} INFO - DAG(s) dict_keys(['extract_exchange_rates']) retrieved from /opt/airflow/dags/extract_exchange_rates.py
[2025-03-17T11:06:59.847+0000] {logging_mixin.py:151} INFO - [2025-03-17T11:06:59.847+0000] {dag.py:2941} INFO - Sync 1 DAGs
[2025-03-17T11:06:59.859+0000] {logging_mixin.py:151} INFO - [2025-03-17T11:06:59.859+0000] {dag.py:3722} INFO - Setting next_dagrun for extract_exchange_rates to 2025-03-17T00:00:00+00:00, run_after=2025-03-18T00:00:00+00:00
[2025-03-17T11:06:59.866+0000] {processor.py:179} INFO - Processing /opt/airflow/dags/extract_exchange_rates.py took 0.045 seconds
[2025-03-17T11:07:30.063+0000] {processor.py:157} INFO - Started process (PID=480) to work on /opt/airflow/dags/extract_exchange_rates.py
[2025-03-17T11:07:30.063+0000] {processor.py:829} INFO - Processing file /opt/airflow/dags/extract_exchange_rates.py for tasks to queue
[2025-03-17T11:07:30.064+0000] {logging_mixin.py:151} INFO - [2025-03-17T11:07:30.064+0000] {dagbag.py:536} INFO - Filling up the DagBag from /opt/airflow/dags/extract_exchange_rates.py
[2025-03-17T11:07:30.074+0000] {processor.py:839} INFO - DAG(s) dict_keys(['extract_exchange_rates']) retrieved from /opt/airflow/dags/extract_exchange_rates.py
[2025-03-17T11:07:30.087+0000] {logging_mixin.py:151} INFO - [2025-03-17T11:07:30.087+0000] {dag.py:2941} INFO - Sync 1 DAGs
[2025-03-17T11:07:30.097+0000] {logging_mixin.py:151} INFO - [2025-03-17T11:07:30.097+0000] {dag.py:3722} INFO - Setting next_dagrun for extract_exchange_rates to 2025-03-17T00:00:00+00:00, run_after=2025-03-18T00:00:00+00:00
[2025-03-17T11:07:30.105+0000] {processor.py:179} INFO - Processing /opt/airflow/dags/extract_exchange_rates.py took 0.045 seconds
[2025-03-17T11:08:00.324+0000] {processor.py:157} INFO - Started process (PID=485) to work on /opt/airflow/dags/extract_exchange_rates.py
[2025-03-17T11:08:00.326+0000] {processor.py:829} INFO - Processing file /opt/airflow/dags/extract_exchange_rates.py for tasks to queue
[2025-03-17T11:08:00.327+0000] {logging_mixin.py:151} INFO - [2025-03-17T11:08:00.326+0000] {dagbag.py:536} INFO - Filling up the DagBag from /opt/airflow/dags/extract_exchange_rates.py
[2025-03-17T11:08:00.339+0000] {processor.py:839} INFO - DAG(s) dict_keys(['extract_exchange_rates']) retrieved from /opt/airflow/dags/extract_exchange_rates.py
[2025-03-17T11:08:00.353+0000] {logging_mixin.py:151} INFO - [2025-03-17T11:08:00.353+0000] {dag.py:2941} INFO - Sync 1 DAGs
[2025-03-17T11:08:00.364+0000] {logging_mixin.py:151} INFO - [2025-03-17T11:08:00.364+0000] {dag.py:3722} INFO - Setting next_dagrun for extract_exchange_rates to 2025-03-17T00:00:00+00:00, run_after=2025-03-18T00:00:00+00:00
[2025-03-17T11:08:00.371+0000] {processor.py:179} INFO - Processing /opt/airflow/dags/extract_exchange_rates.py took 0.049 seconds
[2025-03-17T11:08:30.540+0000] {processor.py:157} INFO - Started process (PID=490) to work on /opt/airflow/dags/extract_exchange_rates.py
[2025-03-17T11:08:30.540+0000] {processor.py:829} INFO - Processing file /opt/airflow/dags/extract_exchange_rates.py for tasks to queue
[2025-03-17T11:08:30.541+0000] {logging_mixin.py:151} INFO - [2025-03-17T11:08:30.541+0000] {dagbag.py:536} INFO - Filling up the DagBag from /opt/airflow/dags/extract_exchange_rates.py
[2025-03-17T11:08:30.549+0000] {processor.py:839} INFO - DAG(s) dict_keys(['extract_exchange_rates']) retrieved from /opt/airflow/dags/extract_exchange_rates.py
[2025-03-17T11:08:30.560+0000] {logging_mixin.py:151} INFO - [2025-03-17T11:08:30.560+0000] {dag.py:2941} INFO - Sync 1 DAGs
[2025-03-17T11:08:30.569+0000] {logging_mixin.py:151} INFO - [2025-03-17T11:08:30.569+0000] {dag.py:3722} INFO - Setting next_dagrun for extract_exchange_rates to 2025-03-17T00:00:00+00:00, run_after=2025-03-18T00:00:00+00:00
[2025-03-17T11:08:30.576+0000] {processor.py:179} INFO - Processing /opt/airflow/dags/extract_exchange_rates.py took 0.037 seconds
[2025-03-17T11:09:00.786+0000] {processor.py:157} INFO - Started process (PID=495) to work on /opt/airflow/dags/extract_exchange_rates.py
[2025-03-17T11:09:00.787+0000] {processor.py:829} INFO - Processing file /opt/airflow/dags/extract_exchange_rates.py for tasks to queue
[2025-03-17T11:09:00.787+0000] {logging_mixin.py:151} INFO - [2025-03-17T11:09:00.787+0000] {dagbag.py:536} INFO - Filling up the DagBag from /opt/airflow/dags/extract_exchange_rates.py
[2025-03-17T11:09:00.796+0000] {processor.py:839} INFO - DAG(s) dict_keys(['extract_exchange_rates']) retrieved from /opt/airflow/dags/extract_exchange_rates.py
[2025-03-17T11:09:00.809+0000] {logging_mixin.py:151} INFO - [2025-03-17T11:09:00.809+0000] {dag.py:2941} INFO - Sync 1 DAGs
[2025-03-17T11:09:00.819+0000] {logging_mixin.py:151} INFO - [2025-03-17T11:09:00.819+0000] {dag.py:3722} INFO - Setting next_dagrun for extract_exchange_rates to 2025-03-17T00:00:00+00:00, run_after=2025-03-18T00:00:00+00:00
[2025-03-17T11:09:00.826+0000] {processor.py:179} INFO - Processing /opt/airflow/dags/extract_exchange_rates.py took 0.042 seconds
[2025-03-17T11:09:31.018+0000] {processor.py:157} INFO - Started process (PID=500) to work on /opt/airflow/dags/extract_exchange_rates.py
[2025-03-17T11:09:31.019+0000] {processor.py:829} INFO - Processing file /opt/airflow/dags/extract_exchange_rates.py for tasks to queue
[2025-03-17T11:09:31.020+0000] {logging_mixin.py:151} INFO - [2025-03-17T11:09:31.019+0000] {dagbag.py:536} INFO - Filling up the DagBag from /opt/airflow/dags/extract_exchange_rates.py
[2025-03-17T11:09:31.030+0000] {processor.py:839} INFO - DAG(s) dict_keys(['extract_exchange_rates']) retrieved from /opt/airflow/dags/extract_exchange_rates.py
[2025-03-17T11:09:31.043+0000] {logging_mixin.py:151} INFO - [2025-03-17T11:09:31.043+0000] {dag.py:2941} INFO - Sync 1 DAGs
[2025-03-17T11:09:31.054+0000] {logging_mixin.py:151} INFO - [2025-03-17T11:09:31.054+0000] {dag.py:3722} INFO - Setting next_dagrun for extract_exchange_rates to 2025-03-17T00:00:00+00:00, run_after=2025-03-18T00:00:00+00:00
[2025-03-17T11:09:31.061+0000] {processor.py:179} INFO - Processing /opt/airflow/dags/extract_exchange_rates.py took 0.045 seconds
[2025-03-17T11:10:01.243+0000] {processor.py:157} INFO - Started process (PID=505) to work on /opt/airflow/dags/extract_exchange_rates.py
[2025-03-17T11:10:01.244+0000] {processor.py:829} INFO - Processing file /opt/airflow/dags/extract_exchange_rates.py for tasks to queue
[2025-03-17T11:10:01.245+0000] {logging_mixin.py:151} INFO - [2025-03-17T11:10:01.244+0000] {dagbag.py:536} INFO - Filling up the DagBag from /opt/airflow/dags/extract_exchange_rates.py
[2025-03-17T11:10:01.256+0000] {processor.py:839} INFO - DAG(s) dict_keys(['extract_exchange_rates']) retrieved from /opt/airflow/dags/extract_exchange_rates.py
[2025-03-17T11:10:01.272+0000] {logging_mixin.py:151} INFO - [2025-03-17T11:10:01.272+0000] {dag.py:2941} INFO - Sync 1 DAGs
[2025-03-17T11:10:01.283+0000] {logging_mixin.py:151} INFO - [2025-03-17T11:10:01.283+0000] {dag.py:3722} INFO - Setting next_dagrun for extract_exchange_rates to 2025-03-17T00:00:00+00:00, run_after=2025-03-18T00:00:00+00:00
[2025-03-17T11:10:01.291+0000] {processor.py:179} INFO - Processing /opt/airflow/dags/extract_exchange_rates.py took 0.051 seconds
[2025-03-17T11:10:31.495+0000] {processor.py:157} INFO - Started process (PID=510) to work on /opt/airflow/dags/extract_exchange_rates.py
[2025-03-17T11:10:31.496+0000] {processor.py:829} INFO - Processing file /opt/airflow/dags/extract_exchange_rates.py for tasks to queue
[2025-03-17T11:10:31.496+0000] {logging_mixin.py:151} INFO - [2025-03-17T11:10:31.496+0000] {dagbag.py:536} INFO - Filling up the DagBag from /opt/airflow/dags/extract_exchange_rates.py
[2025-03-17T11:10:31.506+0000] {processor.py:839} INFO - DAG(s) dict_keys(['extract_exchange_rates']) retrieved from /opt/airflow/dags/extract_exchange_rates.py
[2025-03-17T11:10:31.520+0000] {logging_mixin.py:151} INFO - [2025-03-17T11:10:31.520+0000] {dag.py:2941} INFO - Sync 1 DAGs
[2025-03-17T11:10:31.531+0000] {logging_mixin.py:151} INFO - [2025-03-17T11:10:31.531+0000] {dag.py:3722} INFO - Setting next_dagrun for extract_exchange_rates to 2025-03-17T00:00:00+00:00, run_after=2025-03-18T00:00:00+00:00
[2025-03-17T11:10:31.540+0000] {processor.py:179} INFO - Processing /opt/airflow/dags/extract_exchange_rates.py took 0.047 seconds
[2025-03-17T11:11:01.699+0000] {processor.py:157} INFO - Started process (PID=515) to work on /opt/airflow/dags/extract_exchange_rates.py
[2025-03-17T11:11:01.700+0000] {processor.py:829} INFO - Processing file /opt/airflow/dags/extract_exchange_rates.py for tasks to queue
[2025-03-17T11:11:01.700+0000] {logging_mixin.py:151} INFO - [2025-03-17T11:11:01.700+0000] {dagbag.py:536} INFO - Filling up the DagBag from /opt/airflow/dags/extract_exchange_rates.py
[2025-03-17T11:11:01.711+0000] {processor.py:839} INFO - DAG(s) dict_keys(['extract_exchange_rates']) retrieved from /opt/airflow/dags/extract_exchange_rates.py
[2025-03-17T11:11:01.726+0000] {logging_mixin.py:151} INFO - [2025-03-17T11:11:01.726+0000] {dag.py:2941} INFO - Sync 1 DAGs
[2025-03-17T11:11:01.738+0000] {logging_mixin.py:151} INFO - [2025-03-17T11:11:01.738+0000] {dag.py:3722} INFO - Setting next_dagrun for extract_exchange_rates to 2025-03-17T00:00:00+00:00, run_after=2025-03-18T00:00:00+00:00
[2025-03-17T11:11:01.745+0000] {processor.py:179} INFO - Processing /opt/airflow/dags/extract_exchange_rates.py took 0.048 seconds
[2025-03-17T11:11:31.947+0000] {processor.py:157} INFO - Started process (PID=520) to work on /opt/airflow/dags/extract_exchange_rates.py
[2025-03-17T11:11:31.948+0000] {processor.py:829} INFO - Processing file /opt/airflow/dags/extract_exchange_rates.py for tasks to queue
[2025-03-17T11:11:31.948+0000] {logging_mixin.py:151} INFO - [2025-03-17T11:11:31.948+0000] {dagbag.py:536} INFO - Filling up the DagBag from /opt/airflow/dags/extract_exchange_rates.py
[2025-03-17T11:11:31.958+0000] {processor.py:839} INFO - DAG(s) dict_keys(['extract_exchange_rates']) retrieved from /opt/airflow/dags/extract_exchange_rates.py
[2025-03-17T11:11:31.972+0000] {logging_mixin.py:151} INFO - [2025-03-17T11:11:31.972+0000] {dag.py:2941} INFO - Sync 1 DAGs
[2025-03-17T11:11:31.982+0000] {logging_mixin.py:151} INFO - [2025-03-17T11:11:31.982+0000] {dag.py:3722} INFO - Setting next_dagrun for extract_exchange_rates to 2025-03-17T00:00:00+00:00, run_after=2025-03-18T00:00:00+00:00
[2025-03-17T11:11:31.990+0000] {processor.py:179} INFO - Processing /opt/airflow/dags/extract_exchange_rates.py took 0.045 seconds
[2025-03-17T11:12:02.216+0000] {processor.py:157} INFO - Started process (PID=525) to work on /opt/airflow/dags/extract_exchange_rates.py
[2025-03-17T11:12:02.217+0000] {processor.py:829} INFO - Processing file /opt/airflow/dags/extract_exchange_rates.py for tasks to queue
[2025-03-17T11:12:02.217+0000] {logging_mixin.py:151} INFO - [2025-03-17T11:12:02.217+0000] {dagbag.py:536} INFO - Filling up the DagBag from /opt/airflow/dags/extract_exchange_rates.py
[2025-03-17T11:12:02.226+0000] {processor.py:839} INFO - DAG(s) dict_keys(['extract_exchange_rates']) retrieved from /opt/airflow/dags/extract_exchange_rates.py
[2025-03-17T11:12:02.240+0000] {logging_mixin.py:151} INFO - [2025-03-17T11:12:02.239+0000] {dag.py:2941} INFO - Sync 1 DAGs
[2025-03-17T11:12:02.250+0000] {logging_mixin.py:151} INFO - [2025-03-17T11:12:02.250+0000] {dag.py:3722} INFO - Setting next_dagrun for extract_exchange_rates to 2025-03-17T00:00:00+00:00, run_after=2025-03-18T00:00:00+00:00
[2025-03-17T11:12:02.257+0000] {processor.py:179} INFO - Processing /opt/airflow/dags/extract_exchange_rates.py took 0.043 seconds
[2025-03-17T11:12:32.445+0000] {processor.py:157} INFO - Started process (PID=530) to work on /opt/airflow/dags/extract_exchange_rates.py
[2025-03-17T11:12:32.445+0000] {processor.py:829} INFO - Processing file /opt/airflow/dags/extract_exchange_rates.py for tasks to queue
[2025-03-17T11:12:32.446+0000] {logging_mixin.py:151} INFO - [2025-03-17T11:12:32.446+0000] {dagbag.py:536} INFO - Filling up the DagBag from /opt/airflow/dags/extract_exchange_rates.py
[2025-03-17T11:12:32.456+0000] {processor.py:839} INFO - DAG(s) dict_keys(['extract_exchange_rates']) retrieved from /opt/airflow/dags/extract_exchange_rates.py
[2025-03-17T11:12:32.470+0000] {logging_mixin.py:151} INFO - [2025-03-17T11:12:32.470+0000] {dag.py:2941} INFO - Sync 1 DAGs
[2025-03-17T11:12:32.481+0000] {logging_mixin.py:151} INFO - [2025-03-17T11:12:32.481+0000] {dag.py:3722} INFO - Setting next_dagrun for extract_exchange_rates to 2025-03-17T00:00:00+00:00, run_after=2025-03-18T00:00:00+00:00
[2025-03-17T11:12:32.488+0000] {processor.py:179} INFO - Processing /opt/airflow/dags/extract_exchange_rates.py took 0.046 seconds
[2025-03-17T11:13:02.653+0000] {processor.py:157} INFO - Started process (PID=535) to work on /opt/airflow/dags/extract_exchange_rates.py
[2025-03-17T11:13:02.654+0000] {processor.py:829} INFO - Processing file /opt/airflow/dags/extract_exchange_rates.py for tasks to queue
[2025-03-17T11:13:02.655+0000] {logging_mixin.py:151} INFO - [2025-03-17T11:13:02.655+0000] {dagbag.py:536} INFO - Filling up the DagBag from /opt/airflow/dags/extract_exchange_rates.py
[2025-03-17T11:13:02.665+0000] {processor.py:839} INFO - DAG(s) dict_keys(['extract_exchange_rates']) retrieved from /opt/airflow/dags/extract_exchange_rates.py
[2025-03-17T11:13:02.677+0000] {logging_mixin.py:151} INFO - [2025-03-17T11:13:02.677+0000] {dag.py:2941} INFO - Sync 1 DAGs
[2025-03-17T11:13:02.687+0000] {logging_mixin.py:151} INFO - [2025-03-17T11:13:02.686+0000] {dag.py:3722} INFO - Setting next_dagrun for extract_exchange_rates to 2025-03-17T00:00:00+00:00, run_after=2025-03-18T00:00:00+00:00
[2025-03-17T11:13:02.694+0000] {processor.py:179} INFO - Processing /opt/airflow/dags/extract_exchange_rates.py took 0.042 seconds
[2025-03-17T12:07:29.070+0000] {processor.py:157} INFO - Started process (PID=175) to work on /opt/airflow/dags/extract_exchange_rates.py
[2025-03-17T12:07:29.072+0000] {processor.py:829} INFO - Processing file /opt/airflow/dags/extract_exchange_rates.py for tasks to queue
[2025-03-17T12:07:29.072+0000] {logging_mixin.py:151} INFO - [2025-03-17T12:07:29.072+0000] {dagbag.py:536} INFO - Filling up the DagBag from /opt/airflow/dags/extract_exchange_rates.py
[2025-03-17T12:07:29.080+0000] {processor.py:839} INFO - DAG(s) dict_keys(['extract_exchange_rates']) retrieved from /opt/airflow/dags/extract_exchange_rates.py
[2025-03-17T12:07:29.090+0000] {logging_mixin.py:151} INFO - [2025-03-17T12:07:29.090+0000] {dag.py:2941} INFO - Sync 1 DAGs
[2025-03-17T12:07:29.099+0000] {logging_mixin.py:151} INFO - [2025-03-17T12:07:29.099+0000] {dag.py:3722} INFO - Setting next_dagrun for extract_exchange_rates to 2025-03-17T00:00:00+00:00, run_after=2025-03-18T00:00:00+00:00
[2025-03-17T12:07:29.107+0000] {processor.py:179} INFO - Processing /opt/airflow/dags/extract_exchange_rates.py took 0.038 seconds
[2025-03-17T18:04:20.055+0000] {processor.py:157} INFO - Started process (PID=175) to work on /opt/airflow/dags/extract_exchange_rates.py
[2025-03-17T18:04:20.056+0000] {processor.py:829} INFO - Processing file /opt/airflow/dags/extract_exchange_rates.py for tasks to queue
[2025-03-17T18:04:20.058+0000] {logging_mixin.py:151} INFO - [2025-03-17T18:04:20.058+0000] {dagbag.py:536} INFO - Filling up the DagBag from /opt/airflow/dags/extract_exchange_rates.py
[2025-03-17T18:04:20.068+0000] {processor.py:839} INFO - DAG(s) dict_keys(['extract_exchange_rates']) retrieved from /opt/airflow/dags/extract_exchange_rates.py
[2025-03-17T18:04:20.080+0000] {logging_mixin.py:151} INFO - [2025-03-17T18:04:20.080+0000] {dag.py:2941} INFO - Sync 1 DAGs
[2025-03-17T18:04:20.090+0000] {logging_mixin.py:151} INFO - [2025-03-17T18:04:20.090+0000] {dag.py:3722} INFO - Setting next_dagrun for extract_exchange_rates to 2025-03-17T00:00:00+00:00, run_after=2025-03-18T00:00:00+00:00
[2025-03-17T18:04:20.098+0000] {processor.py:179} INFO - Processing /opt/airflow/dags/extract_exchange_rates.py took 0.045 seconds
