[2025-04-19T20:42:12.137+0000] {processor.py:157} INFO - Started process (PID=174) to work on /opt/airflow/dags/extract_exchange_rates.py
[2025-04-19T20:42:12.138+0000] {processor.py:829} INFO - Processing file /opt/airflow/dags/extract_exchange_rates.py for tasks to queue
[2025-04-19T20:42:12.139+0000] {logging_mixin.py:151} INFO - [2025-04-19T20:42:12.139+0000] {dagbag.py:536} INFO - Filling up the DagBag from /opt/airflow/dags/extract_exchange_rates.py
[2025-04-19T20:42:12.147+0000] {processor.py:839} INFO - DAG(s) dict_keys(['extract_exchange_rates']) retrieved from /opt/airflow/dags/extract_exchange_rates.py
[2025-04-19T20:42:12.159+0000] {logging_mixin.py:151} INFO - [2025-04-19T20:42:12.159+0000] {dag.py:2941} INFO - Sync 1 DAGs
[2025-04-19T20:42:12.171+0000] {logging_mixin.py:151} INFO - [2025-04-19T20:42:12.170+0000] {dag.py:3722} INFO - Setting next_dagrun for extract_exchange_rates to 2025-04-19T00:00:00+00:00, run_after=2025-04-20T00:00:00+00:00
[2025-04-19T20:42:12.182+0000] {processor.py:179} INFO - Processing /opt/airflow/dags/extract_exchange_rates.py took 0.047 seconds
[2025-04-19T20:42:42.370+0000] {processor.py:157} INFO - Started process (PID=210) to work on /opt/airflow/dags/extract_exchange_rates.py
[2025-04-19T20:42:42.371+0000] {processor.py:829} INFO - Processing file /opt/airflow/dags/extract_exchange_rates.py for tasks to queue
[2025-04-19T20:42:42.372+0000] {logging_mixin.py:151} INFO - [2025-04-19T20:42:42.371+0000] {dagbag.py:536} INFO - Filling up the DagBag from /opt/airflow/dags/extract_exchange_rates.py
[2025-04-19T20:42:42.380+0000] {processor.py:839} INFO - DAG(s) dict_keys(['extract_exchange_rates']) retrieved from /opt/airflow/dags/extract_exchange_rates.py
[2025-04-19T20:42:42.393+0000] {logging_mixin.py:151} INFO - [2025-04-19T20:42:42.393+0000] {dag.py:2941} INFO - Sync 1 DAGs
[2025-04-19T20:42:42.403+0000] {logging_mixin.py:151} INFO - [2025-04-19T20:42:42.403+0000] {dag.py:3722} INFO - Setting next_dagrun for extract_exchange_rates to 2025-04-19T00:00:00+00:00, run_after=2025-04-20T00:00:00+00:00
[2025-04-19T20:42:42.410+0000] {processor.py:179} INFO - Processing /opt/airflow/dags/extract_exchange_rates.py took 0.041 seconds
[2025-04-19T20:43:12.594+0000] {processor.py:157} INFO - Started process (PID=215) to work on /opt/airflow/dags/extract_exchange_rates.py
[2025-04-19T20:43:12.594+0000] {processor.py:829} INFO - Processing file /opt/airflow/dags/extract_exchange_rates.py for tasks to queue
[2025-04-19T20:43:12.595+0000] {logging_mixin.py:151} INFO - [2025-04-19T20:43:12.594+0000] {dagbag.py:536} INFO - Filling up the DagBag from /opt/airflow/dags/extract_exchange_rates.py
[2025-04-19T20:43:12.602+0000] {processor.py:839} INFO - DAG(s) dict_keys(['extract_exchange_rates']) retrieved from /opt/airflow/dags/extract_exchange_rates.py
[2025-04-19T20:43:12.616+0000] {logging_mixin.py:151} INFO - [2025-04-19T20:43:12.616+0000] {dag.py:2941} INFO - Sync 1 DAGs
[2025-04-19T20:43:12.627+0000] {logging_mixin.py:151} INFO - [2025-04-19T20:43:12.627+0000] {dag.py:3722} INFO - Setting next_dagrun for extract_exchange_rates to 2025-04-19T00:00:00+00:00, run_after=2025-04-20T00:00:00+00:00
[2025-04-19T20:43:12.635+0000] {processor.py:179} INFO - Processing /opt/airflow/dags/extract_exchange_rates.py took 0.043 seconds
[2025-04-19T20:43:42.828+0000] {processor.py:157} INFO - Started process (PID=220) to work on /opt/airflow/dags/extract_exchange_rates.py
[2025-04-19T20:43:42.829+0000] {processor.py:829} INFO - Processing file /opt/airflow/dags/extract_exchange_rates.py for tasks to queue
[2025-04-19T20:43:42.830+0000] {logging_mixin.py:151} INFO - [2025-04-19T20:43:42.829+0000] {dagbag.py:536} INFO - Filling up the DagBag from /opt/airflow/dags/extract_exchange_rates.py
[2025-04-19T20:43:42.839+0000] {processor.py:839} INFO - DAG(s) dict_keys(['extract_exchange_rates']) retrieved from /opt/airflow/dags/extract_exchange_rates.py
[2025-04-19T20:43:42.852+0000] {logging_mixin.py:151} INFO - [2025-04-19T20:43:42.852+0000] {dag.py:2941} INFO - Sync 1 DAGs
[2025-04-19T20:43:42.862+0000] {logging_mixin.py:151} INFO - [2025-04-19T20:43:42.862+0000] {dag.py:3722} INFO - Setting next_dagrun for extract_exchange_rates to 2025-04-19T00:00:00+00:00, run_after=2025-04-20T00:00:00+00:00
[2025-04-19T20:43:42.868+0000] {processor.py:179} INFO - Processing /opt/airflow/dags/extract_exchange_rates.py took 0.042 seconds
[2025-04-19T20:44:13.099+0000] {processor.py:157} INFO - Started process (PID=225) to work on /opt/airflow/dags/extract_exchange_rates.py
[2025-04-19T20:44:13.099+0000] {processor.py:829} INFO - Processing file /opt/airflow/dags/extract_exchange_rates.py for tasks to queue
[2025-04-19T20:44:13.100+0000] {logging_mixin.py:151} INFO - [2025-04-19T20:44:13.100+0000] {dagbag.py:536} INFO - Filling up the DagBag from /opt/airflow/dags/extract_exchange_rates.py
[2025-04-19T20:44:13.110+0000] {processor.py:839} INFO - DAG(s) dict_keys(['extract_exchange_rates']) retrieved from /opt/airflow/dags/extract_exchange_rates.py
[2025-04-19T20:44:13.124+0000] {logging_mixin.py:151} INFO - [2025-04-19T20:44:13.124+0000] {dag.py:2941} INFO - Sync 1 DAGs
[2025-04-19T20:44:13.135+0000] {logging_mixin.py:151} INFO - [2025-04-19T20:44:13.135+0000] {dag.py:3722} INFO - Setting next_dagrun for extract_exchange_rates to 2025-04-19T00:00:00+00:00, run_after=2025-04-20T00:00:00+00:00
[2025-04-19T20:44:13.142+0000] {processor.py:179} INFO - Processing /opt/airflow/dags/extract_exchange_rates.py took 0.045 seconds
[2025-04-19T20:44:43.362+0000] {processor.py:157} INFO - Started process (PID=230) to work on /opt/airflow/dags/extract_exchange_rates.py
[2025-04-19T20:44:43.362+0000] {processor.py:829} INFO - Processing file /opt/airflow/dags/extract_exchange_rates.py for tasks to queue
[2025-04-19T20:44:43.363+0000] {logging_mixin.py:151} INFO - [2025-04-19T20:44:43.363+0000] {dagbag.py:536} INFO - Filling up the DagBag from /opt/airflow/dags/extract_exchange_rates.py
[2025-04-19T20:44:43.370+0000] {processor.py:839} INFO - DAG(s) dict_keys(['extract_exchange_rates']) retrieved from /opt/airflow/dags/extract_exchange_rates.py
[2025-04-19T20:44:43.382+0000] {logging_mixin.py:151} INFO - [2025-04-19T20:44:43.382+0000] {dag.py:2941} INFO - Sync 1 DAGs
[2025-04-19T20:44:43.391+0000] {logging_mixin.py:151} INFO - [2025-04-19T20:44:43.391+0000] {dag.py:3722} INFO - Setting next_dagrun for extract_exchange_rates to 2025-04-19T00:00:00+00:00, run_after=2025-04-20T00:00:00+00:00
[2025-04-19T20:44:43.398+0000] {processor.py:179} INFO - Processing /opt/airflow/dags/extract_exchange_rates.py took 0.038 seconds
[2025-04-19T20:45:13.630+0000] {processor.py:157} INFO - Started process (PID=235) to work on /opt/airflow/dags/extract_exchange_rates.py
[2025-04-19T20:45:13.631+0000] {processor.py:829} INFO - Processing file /opt/airflow/dags/extract_exchange_rates.py for tasks to queue
[2025-04-19T20:45:13.631+0000] {logging_mixin.py:151} INFO - [2025-04-19T20:45:13.631+0000] {dagbag.py:536} INFO - Filling up the DagBag from /opt/airflow/dags/extract_exchange_rates.py
[2025-04-19T20:45:13.642+0000] {processor.py:839} INFO - DAG(s) dict_keys(['extract_exchange_rates']) retrieved from /opt/airflow/dags/extract_exchange_rates.py
[2025-04-19T20:45:13.656+0000] {logging_mixin.py:151} INFO - [2025-04-19T20:45:13.656+0000] {dag.py:2941} INFO - Sync 1 DAGs
[2025-04-19T20:45:13.667+0000] {logging_mixin.py:151} INFO - [2025-04-19T20:45:13.667+0000] {dag.py:3722} INFO - Setting next_dagrun for extract_exchange_rates to 2025-04-19T00:00:00+00:00, run_after=2025-04-20T00:00:00+00:00
[2025-04-19T20:45:13.675+0000] {processor.py:179} INFO - Processing /opt/airflow/dags/extract_exchange_rates.py took 0.047 seconds
[2025-04-19T20:45:43.869+0000] {processor.py:157} INFO - Started process (PID=240) to work on /opt/airflow/dags/extract_exchange_rates.py
[2025-04-19T20:45:43.870+0000] {processor.py:829} INFO - Processing file /opt/airflow/dags/extract_exchange_rates.py for tasks to queue
[2025-04-19T20:45:43.870+0000] {logging_mixin.py:151} INFO - [2025-04-19T20:45:43.870+0000] {dagbag.py:536} INFO - Filling up the DagBag from /opt/airflow/dags/extract_exchange_rates.py
[2025-04-19T20:45:43.880+0000] {processor.py:839} INFO - DAG(s) dict_keys(['extract_exchange_rates']) retrieved from /opt/airflow/dags/extract_exchange_rates.py
[2025-04-19T20:45:43.894+0000] {logging_mixin.py:151} INFO - [2025-04-19T20:45:43.894+0000] {dag.py:2941} INFO - Sync 1 DAGs
[2025-04-19T20:45:43.904+0000] {logging_mixin.py:151} INFO - [2025-04-19T20:45:43.904+0000] {dag.py:3722} INFO - Setting next_dagrun for extract_exchange_rates to 2025-04-19T00:00:00+00:00, run_after=2025-04-20T00:00:00+00:00
[2025-04-19T20:45:43.911+0000] {processor.py:179} INFO - Processing /opt/airflow/dags/extract_exchange_rates.py took 0.045 seconds
