[2025-04-20T13:00:38.527+0000] {processor.py:157} INFO - Started process (PID=175) to work on /opt/airflow/dags/extract_exchange_rates.py
[2025-04-20T13:00:38.527+0000] {processor.py:829} INFO - Processing file /opt/airflow/dags/extract_exchange_rates.py for tasks to queue
[2025-04-20T13:00:38.528+0000] {logging_mixin.py:151} INFO - [2025-04-20T13:00:38.528+0000] {dagbag.py:536} INFO - Filling up the DagBag from /opt/airflow/dags/extract_exchange_rates.py
[2025-04-20T13:00:38.539+0000] {processor.py:839} INFO - DAG(s) dict_keys(['extract_exchange_rates']) retrieved from /opt/airflow/dags/extract_exchange_rates.py
[2025-04-20T13:00:38.554+0000] {logging_mixin.py:151} INFO - [2025-04-20T13:00:38.554+0000] {dag.py:2941} INFO - Sync 1 DAGs
[2025-04-20T13:00:38.571+0000] {logging_mixin.py:151} INFO - [2025-04-20T13:00:38.571+0000] {dag.py:3722} INFO - Setting next_dagrun for extract_exchange_rates to 2025-04-20T00:00:00+00:00, run_after=2025-04-21T00:00:00+00:00
[2025-04-20T13:00:38.584+0000] {processor.py:179} INFO - Processing /opt/airflow/dags/extract_exchange_rates.py took 0.059 seconds
[2025-04-20T20:26:18.098+0000] {processor.py:157} INFO - Started process (PID=174) to work on /opt/airflow/dags/extract_exchange_rates.py
[2025-04-20T20:26:18.099+0000] {processor.py:829} INFO - Processing file /opt/airflow/dags/extract_exchange_rates.py for tasks to queue
[2025-04-20T20:26:18.099+0000] {logging_mixin.py:151} INFO - [2025-04-20T20:26:18.099+0000] {dagbag.py:536} INFO - Filling up the DagBag from /opt/airflow/dags/extract_exchange_rates.py
[2025-04-20T20:26:18.113+0000] {processor.py:839} INFO - DAG(s) dict_keys(['extract_exchange_rates']) retrieved from /opt/airflow/dags/extract_exchange_rates.py
[2025-04-20T20:26:18.131+0000] {logging_mixin.py:151} INFO - [2025-04-20T20:26:18.131+0000] {dag.py:2941} INFO - Sync 1 DAGs
[2025-04-20T20:26:18.144+0000] {logging_mixin.py:151} INFO - [2025-04-20T20:26:18.144+0000] {dag.py:3722} INFO - Setting next_dagrun for extract_exchange_rates to 2025-04-20T00:00:00+00:00, run_after=2025-04-21T00:00:00+00:00
[2025-04-20T20:26:18.157+0000] {processor.py:179} INFO - Processing /opt/airflow/dags/extract_exchange_rates.py took 0.062 seconds
[2025-04-20T20:26:48.295+0000] {processor.py:157} INFO - Started process (PID=208) to work on /opt/airflow/dags/extract_exchange_rates.py
[2025-04-20T20:26:48.295+0000] {processor.py:829} INFO - Processing file /opt/airflow/dags/extract_exchange_rates.py for tasks to queue
[2025-04-20T20:26:48.296+0000] {logging_mixin.py:151} INFO - [2025-04-20T20:26:48.296+0000] {dagbag.py:536} INFO - Filling up the DagBag from /opt/airflow/dags/extract_exchange_rates.py
[2025-04-20T20:26:48.304+0000] {processor.py:839} INFO - DAG(s) dict_keys(['extract_exchange_rates']) retrieved from /opt/airflow/dags/extract_exchange_rates.py
[2025-04-20T20:26:48.317+0000] {logging_mixin.py:151} INFO - [2025-04-20T20:26:48.317+0000] {dag.py:2941} INFO - Sync 1 DAGs
[2025-04-20T20:26:48.327+0000] {logging_mixin.py:151} INFO - [2025-04-20T20:26:48.327+0000] {dag.py:3722} INFO - Setting next_dagrun for extract_exchange_rates to 2025-04-20T00:00:00+00:00, run_after=2025-04-21T00:00:00+00:00
[2025-04-20T20:26:48.334+0000] {processor.py:179} INFO - Processing /opt/airflow/dags/extract_exchange_rates.py took 0.041 seconds
[2025-04-20T20:27:18.457+0000] {processor.py:157} INFO - Started process (PID=213) to work on /opt/airflow/dags/extract_exchange_rates.py
[2025-04-20T20:27:18.457+0000] {processor.py:829} INFO - Processing file /opt/airflow/dags/extract_exchange_rates.py for tasks to queue
[2025-04-20T20:27:18.458+0000] {logging_mixin.py:151} INFO - [2025-04-20T20:27:18.458+0000] {dagbag.py:536} INFO - Filling up the DagBag from /opt/airflow/dags/extract_exchange_rates.py
[2025-04-20T20:27:18.466+0000] {processor.py:839} INFO - DAG(s) dict_keys(['extract_exchange_rates']) retrieved from /opt/airflow/dags/extract_exchange_rates.py
[2025-04-20T20:27:18.480+0000] {logging_mixin.py:151} INFO - [2025-04-20T20:27:18.480+0000] {dag.py:2941} INFO - Sync 1 DAGs
[2025-04-20T20:27:18.489+0000] {logging_mixin.py:151} INFO - [2025-04-20T20:27:18.489+0000] {dag.py:3722} INFO - Setting next_dagrun for extract_exchange_rates to 2025-04-20T00:00:00+00:00, run_after=2025-04-21T00:00:00+00:00
[2025-04-20T20:27:18.496+0000] {processor.py:179} INFO - Processing /opt/airflow/dags/extract_exchange_rates.py took 0.041 seconds
[2025-04-20T20:27:48.693+0000] {processor.py:157} INFO - Started process (PID=218) to work on /opt/airflow/dags/extract_exchange_rates.py
[2025-04-20T20:27:48.694+0000] {processor.py:829} INFO - Processing file /opt/airflow/dags/extract_exchange_rates.py for tasks to queue
[2025-04-20T20:27:48.694+0000] {logging_mixin.py:151} INFO - [2025-04-20T20:27:48.694+0000] {dagbag.py:536} INFO - Filling up the DagBag from /opt/airflow/dags/extract_exchange_rates.py
[2025-04-20T20:27:48.701+0000] {processor.py:839} INFO - DAG(s) dict_keys(['extract_exchange_rates']) retrieved from /opt/airflow/dags/extract_exchange_rates.py
[2025-04-20T20:27:48.712+0000] {logging_mixin.py:151} INFO - [2025-04-20T20:27:48.712+0000] {dag.py:2941} INFO - Sync 1 DAGs
[2025-04-20T20:27:48.721+0000] {logging_mixin.py:151} INFO - [2025-04-20T20:27:48.721+0000] {dag.py:3722} INFO - Setting next_dagrun for extract_exchange_rates to 2025-04-20T00:00:00+00:00, run_after=2025-04-21T00:00:00+00:00
[2025-04-20T20:27:48.728+0000] {processor.py:179} INFO - Processing /opt/airflow/dags/extract_exchange_rates.py took 0.036 seconds
