[2025-04-14T12:16:57.175+0000] {processor.py:157} INFO - Started process (PID=174) to work on /opt/airflow/dags/extract_exchange_rates.py
[2025-04-14T12:16:57.176+0000] {processor.py:829} INFO - Processing file /opt/airflow/dags/extract_exchange_rates.py for tasks to queue
[2025-04-14T12:16:57.176+0000] {logging_mixin.py:151} INFO - [2025-04-14T12:16:57.176+0000] {dagbag.py:536} INFO - Filling up the DagBag from /opt/airflow/dags/extract_exchange_rates.py
[2025-04-14T12:16:57.184+0000] {processor.py:839} INFO - DAG(s) dict_keys(['extract_exchange_rates']) retrieved from /opt/airflow/dags/extract_exchange_rates.py
[2025-04-14T12:16:57.195+0000] {logging_mixin.py:151} INFO - [2025-04-14T12:16:57.195+0000] {dag.py:2941} INFO - Sync 1 DAGs
[2025-04-14T12:16:57.205+0000] {logging_mixin.py:151} INFO - [2025-04-14T12:16:57.205+0000] {dag.py:3722} INFO - Setting next_dagrun for extract_exchange_rates to 2025-04-14T00:00:00+00:00, run_after=2025-04-15T00:00:00+00:00
[2025-04-14T12:16:57.213+0000] {processor.py:179} INFO - Processing /opt/airflow/dags/extract_exchange_rates.py took 0.039 seconds
[2025-04-14T12:17:27.388+0000] {processor.py:157} INFO - Started process (PID=208) to work on /opt/airflow/dags/extract_exchange_rates.py
[2025-04-14T12:17:27.389+0000] {processor.py:829} INFO - Processing file /opt/airflow/dags/extract_exchange_rates.py for tasks to queue
[2025-04-14T12:17:27.389+0000] {logging_mixin.py:151} INFO - [2025-04-14T12:17:27.389+0000] {dagbag.py:536} INFO - Filling up the DagBag from /opt/airflow/dags/extract_exchange_rates.py
[2025-04-14T12:17:27.398+0000] {processor.py:839} INFO - DAG(s) dict_keys(['extract_exchange_rates']) retrieved from /opt/airflow/dags/extract_exchange_rates.py
[2025-04-14T12:17:27.413+0000] {logging_mixin.py:151} INFO - [2025-04-14T12:17:27.413+0000] {dag.py:2941} INFO - Sync 1 DAGs
[2025-04-14T12:17:27.424+0000] {logging_mixin.py:151} INFO - [2025-04-14T12:17:27.424+0000] {dag.py:3722} INFO - Setting next_dagrun for extract_exchange_rates to 2025-04-14T00:00:00+00:00, run_after=2025-04-15T00:00:00+00:00
[2025-04-14T12:17:27.434+0000] {processor.py:179} INFO - Processing /opt/airflow/dags/extract_exchange_rates.py took 0.047 seconds
[2025-04-14T12:17:57.629+0000] {processor.py:157} INFO - Started process (PID=213) to work on /opt/airflow/dags/extract_exchange_rates.py
[2025-04-14T12:17:57.629+0000] {processor.py:829} INFO - Processing file /opt/airflow/dags/extract_exchange_rates.py for tasks to queue
[2025-04-14T12:17:57.630+0000] {logging_mixin.py:151} INFO - [2025-04-14T12:17:57.630+0000] {dagbag.py:536} INFO - Filling up the DagBag from /opt/airflow/dags/extract_exchange_rates.py
[2025-04-14T12:17:57.640+0000] {processor.py:839} INFO - DAG(s) dict_keys(['extract_exchange_rates']) retrieved from /opt/airflow/dags/extract_exchange_rates.py
[2025-04-14T12:17:57.654+0000] {logging_mixin.py:151} INFO - [2025-04-14T12:17:57.654+0000] {dag.py:2941} INFO - Sync 1 DAGs
[2025-04-14T12:17:57.665+0000] {logging_mixin.py:151} INFO - [2025-04-14T12:17:57.665+0000] {dag.py:3722} INFO - Setting next_dagrun for extract_exchange_rates to 2025-04-14T00:00:00+00:00, run_after=2025-04-15T00:00:00+00:00
[2025-04-14T12:17:57.672+0000] {processor.py:179} INFO - Processing /opt/airflow/dags/extract_exchange_rates.py took 0.045 seconds
[2025-04-14T12:18:27.876+0000] {processor.py:157} INFO - Started process (PID=218) to work on /opt/airflow/dags/extract_exchange_rates.py
[2025-04-14T12:18:27.877+0000] {processor.py:829} INFO - Processing file /opt/airflow/dags/extract_exchange_rates.py for tasks to queue
[2025-04-14T12:18:27.877+0000] {logging_mixin.py:151} INFO - [2025-04-14T12:18:27.877+0000] {dagbag.py:536} INFO - Filling up the DagBag from /opt/airflow/dags/extract_exchange_rates.py
[2025-04-14T12:18:27.889+0000] {processor.py:839} INFO - DAG(s) dict_keys(['extract_exchange_rates']) retrieved from /opt/airflow/dags/extract_exchange_rates.py
[2025-04-14T12:18:27.905+0000] {logging_mixin.py:151} INFO - [2025-04-14T12:18:27.905+0000] {dag.py:2941} INFO - Sync 1 DAGs
[2025-04-14T12:18:27.917+0000] {logging_mixin.py:151} INFO - [2025-04-14T12:18:27.917+0000] {dag.py:3722} INFO - Setting next_dagrun for extract_exchange_rates to 2025-04-14T00:00:00+00:00, run_after=2025-04-15T00:00:00+00:00
[2025-04-14T12:18:27.925+0000] {processor.py:179} INFO - Processing /opt/airflow/dags/extract_exchange_rates.py took 0.051 seconds
[2025-04-14T12:18:58.080+0000] {processor.py:157} INFO - Started process (PID=223) to work on /opt/airflow/dags/extract_exchange_rates.py
[2025-04-14T12:18:58.081+0000] {processor.py:829} INFO - Processing file /opt/airflow/dags/extract_exchange_rates.py for tasks to queue
[2025-04-14T12:18:58.082+0000] {logging_mixin.py:151} INFO - [2025-04-14T12:18:58.082+0000] {dagbag.py:536} INFO - Filling up the DagBag from /opt/airflow/dags/extract_exchange_rates.py
[2025-04-14T12:18:58.096+0000] {processor.py:839} INFO - DAG(s) dict_keys(['extract_exchange_rates']) retrieved from /opt/airflow/dags/extract_exchange_rates.py
[2025-04-14T12:18:58.116+0000] {logging_mixin.py:151} INFO - [2025-04-14T12:18:58.116+0000] {dag.py:2941} INFO - Sync 1 DAGs
[2025-04-14T12:18:58.132+0000] {logging_mixin.py:151} INFO - [2025-04-14T12:18:58.132+0000] {dag.py:3722} INFO - Setting next_dagrun for extract_exchange_rates to 2025-04-14T00:00:00+00:00, run_after=2025-04-15T00:00:00+00:00
[2025-04-14T12:18:58.147+0000] {processor.py:179} INFO - Processing /opt/airflow/dags/extract_exchange_rates.py took 0.069 seconds
[2025-04-14T12:19:28.336+0000] {processor.py:157} INFO - Started process (PID=228) to work on /opt/airflow/dags/extract_exchange_rates.py
[2025-04-14T12:19:28.337+0000] {processor.py:829} INFO - Processing file /opt/airflow/dags/extract_exchange_rates.py for tasks to queue
[2025-04-14T12:19:28.337+0000] {logging_mixin.py:151} INFO - [2025-04-14T12:19:28.337+0000] {dagbag.py:536} INFO - Filling up the DagBag from /opt/airflow/dags/extract_exchange_rates.py
[2025-04-14T12:19:28.348+0000] {processor.py:839} INFO - DAG(s) dict_keys(['extract_exchange_rates']) retrieved from /opt/airflow/dags/extract_exchange_rates.py
[2025-04-14T12:19:28.363+0000] {logging_mixin.py:151} INFO - [2025-04-14T12:19:28.363+0000] {dag.py:2941} INFO - Sync 1 DAGs
[2025-04-14T12:19:28.374+0000] {logging_mixin.py:151} INFO - [2025-04-14T12:19:28.374+0000] {dag.py:3722} INFO - Setting next_dagrun for extract_exchange_rates to 2025-04-14T00:00:00+00:00, run_after=2025-04-15T00:00:00+00:00
[2025-04-14T12:19:28.382+0000] {processor.py:179} INFO - Processing /opt/airflow/dags/extract_exchange_rates.py took 0.049 seconds
[2025-04-14T12:19:58.570+0000] {processor.py:157} INFO - Started process (PID=233) to work on /opt/airflow/dags/extract_exchange_rates.py
[2025-04-14T12:19:58.571+0000] {processor.py:829} INFO - Processing file /opt/airflow/dags/extract_exchange_rates.py for tasks to queue
[2025-04-14T12:19:58.571+0000] {logging_mixin.py:151} INFO - [2025-04-14T12:19:58.571+0000] {dagbag.py:536} INFO - Filling up the DagBag from /opt/airflow/dags/extract_exchange_rates.py
[2025-04-14T12:19:58.584+0000] {processor.py:839} INFO - DAG(s) dict_keys(['extract_exchange_rates']) retrieved from /opt/airflow/dags/extract_exchange_rates.py
[2025-04-14T12:19:58.599+0000] {logging_mixin.py:151} INFO - [2025-04-14T12:19:58.599+0000] {dag.py:2941} INFO - Sync 1 DAGs
[2025-04-14T12:19:58.611+0000] {logging_mixin.py:151} INFO - [2025-04-14T12:19:58.611+0000] {dag.py:3722} INFO - Setting next_dagrun for extract_exchange_rates to 2025-04-14T00:00:00+00:00, run_after=2025-04-15T00:00:00+00:00
[2025-04-14T12:19:58.618+0000] {processor.py:179} INFO - Processing /opt/airflow/dags/extract_exchange_rates.py took 0.051 seconds
[2025-04-14T12:20:28.726+0000] {processor.py:157} INFO - Started process (PID=238) to work on /opt/airflow/dags/extract_exchange_rates.py
[2025-04-14T12:20:28.727+0000] {processor.py:829} INFO - Processing file /opt/airflow/dags/extract_exchange_rates.py for tasks to queue
[2025-04-14T12:20:28.728+0000] {logging_mixin.py:151} INFO - [2025-04-14T12:20:28.728+0000] {dagbag.py:536} INFO - Filling up the DagBag from /opt/airflow/dags/extract_exchange_rates.py
[2025-04-14T12:20:28.735+0000] {processor.py:839} INFO - DAG(s) dict_keys(['extract_exchange_rates']) retrieved from /opt/airflow/dags/extract_exchange_rates.py
[2025-04-14T12:20:28.751+0000] {logging_mixin.py:151} INFO - [2025-04-14T12:20:28.751+0000] {dag.py:2941} INFO - Sync 1 DAGs
[2025-04-14T12:20:28.762+0000] {logging_mixin.py:151} INFO - [2025-04-14T12:20:28.761+0000] {dag.py:3722} INFO - Setting next_dagrun for extract_exchange_rates to 2025-04-14T00:00:00+00:00, run_after=2025-04-15T00:00:00+00:00
[2025-04-14T12:20:28.770+0000] {processor.py:179} INFO - Processing /opt/airflow/dags/extract_exchange_rates.py took 0.045 seconds
[2025-04-14T12:20:58.993+0000] {processor.py:157} INFO - Started process (PID=243) to work on /opt/airflow/dags/extract_exchange_rates.py
[2025-04-14T12:20:58.994+0000] {processor.py:829} INFO - Processing file /opt/airflow/dags/extract_exchange_rates.py for tasks to queue
[2025-04-14T12:20:58.994+0000] {logging_mixin.py:151} INFO - [2025-04-14T12:20:58.994+0000] {dagbag.py:536} INFO - Filling up the DagBag from /opt/airflow/dags/extract_exchange_rates.py
[2025-04-14T12:20:59.006+0000] {processor.py:839} INFO - DAG(s) dict_keys(['extract_exchange_rates']) retrieved from /opt/airflow/dags/extract_exchange_rates.py
[2025-04-14T12:20:59.021+0000] {logging_mixin.py:151} INFO - [2025-04-14T12:20:59.020+0000] {dag.py:2941} INFO - Sync 1 DAGs
[2025-04-14T12:20:59.033+0000] {logging_mixin.py:151} INFO - [2025-04-14T12:20:59.033+0000] {dag.py:3722} INFO - Setting next_dagrun for extract_exchange_rates to 2025-04-14T00:00:00+00:00, run_after=2025-04-15T00:00:00+00:00
[2025-04-14T12:20:59.043+0000] {processor.py:179} INFO - Processing /opt/airflow/dags/extract_exchange_rates.py took 0.051 seconds
[2025-04-14T12:21:29.246+0000] {processor.py:157} INFO - Started process (PID=248) to work on /opt/airflow/dags/extract_exchange_rates.py
[2025-04-14T12:21:29.247+0000] {processor.py:829} INFO - Processing file /opt/airflow/dags/extract_exchange_rates.py for tasks to queue
[2025-04-14T12:21:29.248+0000] {logging_mixin.py:151} INFO - [2025-04-14T12:21:29.248+0000] {dagbag.py:536} INFO - Filling up the DagBag from /opt/airflow/dags/extract_exchange_rates.py
[2025-04-14T12:21:29.259+0000] {processor.py:839} INFO - DAG(s) dict_keys(['extract_exchange_rates']) retrieved from /opt/airflow/dags/extract_exchange_rates.py
[2025-04-14T12:21:29.275+0000] {logging_mixin.py:151} INFO - [2025-04-14T12:21:29.275+0000] {dag.py:2941} INFO - Sync 1 DAGs
[2025-04-14T12:21:29.286+0000] {logging_mixin.py:151} INFO - [2025-04-14T12:21:29.286+0000] {dag.py:3722} INFO - Setting next_dagrun for extract_exchange_rates to 2025-04-14T00:00:00+00:00, run_after=2025-04-15T00:00:00+00:00
[2025-04-14T12:21:29.294+0000] {processor.py:179} INFO - Processing /opt/airflow/dags/extract_exchange_rates.py took 0.050 seconds
[2025-04-14T12:21:59.523+0000] {processor.py:157} INFO - Started process (PID=255) to work on /opt/airflow/dags/extract_exchange_rates.py
[2025-04-14T12:21:59.523+0000] {processor.py:829} INFO - Processing file /opt/airflow/dags/extract_exchange_rates.py for tasks to queue
[2025-04-14T12:21:59.524+0000] {logging_mixin.py:151} INFO - [2025-04-14T12:21:59.524+0000] {dagbag.py:536} INFO - Filling up the DagBag from /opt/airflow/dags/extract_exchange_rates.py
[2025-04-14T12:21:59.532+0000] {processor.py:839} INFO - DAG(s) dict_keys(['extract_exchange_rates']) retrieved from /opt/airflow/dags/extract_exchange_rates.py
[2025-04-14T12:21:59.544+0000] {logging_mixin.py:151} INFO - [2025-04-14T12:21:59.544+0000] {dag.py:2941} INFO - Sync 1 DAGs
[2025-04-14T12:21:59.553+0000] {logging_mixin.py:151} INFO - [2025-04-14T12:21:59.553+0000] {dag.py:3722} INFO - Setting next_dagrun for extract_exchange_rates to 2025-04-14T00:00:00+00:00, run_after=2025-04-15T00:00:00+00:00
[2025-04-14T12:21:59.560+0000] {processor.py:179} INFO - Processing /opt/airflow/dags/extract_exchange_rates.py took 0.039 seconds
[2025-04-14T12:22:29.870+0000] {processor.py:157} INFO - Started process (PID=260) to work on /opt/airflow/dags/extract_exchange_rates.py
[2025-04-14T12:22:29.871+0000] {processor.py:829} INFO - Processing file /opt/airflow/dags/extract_exchange_rates.py for tasks to queue
[2025-04-14T12:22:29.872+0000] {logging_mixin.py:151} INFO - [2025-04-14T12:22:29.871+0000] {dagbag.py:536} INFO - Filling up the DagBag from /opt/airflow/dags/extract_exchange_rates.py
[2025-04-14T12:22:29.884+0000] {processor.py:839} INFO - DAG(s) dict_keys(['extract_exchange_rates']) retrieved from /opt/airflow/dags/extract_exchange_rates.py
[2025-04-14T12:22:29.898+0000] {logging_mixin.py:151} INFO - [2025-04-14T12:22:29.898+0000] {dag.py:2941} INFO - Sync 1 DAGs
[2025-04-14T12:22:29.908+0000] {logging_mixin.py:151} INFO - [2025-04-14T12:22:29.908+0000] {dag.py:3722} INFO - Setting next_dagrun for extract_exchange_rates to 2025-04-14T00:00:00+00:00, run_after=2025-04-15T00:00:00+00:00
[2025-04-14T12:22:29.915+0000] {processor.py:179} INFO - Processing /opt/airflow/dags/extract_exchange_rates.py took 0.048 seconds
[2025-04-14T12:23:00.128+0000] {processor.py:157} INFO - Started process (PID=265) to work on /opt/airflow/dags/extract_exchange_rates.py
[2025-04-14T12:23:00.129+0000] {processor.py:829} INFO - Processing file /opt/airflow/dags/extract_exchange_rates.py for tasks to queue
[2025-04-14T12:23:00.129+0000] {logging_mixin.py:151} INFO - [2025-04-14T12:23:00.129+0000] {dagbag.py:536} INFO - Filling up the DagBag from /opt/airflow/dags/extract_exchange_rates.py
[2025-04-14T12:23:00.135+0000] {processor.py:839} INFO - DAG(s) dict_keys(['extract_exchange_rates']) retrieved from /opt/airflow/dags/extract_exchange_rates.py
[2025-04-14T12:23:00.144+0000] {logging_mixin.py:151} INFO - [2025-04-14T12:23:00.144+0000] {dag.py:2941} INFO - Sync 1 DAGs
[2025-04-14T12:23:00.152+0000] {logging_mixin.py:151} INFO - [2025-04-14T12:23:00.152+0000] {dag.py:3722} INFO - Setting next_dagrun for extract_exchange_rates to 2025-04-14T00:00:00+00:00, run_after=2025-04-15T00:00:00+00:00
[2025-04-14T12:23:00.158+0000] {processor.py:179} INFO - Processing /opt/airflow/dags/extract_exchange_rates.py took 0.030 seconds
[2025-04-14T12:23:30.407+0000] {processor.py:157} INFO - Started process (PID=270) to work on /opt/airflow/dags/extract_exchange_rates.py
[2025-04-14T12:23:30.408+0000] {processor.py:829} INFO - Processing file /opt/airflow/dags/extract_exchange_rates.py for tasks to queue
[2025-04-14T12:23:30.409+0000] {logging_mixin.py:151} INFO - [2025-04-14T12:23:30.409+0000] {dagbag.py:536} INFO - Filling up the DagBag from /opt/airflow/dags/extract_exchange_rates.py
[2025-04-14T12:23:30.418+0000] {processor.py:839} INFO - DAG(s) dict_keys(['extract_exchange_rates']) retrieved from /opt/airflow/dags/extract_exchange_rates.py
[2025-04-14T12:23:30.433+0000] {logging_mixin.py:151} INFO - [2025-04-14T12:23:30.433+0000] {dag.py:2941} INFO - Sync 1 DAGs
[2025-04-14T12:23:30.443+0000] {logging_mixin.py:151} INFO - [2025-04-14T12:23:30.442+0000] {dag.py:3722} INFO - Setting next_dagrun for extract_exchange_rates to 2025-04-14T00:00:00+00:00, run_after=2025-04-15T00:00:00+00:00
[2025-04-14T12:23:30.451+0000] {processor.py:179} INFO - Processing /opt/airflow/dags/extract_exchange_rates.py took 0.045 seconds
[2025-04-14T12:24:00.698+0000] {processor.py:157} INFO - Started process (PID=277) to work on /opt/airflow/dags/extract_exchange_rates.py
[2025-04-14T12:24:00.698+0000] {processor.py:829} INFO - Processing file /opt/airflow/dags/extract_exchange_rates.py for tasks to queue
[2025-04-14T12:24:00.698+0000] {logging_mixin.py:151} INFO - [2025-04-14T12:24:00.698+0000] {dagbag.py:536} INFO - Filling up the DagBag from /opt/airflow/dags/extract_exchange_rates.py
[2025-04-14T12:24:00.706+0000] {processor.py:839} INFO - DAG(s) dict_keys(['extract_exchange_rates']) retrieved from /opt/airflow/dags/extract_exchange_rates.py
[2025-04-14T12:24:00.716+0000] {logging_mixin.py:151} INFO - [2025-04-14T12:24:00.716+0000] {dag.py:2941} INFO - Sync 1 DAGs
[2025-04-14T12:24:00.725+0000] {logging_mixin.py:151} INFO - [2025-04-14T12:24:00.725+0000] {dag.py:3722} INFO - Setting next_dagrun for extract_exchange_rates to 2025-04-14T00:00:00+00:00, run_after=2025-04-15T00:00:00+00:00
[2025-04-14T12:24:00.731+0000] {processor.py:179} INFO - Processing /opt/airflow/dags/extract_exchange_rates.py took 0.035 seconds
[2025-04-14T12:24:31.017+0000] {processor.py:157} INFO - Started process (PID=282) to work on /opt/airflow/dags/extract_exchange_rates.py
[2025-04-14T12:24:31.018+0000] {processor.py:829} INFO - Processing file /opt/airflow/dags/extract_exchange_rates.py for tasks to queue
[2025-04-14T12:24:31.018+0000] {logging_mixin.py:151} INFO - [2025-04-14T12:24:31.018+0000] {dagbag.py:536} INFO - Filling up the DagBag from /opt/airflow/dags/extract_exchange_rates.py
[2025-04-14T12:24:31.029+0000] {processor.py:839} INFO - DAG(s) dict_keys(['extract_exchange_rates']) retrieved from /opt/airflow/dags/extract_exchange_rates.py
[2025-04-14T12:24:31.045+0000] {logging_mixin.py:151} INFO - [2025-04-14T12:24:31.045+0000] {dag.py:2941} INFO - Sync 1 DAGs
[2025-04-14T12:24:31.055+0000] {logging_mixin.py:151} INFO - [2025-04-14T12:24:31.055+0000] {dag.py:3722} INFO - Setting next_dagrun for extract_exchange_rates to 2025-04-14T00:00:00+00:00, run_after=2025-04-15T00:00:00+00:00
[2025-04-14T12:24:31.062+0000] {processor.py:179} INFO - Processing /opt/airflow/dags/extract_exchange_rates.py took 0.048 seconds
[2025-04-14T12:25:01.378+0000] {processor.py:157} INFO - Started process (PID=287) to work on /opt/airflow/dags/extract_exchange_rates.py
[2025-04-14T12:25:01.379+0000] {processor.py:829} INFO - Processing file /opt/airflow/dags/extract_exchange_rates.py for tasks to queue
[2025-04-14T12:25:01.380+0000] {logging_mixin.py:151} INFO - [2025-04-14T12:25:01.379+0000] {dagbag.py:536} INFO - Filling up the DagBag from /opt/airflow/dags/extract_exchange_rates.py
[2025-04-14T12:25:01.391+0000] {processor.py:839} INFO - DAG(s) dict_keys(['extract_exchange_rates']) retrieved from /opt/airflow/dags/extract_exchange_rates.py
[2025-04-14T12:25:01.406+0000] {logging_mixin.py:151} INFO - [2025-04-14T12:25:01.406+0000] {dag.py:2941} INFO - Sync 1 DAGs
[2025-04-14T12:25:01.417+0000] {logging_mixin.py:151} INFO - [2025-04-14T12:25:01.417+0000] {dag.py:3722} INFO - Setting next_dagrun for extract_exchange_rates to 2025-04-14T00:00:00+00:00, run_after=2025-04-15T00:00:00+00:00
[2025-04-14T12:25:01.424+0000] {processor.py:179} INFO - Processing /opt/airflow/dags/extract_exchange_rates.py took 0.048 seconds
[2025-04-14T12:25:31.699+0000] {processor.py:157} INFO - Started process (PID=292) to work on /opt/airflow/dags/extract_exchange_rates.py
[2025-04-14T12:25:31.699+0000] {processor.py:829} INFO - Processing file /opt/airflow/dags/extract_exchange_rates.py for tasks to queue
[2025-04-14T12:25:31.700+0000] {logging_mixin.py:151} INFO - [2025-04-14T12:25:31.700+0000] {dagbag.py:536} INFO - Filling up the DagBag from /opt/airflow/dags/extract_exchange_rates.py
[2025-04-14T12:25:31.711+0000] {processor.py:839} INFO - DAG(s) dict_keys(['extract_exchange_rates']) retrieved from /opt/airflow/dags/extract_exchange_rates.py
[2025-04-14T12:25:31.726+0000] {logging_mixin.py:151} INFO - [2025-04-14T12:25:31.726+0000] {dag.py:2941} INFO - Sync 1 DAGs
[2025-04-14T12:25:31.738+0000] {logging_mixin.py:151} INFO - [2025-04-14T12:25:31.738+0000] {dag.py:3722} INFO - Setting next_dagrun for extract_exchange_rates to 2025-04-14T00:00:00+00:00, run_after=2025-04-15T00:00:00+00:00
[2025-04-14T12:25:31.745+0000] {processor.py:179} INFO - Processing /opt/airflow/dags/extract_exchange_rates.py took 0.049 seconds
[2025-04-14T12:26:02.007+0000] {processor.py:157} INFO - Started process (PID=297) to work on /opt/airflow/dags/extract_exchange_rates.py
[2025-04-14T12:26:02.008+0000] {processor.py:829} INFO - Processing file /opt/airflow/dags/extract_exchange_rates.py for tasks to queue
[2025-04-14T12:26:02.008+0000] {logging_mixin.py:151} INFO - [2025-04-14T12:26:02.008+0000] {dagbag.py:536} INFO - Filling up the DagBag from /opt/airflow/dags/extract_exchange_rates.py
[2025-04-14T12:26:02.016+0000] {processor.py:839} INFO - DAG(s) dict_keys(['extract_exchange_rates']) retrieved from /opt/airflow/dags/extract_exchange_rates.py
[2025-04-14T12:26:02.029+0000] {logging_mixin.py:151} INFO - [2025-04-14T12:26:02.029+0000] {dag.py:2941} INFO - Sync 1 DAGs
[2025-04-14T12:26:02.039+0000] {logging_mixin.py:151} INFO - [2025-04-14T12:26:02.039+0000] {dag.py:3722} INFO - Setting next_dagrun for extract_exchange_rates to 2025-04-14T00:00:00+00:00, run_after=2025-04-15T00:00:00+00:00
[2025-04-14T12:26:02.046+0000] {processor.py:179} INFO - Processing /opt/airflow/dags/extract_exchange_rates.py took 0.041 seconds
[2025-04-14T12:26:32.246+0000] {processor.py:157} INFO - Started process (PID=302) to work on /opt/airflow/dags/extract_exchange_rates.py
[2025-04-14T12:26:32.246+0000] {processor.py:829} INFO - Processing file /opt/airflow/dags/extract_exchange_rates.py for tasks to queue
[2025-04-14T12:26:32.247+0000] {logging_mixin.py:151} INFO - [2025-04-14T12:26:32.247+0000] {dagbag.py:536} INFO - Filling up the DagBag from /opt/airflow/dags/extract_exchange_rates.py
[2025-04-14T12:26:32.256+0000] {processor.py:839} INFO - DAG(s) dict_keys(['extract_exchange_rates']) retrieved from /opt/airflow/dags/extract_exchange_rates.py
[2025-04-14T12:26:32.270+0000] {logging_mixin.py:151} INFO - [2025-04-14T12:26:32.270+0000] {dag.py:2941} INFO - Sync 1 DAGs
[2025-04-14T12:26:32.281+0000] {logging_mixin.py:151} INFO - [2025-04-14T12:26:32.281+0000] {dag.py:3722} INFO - Setting next_dagrun for extract_exchange_rates to 2025-04-14T00:00:00+00:00, run_after=2025-04-15T00:00:00+00:00
[2025-04-14T12:26:32.289+0000] {processor.py:179} INFO - Processing /opt/airflow/dags/extract_exchange_rates.py took 0.045 seconds
[2025-04-14T12:27:02.474+0000] {processor.py:157} INFO - Started process (PID=307) to work on /opt/airflow/dags/extract_exchange_rates.py
[2025-04-14T12:27:02.474+0000] {processor.py:829} INFO - Processing file /opt/airflow/dags/extract_exchange_rates.py for tasks to queue
[2025-04-14T12:27:02.475+0000] {logging_mixin.py:151} INFO - [2025-04-14T12:27:02.475+0000] {dagbag.py:536} INFO - Filling up the DagBag from /opt/airflow/dags/extract_exchange_rates.py
[2025-04-14T12:27:02.484+0000] {processor.py:839} INFO - DAG(s) dict_keys(['extract_exchange_rates']) retrieved from /opt/airflow/dags/extract_exchange_rates.py
[2025-04-14T12:27:02.496+0000] {logging_mixin.py:151} INFO - [2025-04-14T12:27:02.496+0000] {dag.py:2941} INFO - Sync 1 DAGs
[2025-04-14T12:27:02.505+0000] {logging_mixin.py:151} INFO - [2025-04-14T12:27:02.505+0000] {dag.py:3722} INFO - Setting next_dagrun for extract_exchange_rates to 2025-04-14T00:00:00+00:00, run_after=2025-04-15T00:00:00+00:00
[2025-04-14T12:27:02.512+0000] {processor.py:179} INFO - Processing /opt/airflow/dags/extract_exchange_rates.py took 0.040 seconds
[2025-04-14T12:27:32.713+0000] {processor.py:157} INFO - Started process (PID=312) to work on /opt/airflow/dags/extract_exchange_rates.py
[2025-04-14T12:27:32.714+0000] {processor.py:829} INFO - Processing file /opt/airflow/dags/extract_exchange_rates.py for tasks to queue
[2025-04-14T12:27:32.714+0000] {logging_mixin.py:151} INFO - [2025-04-14T12:27:32.714+0000] {dagbag.py:536} INFO - Filling up the DagBag from /opt/airflow/dags/extract_exchange_rates.py
[2025-04-14T12:27:32.725+0000] {processor.py:839} INFO - DAG(s) dict_keys(['extract_exchange_rates']) retrieved from /opt/airflow/dags/extract_exchange_rates.py
[2025-04-14T12:27:32.738+0000] {logging_mixin.py:151} INFO - [2025-04-14T12:27:32.737+0000] {dag.py:2941} INFO - Sync 1 DAGs
[2025-04-14T12:27:32.749+0000] {logging_mixin.py:151} INFO - [2025-04-14T12:27:32.749+0000] {dag.py:3722} INFO - Setting next_dagrun for extract_exchange_rates to 2025-04-14T00:00:00+00:00, run_after=2025-04-15T00:00:00+00:00
[2025-04-14T12:27:32.756+0000] {processor.py:179} INFO - Processing /opt/airflow/dags/extract_exchange_rates.py took 0.045 seconds
[2025-04-14T12:28:02.945+0000] {processor.py:157} INFO - Started process (PID=317) to work on /opt/airflow/dags/extract_exchange_rates.py
[2025-04-14T12:28:02.946+0000] {processor.py:829} INFO - Processing file /opt/airflow/dags/extract_exchange_rates.py for tasks to queue
[2025-04-14T12:28:02.947+0000] {logging_mixin.py:151} INFO - [2025-04-14T12:28:02.946+0000] {dagbag.py:536} INFO - Filling up the DagBag from /opt/airflow/dags/extract_exchange_rates.py
[2025-04-14T12:28:02.957+0000] {processor.py:839} INFO - DAG(s) dict_keys(['extract_exchange_rates']) retrieved from /opt/airflow/dags/extract_exchange_rates.py
[2025-04-14T12:28:02.973+0000] {logging_mixin.py:151} INFO - [2025-04-14T12:28:02.972+0000] {dag.py:2941} INFO - Sync 1 DAGs
[2025-04-14T12:28:02.984+0000] {logging_mixin.py:151} INFO - [2025-04-14T12:28:02.984+0000] {dag.py:3722} INFO - Setting next_dagrun for extract_exchange_rates to 2025-04-14T00:00:00+00:00, run_after=2025-04-15T00:00:00+00:00
[2025-04-14T12:28:02.991+0000] {processor.py:179} INFO - Processing /opt/airflow/dags/extract_exchange_rates.py took 0.048 seconds
[2025-04-14T12:28:33.166+0000] {processor.py:157} INFO - Started process (PID=322) to work on /opt/airflow/dags/extract_exchange_rates.py
[2025-04-14T12:28:33.166+0000] {processor.py:829} INFO - Processing file /opt/airflow/dags/extract_exchange_rates.py for tasks to queue
[2025-04-14T12:28:33.167+0000] {logging_mixin.py:151} INFO - [2025-04-14T12:28:33.167+0000] {dagbag.py:536} INFO - Filling up the DagBag from /opt/airflow/dags/extract_exchange_rates.py
[2025-04-14T12:28:33.177+0000] {processor.py:839} INFO - DAG(s) dict_keys(['extract_exchange_rates']) retrieved from /opt/airflow/dags/extract_exchange_rates.py
[2025-04-14T12:28:33.192+0000] {logging_mixin.py:151} INFO - [2025-04-14T12:28:33.192+0000] {dag.py:2941} INFO - Sync 1 DAGs
[2025-04-14T12:28:33.203+0000] {logging_mixin.py:151} INFO - [2025-04-14T12:28:33.202+0000] {dag.py:3722} INFO - Setting next_dagrun for extract_exchange_rates to 2025-04-14T00:00:00+00:00, run_after=2025-04-15T00:00:00+00:00
[2025-04-14T12:28:33.209+0000] {processor.py:179} INFO - Processing /opt/airflow/dags/extract_exchange_rates.py took 0.045 seconds
