[2025-04-09T19:21:10.003+0000] {processor.py:157} INFO - Started process (PID=174) to work on /opt/airflow/dags/extract_exchange_rates.py
[2025-04-09T19:21:10.004+0000] {processor.py:829} INFO - Processing file /opt/airflow/dags/extract_exchange_rates.py for tasks to queue
[2025-04-09T19:21:10.006+0000] {logging_mixin.py:151} INFO - [2025-04-09T19:21:10.005+0000] {dagbag.py:536} INFO - Filling up the DagBag from /opt/airflow/dags/extract_exchange_rates.py
[2025-04-09T19:21:10.013+0000] {processor.py:839} INFO - DAG(s) dict_keys(['extract_exchange_rates']) retrieved from /opt/airflow/dags/extract_exchange_rates.py
[2025-04-09T19:21:10.024+0000] {logging_mixin.py:151} INFO - [2025-04-09T19:21:10.024+0000] {dag.py:2941} INFO - Sync 1 DAGs
[2025-04-09T19:21:10.035+0000] {logging_mixin.py:151} INFO - [2025-04-09T19:21:10.035+0000] {dag.py:3722} INFO - Setting next_dagrun for extract_exchange_rates to 2025-04-09T00:00:00+00:00, run_after=2025-04-10T00:00:00+00:00
[2025-04-09T19:21:10.044+0000] {processor.py:179} INFO - Processing /opt/airflow/dags/extract_exchange_rates.py took 0.042 seconds
[2025-04-09T19:21:40.259+0000] {processor.py:157} INFO - Started process (PID=188) to work on /opt/airflow/dags/extract_exchange_rates.py
[2025-04-09T19:21:40.259+0000] {processor.py:829} INFO - Processing file /opt/airflow/dags/extract_exchange_rates.py for tasks to queue
[2025-04-09T19:21:40.260+0000] {logging_mixin.py:151} INFO - [2025-04-09T19:21:40.260+0000] {dagbag.py:536} INFO - Filling up the DagBag from /opt/airflow/dags/extract_exchange_rates.py
[2025-04-09T19:21:40.270+0000] {processor.py:839} INFO - DAG(s) dict_keys(['extract_exchange_rates']) retrieved from /opt/airflow/dags/extract_exchange_rates.py
[2025-04-09T19:21:40.282+0000] {logging_mixin.py:151} INFO - [2025-04-09T19:21:40.282+0000] {dag.py:2941} INFO - Sync 1 DAGs
[2025-04-09T19:21:40.293+0000] {logging_mixin.py:151} INFO - [2025-04-09T19:21:40.293+0000] {dag.py:3722} INFO - Setting next_dagrun for extract_exchange_rates to 2025-04-09T00:00:00+00:00, run_after=2025-04-10T00:00:00+00:00
[2025-04-09T19:21:40.300+0000] {processor.py:179} INFO - Processing /opt/airflow/dags/extract_exchange_rates.py took 0.043 seconds
[2025-04-09T19:22:10.533+0000] {processor.py:157} INFO - Started process (PID=193) to work on /opt/airflow/dags/extract_exchange_rates.py
[2025-04-09T19:22:10.534+0000] {processor.py:829} INFO - Processing file /opt/airflow/dags/extract_exchange_rates.py for tasks to queue
[2025-04-09T19:22:10.535+0000] {logging_mixin.py:151} INFO - [2025-04-09T19:22:10.535+0000] {dagbag.py:536} INFO - Filling up the DagBag from /opt/airflow/dags/extract_exchange_rates.py
[2025-04-09T19:22:10.546+0000] {processor.py:839} INFO - DAG(s) dict_keys(['extract_exchange_rates']) retrieved from /opt/airflow/dags/extract_exchange_rates.py
[2025-04-09T19:22:10.560+0000] {logging_mixin.py:151} INFO - [2025-04-09T19:22:10.560+0000] {dag.py:2941} INFO - Sync 1 DAGs
[2025-04-09T19:22:10.570+0000] {logging_mixin.py:151} INFO - [2025-04-09T19:22:10.569+0000] {dag.py:3722} INFO - Setting next_dagrun for extract_exchange_rates to 2025-04-09T00:00:00+00:00, run_after=2025-04-10T00:00:00+00:00
[2025-04-09T19:22:10.577+0000] {processor.py:179} INFO - Processing /opt/airflow/dags/extract_exchange_rates.py took 0.046 seconds
[2025-04-09T19:22:40.792+0000] {processor.py:157} INFO - Started process (PID=198) to work on /opt/airflow/dags/extract_exchange_rates.py
[2025-04-09T19:22:40.793+0000] {processor.py:829} INFO - Processing file /opt/airflow/dags/extract_exchange_rates.py for tasks to queue
[2025-04-09T19:22:40.793+0000] {logging_mixin.py:151} INFO - [2025-04-09T19:22:40.793+0000] {dagbag.py:536} INFO - Filling up the DagBag from /opt/airflow/dags/extract_exchange_rates.py
[2025-04-09T19:22:40.801+0000] {processor.py:839} INFO - DAG(s) dict_keys(['extract_exchange_rates']) retrieved from /opt/airflow/dags/extract_exchange_rates.py
[2025-04-09T19:22:40.813+0000] {logging_mixin.py:151} INFO - [2025-04-09T19:22:40.813+0000] {dag.py:2941} INFO - Sync 1 DAGs
[2025-04-09T19:22:40.823+0000] {logging_mixin.py:151} INFO - [2025-04-09T19:22:40.823+0000] {dag.py:3722} INFO - Setting next_dagrun for extract_exchange_rates to 2025-04-09T00:00:00+00:00, run_after=2025-04-10T00:00:00+00:00
[2025-04-09T19:22:40.829+0000] {processor.py:179} INFO - Processing /opt/airflow/dags/extract_exchange_rates.py took 0.039 seconds
[2025-04-09T19:23:11.078+0000] {processor.py:157} INFO - Started process (PID=203) to work on /opt/airflow/dags/extract_exchange_rates.py
[2025-04-09T19:23:11.079+0000] {processor.py:829} INFO - Processing file /opt/airflow/dags/extract_exchange_rates.py for tasks to queue
[2025-04-09T19:23:11.079+0000] {logging_mixin.py:151} INFO - [2025-04-09T19:23:11.079+0000] {dagbag.py:536} INFO - Filling up the DagBag from /opt/airflow/dags/extract_exchange_rates.py
[2025-04-09T19:23:11.088+0000] {processor.py:839} INFO - DAG(s) dict_keys(['extract_exchange_rates']) retrieved from /opt/airflow/dags/extract_exchange_rates.py
[2025-04-09T19:23:11.100+0000] {logging_mixin.py:151} INFO - [2025-04-09T19:23:11.100+0000] {dag.py:2941} INFO - Sync 1 DAGs
[2025-04-09T19:23:11.111+0000] {logging_mixin.py:151} INFO - [2025-04-09T19:23:11.111+0000] {dag.py:3722} INFO - Setting next_dagrun for extract_exchange_rates to 2025-04-09T00:00:00+00:00, run_after=2025-04-10T00:00:00+00:00
[2025-04-09T19:23:11.118+0000] {processor.py:179} INFO - Processing /opt/airflow/dags/extract_exchange_rates.py took 0.041 seconds
[2025-04-09T19:23:41.422+0000] {processor.py:157} INFO - Started process (PID=208) to work on /opt/airflow/dags/extract_exchange_rates.py
[2025-04-09T19:23:41.423+0000] {processor.py:829} INFO - Processing file /opt/airflow/dags/extract_exchange_rates.py for tasks to queue
[2025-04-09T19:23:41.423+0000] {logging_mixin.py:151} INFO - [2025-04-09T19:23:41.423+0000] {dagbag.py:536} INFO - Filling up the DagBag from /opt/airflow/dags/extract_exchange_rates.py
[2025-04-09T19:23:41.432+0000] {processor.py:839} INFO - DAG(s) dict_keys(['extract_exchange_rates']) retrieved from /opt/airflow/dags/extract_exchange_rates.py
[2025-04-09T19:23:41.444+0000] {logging_mixin.py:151} INFO - [2025-04-09T19:23:41.444+0000] {dag.py:2941} INFO - Sync 1 DAGs
[2025-04-09T19:23:41.454+0000] {logging_mixin.py:151} INFO - [2025-04-09T19:23:41.454+0000] {dag.py:3722} INFO - Setting next_dagrun for extract_exchange_rates to 2025-04-09T00:00:00+00:00, run_after=2025-04-10T00:00:00+00:00
[2025-04-09T19:23:41.461+0000] {processor.py:179} INFO - Processing /opt/airflow/dags/extract_exchange_rates.py took 0.041 seconds
[2025-04-09T19:24:11.757+0000] {processor.py:157} INFO - Started process (PID=213) to work on /opt/airflow/dags/extract_exchange_rates.py
[2025-04-09T19:24:11.757+0000] {processor.py:829} INFO - Processing file /opt/airflow/dags/extract_exchange_rates.py for tasks to queue
[2025-04-09T19:24:11.758+0000] {logging_mixin.py:151} INFO - [2025-04-09T19:24:11.758+0000] {dagbag.py:536} INFO - Filling up the DagBag from /opt/airflow/dags/extract_exchange_rates.py
[2025-04-09T19:24:11.766+0000] {processor.py:839} INFO - DAG(s) dict_keys(['extract_exchange_rates']) retrieved from /opt/airflow/dags/extract_exchange_rates.py
[2025-04-09T19:24:11.778+0000] {logging_mixin.py:151} INFO - [2025-04-09T19:24:11.778+0000] {dag.py:2941} INFO - Sync 1 DAGs
[2025-04-09T19:24:11.788+0000] {logging_mixin.py:151} INFO - [2025-04-09T19:24:11.788+0000] {dag.py:3722} INFO - Setting next_dagrun for extract_exchange_rates to 2025-04-09T00:00:00+00:00, run_after=2025-04-10T00:00:00+00:00
[2025-04-09T19:24:11.794+0000] {processor.py:179} INFO - Processing /opt/airflow/dags/extract_exchange_rates.py took 0.039 seconds
[2025-04-09T19:24:42.071+0000] {processor.py:157} INFO - Started process (PID=218) to work on /opt/airflow/dags/extract_exchange_rates.py
[2025-04-09T19:24:42.072+0000] {processor.py:829} INFO - Processing file /opt/airflow/dags/extract_exchange_rates.py for tasks to queue
[2025-04-09T19:24:42.072+0000] {logging_mixin.py:151} INFO - [2025-04-09T19:24:42.072+0000] {dagbag.py:536} INFO - Filling up the DagBag from /opt/airflow/dags/extract_exchange_rates.py
[2025-04-09T19:24:42.080+0000] {processor.py:839} INFO - DAG(s) dict_keys(['extract_exchange_rates']) retrieved from /opt/airflow/dags/extract_exchange_rates.py
[2025-04-09T19:24:42.093+0000] {logging_mixin.py:151} INFO - [2025-04-09T19:24:42.093+0000] {dag.py:2941} INFO - Sync 1 DAGs
[2025-04-09T19:24:42.102+0000] {logging_mixin.py:151} INFO - [2025-04-09T19:24:42.102+0000] {dag.py:3722} INFO - Setting next_dagrun for extract_exchange_rates to 2025-04-09T00:00:00+00:00, run_after=2025-04-10T00:00:00+00:00
[2025-04-09T19:24:42.109+0000] {processor.py:179} INFO - Processing /opt/airflow/dags/extract_exchange_rates.py took 0.039 seconds
[2025-04-09T19:25:12.379+0000] {processor.py:157} INFO - Started process (PID=223) to work on /opt/airflow/dags/extract_exchange_rates.py
[2025-04-09T19:25:12.380+0000] {processor.py:829} INFO - Processing file /opt/airflow/dags/extract_exchange_rates.py for tasks to queue
[2025-04-09T19:25:12.381+0000] {logging_mixin.py:151} INFO - [2025-04-09T19:25:12.381+0000] {dagbag.py:536} INFO - Filling up the DagBag from /opt/airflow/dags/extract_exchange_rates.py
[2025-04-09T19:25:12.389+0000] {processor.py:839} INFO - DAG(s) dict_keys(['extract_exchange_rates']) retrieved from /opt/airflow/dags/extract_exchange_rates.py
[2025-04-09T19:25:12.402+0000] {logging_mixin.py:151} INFO - [2025-04-09T19:25:12.402+0000] {dag.py:2941} INFO - Sync 1 DAGs
[2025-04-09T19:25:12.411+0000] {logging_mixin.py:151} INFO - [2025-04-09T19:25:12.411+0000] {dag.py:3722} INFO - Setting next_dagrun for extract_exchange_rates to 2025-04-09T00:00:00+00:00, run_after=2025-04-10T00:00:00+00:00
[2025-04-09T19:25:12.419+0000] {processor.py:179} INFO - Processing /opt/airflow/dags/extract_exchange_rates.py took 0.041 seconds
[2025-04-09T19:25:42.703+0000] {processor.py:157} INFO - Started process (PID=228) to work on /opt/airflow/dags/extract_exchange_rates.py
[2025-04-09T19:25:42.704+0000] {processor.py:829} INFO - Processing file /opt/airflow/dags/extract_exchange_rates.py for tasks to queue
[2025-04-09T19:25:42.705+0000] {logging_mixin.py:151} INFO - [2025-04-09T19:25:42.705+0000] {dagbag.py:536} INFO - Filling up the DagBag from /opt/airflow/dags/extract_exchange_rates.py
[2025-04-09T19:25:42.717+0000] {processor.py:839} INFO - DAG(s) dict_keys(['extract_exchange_rates']) retrieved from /opt/airflow/dags/extract_exchange_rates.py
[2025-04-09T19:25:42.733+0000] {logging_mixin.py:151} INFO - [2025-04-09T19:25:42.732+0000] {dag.py:2941} INFO - Sync 1 DAGs
[2025-04-09T19:25:42.744+0000] {logging_mixin.py:151} INFO - [2025-04-09T19:25:42.744+0000] {dag.py:3722} INFO - Setting next_dagrun for extract_exchange_rates to 2025-04-09T00:00:00+00:00, run_after=2025-04-10T00:00:00+00:00
[2025-04-09T19:25:42.752+0000] {processor.py:179} INFO - Processing /opt/airflow/dags/extract_exchange_rates.py took 0.052 seconds
[2025-04-09T19:26:13.007+0000] {processor.py:157} INFO - Started process (PID=233) to work on /opt/airflow/dags/extract_exchange_rates.py
[2025-04-09T19:26:13.008+0000] {processor.py:829} INFO - Processing file /opt/airflow/dags/extract_exchange_rates.py for tasks to queue
[2025-04-09T19:26:13.009+0000] {logging_mixin.py:151} INFO - [2025-04-09T19:26:13.009+0000] {dagbag.py:536} INFO - Filling up the DagBag from /opt/airflow/dags/extract_exchange_rates.py
[2025-04-09T19:26:13.018+0000] {processor.py:839} INFO - DAG(s) dict_keys(['extract_exchange_rates']) retrieved from /opt/airflow/dags/extract_exchange_rates.py
[2025-04-09T19:26:13.031+0000] {logging_mixin.py:151} INFO - [2025-04-09T19:26:13.030+0000] {dag.py:2941} INFO - Sync 1 DAGs
[2025-04-09T19:26:13.040+0000] {logging_mixin.py:151} INFO - [2025-04-09T19:26:13.040+0000] {dag.py:3722} INFO - Setting next_dagrun for extract_exchange_rates to 2025-04-09T00:00:00+00:00, run_after=2025-04-10T00:00:00+00:00
[2025-04-09T19:26:13.047+0000] {processor.py:179} INFO - Processing /opt/airflow/dags/extract_exchange_rates.py took 0.041 seconds
[2025-04-09T19:26:43.335+0000] {processor.py:157} INFO - Started process (PID=240) to work on /opt/airflow/dags/extract_exchange_rates.py
[2025-04-09T19:26:43.336+0000] {processor.py:829} INFO - Processing file /opt/airflow/dags/extract_exchange_rates.py for tasks to queue
[2025-04-09T19:26:43.336+0000] {logging_mixin.py:151} INFO - [2025-04-09T19:26:43.336+0000] {dagbag.py:536} INFO - Filling up the DagBag from /opt/airflow/dags/extract_exchange_rates.py
[2025-04-09T19:26:43.347+0000] {processor.py:839} INFO - DAG(s) dict_keys(['extract_exchange_rates']) retrieved from /opt/airflow/dags/extract_exchange_rates.py
[2025-04-09T19:26:43.360+0000] {logging_mixin.py:151} INFO - [2025-04-09T19:26:43.360+0000] {dag.py:2941} INFO - Sync 1 DAGs
[2025-04-09T19:26:43.370+0000] {logging_mixin.py:151} INFO - [2025-04-09T19:26:43.370+0000] {dag.py:3722} INFO - Setting next_dagrun for extract_exchange_rates to 2025-04-09T00:00:00+00:00, run_after=2025-04-10T00:00:00+00:00
[2025-04-09T19:26:43.378+0000] {processor.py:179} INFO - Processing /opt/airflow/dags/extract_exchange_rates.py took 0.046 seconds
[2025-04-09T19:27:13.595+0000] {processor.py:157} INFO - Started process (PID=245) to work on /opt/airflow/dags/extract_exchange_rates.py
[2025-04-09T19:27:13.597+0000] {processor.py:829} INFO - Processing file /opt/airflow/dags/extract_exchange_rates.py for tasks to queue
[2025-04-09T19:27:13.598+0000] {logging_mixin.py:151} INFO - [2025-04-09T19:27:13.598+0000] {dagbag.py:536} INFO - Filling up the DagBag from /opt/airflow/dags/extract_exchange_rates.py
[2025-04-09T19:27:13.611+0000] {processor.py:839} INFO - DAG(s) dict_keys(['extract_exchange_rates']) retrieved from /opt/airflow/dags/extract_exchange_rates.py
[2025-04-09T19:27:13.624+0000] {logging_mixin.py:151} INFO - [2025-04-09T19:27:13.624+0000] {dag.py:2941} INFO - Sync 1 DAGs
[2025-04-09T19:27:13.635+0000] {logging_mixin.py:151} INFO - [2025-04-09T19:27:13.635+0000] {dag.py:3722} INFO - Setting next_dagrun for extract_exchange_rates to 2025-04-09T00:00:00+00:00, run_after=2025-04-10T00:00:00+00:00
[2025-04-09T19:27:13.642+0000] {processor.py:179} INFO - Processing /opt/airflow/dags/extract_exchange_rates.py took 0.050 seconds
[2025-04-09T19:27:43.848+0000] {processor.py:157} INFO - Started process (PID=250) to work on /opt/airflow/dags/extract_exchange_rates.py
[2025-04-09T19:27:43.848+0000] {processor.py:829} INFO - Processing file /opt/airflow/dags/extract_exchange_rates.py for tasks to queue
[2025-04-09T19:27:43.849+0000] {logging_mixin.py:151} INFO - [2025-04-09T19:27:43.849+0000] {dagbag.py:536} INFO - Filling up the DagBag from /opt/airflow/dags/extract_exchange_rates.py
[2025-04-09T19:27:43.858+0000] {processor.py:839} INFO - DAG(s) dict_keys(['extract_exchange_rates']) retrieved from /opt/airflow/dags/extract_exchange_rates.py
[2025-04-09T19:27:43.872+0000] {logging_mixin.py:151} INFO - [2025-04-09T19:27:43.872+0000] {dag.py:2941} INFO - Sync 1 DAGs
[2025-04-09T19:27:43.882+0000] {logging_mixin.py:151} INFO - [2025-04-09T19:27:43.882+0000] {dag.py:3722} INFO - Setting next_dagrun for extract_exchange_rates to 2025-04-09T00:00:00+00:00, run_after=2025-04-10T00:00:00+00:00
[2025-04-09T19:27:43.890+0000] {processor.py:179} INFO - Processing /opt/airflow/dags/extract_exchange_rates.py took 0.044 seconds
[2025-04-09T19:28:14.123+0000] {processor.py:157} INFO - Started process (PID=255) to work on /opt/airflow/dags/extract_exchange_rates.py
[2025-04-09T19:28:14.124+0000] {processor.py:829} INFO - Processing file /opt/airflow/dags/extract_exchange_rates.py for tasks to queue
[2025-04-09T19:28:14.125+0000] {logging_mixin.py:151} INFO - [2025-04-09T19:28:14.125+0000] {dagbag.py:536} INFO - Filling up the DagBag from /opt/airflow/dags/extract_exchange_rates.py
[2025-04-09T19:28:14.138+0000] {processor.py:839} INFO - DAG(s) dict_keys(['extract_exchange_rates']) retrieved from /opt/airflow/dags/extract_exchange_rates.py
[2025-04-09T19:28:14.153+0000] {logging_mixin.py:151} INFO - [2025-04-09T19:28:14.153+0000] {dag.py:2941} INFO - Sync 1 DAGs
[2025-04-09T19:28:14.164+0000] {logging_mixin.py:151} INFO - [2025-04-09T19:28:14.163+0000] {dag.py:3722} INFO - Setting next_dagrun for extract_exchange_rates to 2025-04-09T00:00:00+00:00, run_after=2025-04-10T00:00:00+00:00
[2025-04-09T19:28:14.171+0000] {processor.py:179} INFO - Processing /opt/airflow/dags/extract_exchange_rates.py took 0.051 seconds
[2025-04-09T19:28:44.473+0000] {processor.py:157} INFO - Started process (PID=260) to work on /opt/airflow/dags/extract_exchange_rates.py
[2025-04-09T19:28:44.474+0000] {processor.py:829} INFO - Processing file /opt/airflow/dags/extract_exchange_rates.py for tasks to queue
[2025-04-09T19:28:44.474+0000] {logging_mixin.py:151} INFO - [2025-04-09T19:28:44.474+0000] {dagbag.py:536} INFO - Filling up the DagBag from /opt/airflow/dags/extract_exchange_rates.py
[2025-04-09T19:28:44.485+0000] {processor.py:839} INFO - DAG(s) dict_keys(['extract_exchange_rates']) retrieved from /opt/airflow/dags/extract_exchange_rates.py
[2025-04-09T19:28:44.499+0000] {logging_mixin.py:151} INFO - [2025-04-09T19:28:44.499+0000] {dag.py:2941} INFO - Sync 1 DAGs
[2025-04-09T19:28:44.509+0000] {logging_mixin.py:151} INFO - [2025-04-09T19:28:44.509+0000] {dag.py:3722} INFO - Setting next_dagrun for extract_exchange_rates to 2025-04-09T00:00:00+00:00, run_after=2025-04-10T00:00:00+00:00
[2025-04-09T19:28:44.516+0000] {processor.py:179} INFO - Processing /opt/airflow/dags/extract_exchange_rates.py took 0.046 seconds
[2025-04-09T19:29:14.814+0000] {processor.py:157} INFO - Started process (PID=265) to work on /opt/airflow/dags/extract_exchange_rates.py
[2025-04-09T19:29:14.815+0000] {processor.py:829} INFO - Processing file /opt/airflow/dags/extract_exchange_rates.py for tasks to queue
[2025-04-09T19:29:14.815+0000] {logging_mixin.py:151} INFO - [2025-04-09T19:29:14.815+0000] {dagbag.py:536} INFO - Filling up the DagBag from /opt/airflow/dags/extract_exchange_rates.py
[2025-04-09T19:29:14.826+0000] {processor.py:839} INFO - DAG(s) dict_keys(['extract_exchange_rates']) retrieved from /opt/airflow/dags/extract_exchange_rates.py
[2025-04-09T19:29:14.840+0000] {logging_mixin.py:151} INFO - [2025-04-09T19:29:14.840+0000] {dag.py:2941} INFO - Sync 1 DAGs
[2025-04-09T19:29:14.850+0000] {logging_mixin.py:151} INFO - [2025-04-09T19:29:14.850+0000] {dag.py:3722} INFO - Setting next_dagrun for extract_exchange_rates to 2025-04-09T00:00:00+00:00, run_after=2025-04-10T00:00:00+00:00
[2025-04-09T19:29:14.858+0000] {processor.py:179} INFO - Processing /opt/airflow/dags/extract_exchange_rates.py took 0.047 seconds
[2025-04-09T19:29:45.160+0000] {processor.py:157} INFO - Started process (PID=270) to work on /opt/airflow/dags/extract_exchange_rates.py
[2025-04-09T19:29:45.161+0000] {processor.py:829} INFO - Processing file /opt/airflow/dags/extract_exchange_rates.py for tasks to queue
[2025-04-09T19:29:45.162+0000] {logging_mixin.py:151} INFO - [2025-04-09T19:29:45.162+0000] {dagbag.py:536} INFO - Filling up the DagBag from /opt/airflow/dags/extract_exchange_rates.py
[2025-04-09T19:29:45.172+0000] {processor.py:839} INFO - DAG(s) dict_keys(['extract_exchange_rates']) retrieved from /opt/airflow/dags/extract_exchange_rates.py
[2025-04-09T19:29:45.185+0000] {logging_mixin.py:151} INFO - [2025-04-09T19:29:45.185+0000] {dag.py:2941} INFO - Sync 1 DAGs
[2025-04-09T19:29:45.196+0000] {logging_mixin.py:151} INFO - [2025-04-09T19:29:45.196+0000] {dag.py:3722} INFO - Setting next_dagrun for extract_exchange_rates to 2025-04-09T00:00:00+00:00, run_after=2025-04-10T00:00:00+00:00
[2025-04-09T19:29:45.203+0000] {processor.py:179} INFO - Processing /opt/airflow/dags/extract_exchange_rates.py took 0.045 seconds
[2025-04-09T19:30:15.496+0000] {processor.py:157} INFO - Started process (PID=275) to work on /opt/airflow/dags/extract_exchange_rates.py
[2025-04-09T19:30:15.497+0000] {processor.py:829} INFO - Processing file /opt/airflow/dags/extract_exchange_rates.py for tasks to queue
[2025-04-09T19:30:15.498+0000] {logging_mixin.py:151} INFO - [2025-04-09T19:30:15.498+0000] {dagbag.py:536} INFO - Filling up the DagBag from /opt/airflow/dags/extract_exchange_rates.py
[2025-04-09T19:30:15.509+0000] {processor.py:839} INFO - DAG(s) dict_keys(['extract_exchange_rates']) retrieved from /opt/airflow/dags/extract_exchange_rates.py
[2025-04-09T19:30:15.523+0000] {logging_mixin.py:151} INFO - [2025-04-09T19:30:15.523+0000] {dag.py:2941} INFO - Sync 1 DAGs
[2025-04-09T19:30:15.533+0000] {logging_mixin.py:151} INFO - [2025-04-09T19:30:15.533+0000] {dag.py:3722} INFO - Setting next_dagrun for extract_exchange_rates to 2025-04-09T00:00:00+00:00, run_after=2025-04-10T00:00:00+00:00
[2025-04-09T19:30:15.541+0000] {processor.py:179} INFO - Processing /opt/airflow/dags/extract_exchange_rates.py took 0.048 seconds
[2025-04-09T19:30:45.828+0000] {processor.py:157} INFO - Started process (PID=280) to work on /opt/airflow/dags/extract_exchange_rates.py
[2025-04-09T19:30:45.829+0000] {processor.py:829} INFO - Processing file /opt/airflow/dags/extract_exchange_rates.py for tasks to queue
[2025-04-09T19:30:45.830+0000] {logging_mixin.py:151} INFO - [2025-04-09T19:30:45.830+0000] {dagbag.py:536} INFO - Filling up the DagBag from /opt/airflow/dags/extract_exchange_rates.py
[2025-04-09T19:30:45.842+0000] {processor.py:839} INFO - DAG(s) dict_keys(['extract_exchange_rates']) retrieved from /opt/airflow/dags/extract_exchange_rates.py
[2025-04-09T19:30:45.859+0000] {logging_mixin.py:151} INFO - [2025-04-09T19:30:45.859+0000] {dag.py:2941} INFO - Sync 1 DAGs
[2025-04-09T19:30:45.869+0000] {logging_mixin.py:151} INFO - [2025-04-09T19:30:45.869+0000] {dag.py:3722} INFO - Setting next_dagrun for extract_exchange_rates to 2025-04-09T00:00:00+00:00, run_after=2025-04-10T00:00:00+00:00
[2025-04-09T19:30:45.876+0000] {processor.py:179} INFO - Processing /opt/airflow/dags/extract_exchange_rates.py took 0.051 seconds
[2025-04-09T19:31:16.208+0000] {processor.py:157} INFO - Started process (PID=285) to work on /opt/airflow/dags/extract_exchange_rates.py
[2025-04-09T19:31:16.209+0000] {processor.py:829} INFO - Processing file /opt/airflow/dags/extract_exchange_rates.py for tasks to queue
[2025-04-09T19:31:16.209+0000] {logging_mixin.py:151} INFO - [2025-04-09T19:31:16.209+0000] {dagbag.py:536} INFO - Filling up the DagBag from /opt/airflow/dags/extract_exchange_rates.py
[2025-04-09T19:31:16.223+0000] {processor.py:839} INFO - DAG(s) dict_keys(['extract_exchange_rates']) retrieved from /opt/airflow/dags/extract_exchange_rates.py
[2025-04-09T19:31:16.236+0000] {logging_mixin.py:151} INFO - [2025-04-09T19:31:16.236+0000] {dag.py:2941} INFO - Sync 1 DAGs
[2025-04-09T19:31:16.246+0000] {logging_mixin.py:151} INFO - [2025-04-09T19:31:16.246+0000] {dag.py:3722} INFO - Setting next_dagrun for extract_exchange_rates to 2025-04-09T00:00:00+00:00, run_after=2025-04-10T00:00:00+00:00
[2025-04-09T19:31:16.252+0000] {processor.py:179} INFO - Processing /opt/airflow/dags/extract_exchange_rates.py took 0.047 seconds
[2025-04-09T19:31:46.601+0000] {processor.py:157} INFO - Started process (PID=290) to work on /opt/airflow/dags/extract_exchange_rates.py
[2025-04-09T19:31:46.602+0000] {processor.py:829} INFO - Processing file /opt/airflow/dags/extract_exchange_rates.py for tasks to queue
[2025-04-09T19:31:46.602+0000] {logging_mixin.py:151} INFO - [2025-04-09T19:31:46.602+0000] {dagbag.py:536} INFO - Filling up the DagBag from /opt/airflow/dags/extract_exchange_rates.py
[2025-04-09T19:31:46.610+0000] {processor.py:839} INFO - DAG(s) dict_keys(['extract_exchange_rates']) retrieved from /opt/airflow/dags/extract_exchange_rates.py
[2025-04-09T19:31:46.623+0000] {logging_mixin.py:151} INFO - [2025-04-09T19:31:46.623+0000] {dag.py:2941} INFO - Sync 1 DAGs
[2025-04-09T19:31:46.634+0000] {logging_mixin.py:151} INFO - [2025-04-09T19:31:46.634+0000] {dag.py:3722} INFO - Setting next_dagrun for extract_exchange_rates to 2025-04-09T00:00:00+00:00, run_after=2025-04-10T00:00:00+00:00
[2025-04-09T19:31:46.642+0000] {processor.py:179} INFO - Processing /opt/airflow/dags/extract_exchange_rates.py took 0.043 seconds
[2025-04-09T19:32:16.989+0000] {processor.py:157} INFO - Started process (PID=295) to work on /opt/airflow/dags/extract_exchange_rates.py
[2025-04-09T19:32:16.990+0000] {processor.py:829} INFO - Processing file /opt/airflow/dags/extract_exchange_rates.py for tasks to queue
[2025-04-09T19:32:16.991+0000] {logging_mixin.py:151} INFO - [2025-04-09T19:32:16.990+0000] {dagbag.py:536} INFO - Filling up the DagBag from /opt/airflow/dags/extract_exchange_rates.py
[2025-04-09T19:32:17.000+0000] {processor.py:839} INFO - DAG(s) dict_keys(['extract_exchange_rates']) retrieved from /opt/airflow/dags/extract_exchange_rates.py
[2025-04-09T19:32:17.014+0000] {logging_mixin.py:151} INFO - [2025-04-09T19:32:17.014+0000] {dag.py:2941} INFO - Sync 1 DAGs
[2025-04-09T19:32:17.025+0000] {logging_mixin.py:151} INFO - [2025-04-09T19:32:17.025+0000] {dag.py:3722} INFO - Setting next_dagrun for extract_exchange_rates to 2025-04-09T00:00:00+00:00, run_after=2025-04-10T00:00:00+00:00
[2025-04-09T19:32:17.033+0000] {processor.py:179} INFO - Processing /opt/airflow/dags/extract_exchange_rates.py took 0.046 seconds
[2025-04-09T19:32:47.350+0000] {processor.py:157} INFO - Started process (PID=300) to work on /opt/airflow/dags/extract_exchange_rates.py
[2025-04-09T19:32:47.351+0000] {processor.py:829} INFO - Processing file /opt/airflow/dags/extract_exchange_rates.py for tasks to queue
[2025-04-09T19:32:47.351+0000] {logging_mixin.py:151} INFO - [2025-04-09T19:32:47.351+0000] {dagbag.py:536} INFO - Filling up the DagBag from /opt/airflow/dags/extract_exchange_rates.py
[2025-04-09T19:32:47.360+0000] {processor.py:839} INFO - DAG(s) dict_keys(['extract_exchange_rates']) retrieved from /opt/airflow/dags/extract_exchange_rates.py
[2025-04-09T19:32:47.372+0000] {logging_mixin.py:151} INFO - [2025-04-09T19:32:47.372+0000] {dag.py:2941} INFO - Sync 1 DAGs
[2025-04-09T19:32:47.383+0000] {logging_mixin.py:151} INFO - [2025-04-09T19:32:47.383+0000] {dag.py:3722} INFO - Setting next_dagrun for extract_exchange_rates to 2025-04-09T00:00:00+00:00, run_after=2025-04-10T00:00:00+00:00
[2025-04-09T19:32:47.390+0000] {processor.py:179} INFO - Processing /opt/airflow/dags/extract_exchange_rates.py took 0.042 seconds
[2025-04-09T19:33:17.681+0000] {processor.py:157} INFO - Started process (PID=305) to work on /opt/airflow/dags/extract_exchange_rates.py
[2025-04-09T19:33:17.682+0000] {processor.py:829} INFO - Processing file /opt/airflow/dags/extract_exchange_rates.py for tasks to queue
[2025-04-09T19:33:17.683+0000] {logging_mixin.py:151} INFO - [2025-04-09T19:33:17.682+0000] {dagbag.py:536} INFO - Filling up the DagBag from /opt/airflow/dags/extract_exchange_rates.py
[2025-04-09T19:33:17.694+0000] {processor.py:839} INFO - DAG(s) dict_keys(['extract_exchange_rates']) retrieved from /opt/airflow/dags/extract_exchange_rates.py
[2025-04-09T19:33:17.707+0000] {logging_mixin.py:151} INFO - [2025-04-09T19:33:17.707+0000] {dag.py:2941} INFO - Sync 1 DAGs
[2025-04-09T19:33:17.717+0000] {logging_mixin.py:151} INFO - [2025-04-09T19:33:17.717+0000] {dag.py:3722} INFO - Setting next_dagrun for extract_exchange_rates to 2025-04-09T00:00:00+00:00, run_after=2025-04-10T00:00:00+00:00
[2025-04-09T19:33:17.724+0000] {processor.py:179} INFO - Processing /opt/airflow/dags/extract_exchange_rates.py took 0.045 seconds
[2025-04-09T19:33:48.003+0000] {processor.py:157} INFO - Started process (PID=310) to work on /opt/airflow/dags/extract_exchange_rates.py
[2025-04-09T19:33:48.004+0000] {processor.py:829} INFO - Processing file /opt/airflow/dags/extract_exchange_rates.py for tasks to queue
[2025-04-09T19:33:48.005+0000] {logging_mixin.py:151} INFO - [2025-04-09T19:33:48.005+0000] {dagbag.py:536} INFO - Filling up the DagBag from /opt/airflow/dags/extract_exchange_rates.py
[2025-04-09T19:33:48.017+0000] {processor.py:839} INFO - DAG(s) dict_keys(['extract_exchange_rates']) retrieved from /opt/airflow/dags/extract_exchange_rates.py
[2025-04-09T19:33:48.032+0000] {logging_mixin.py:151} INFO - [2025-04-09T19:33:48.032+0000] {dag.py:2941} INFO - Sync 1 DAGs
[2025-04-09T19:33:48.041+0000] {logging_mixin.py:151} INFO - [2025-04-09T19:33:48.041+0000] {dag.py:3722} INFO - Setting next_dagrun for extract_exchange_rates to 2025-04-09T00:00:00+00:00, run_after=2025-04-10T00:00:00+00:00
[2025-04-09T19:33:48.049+0000] {processor.py:179} INFO - Processing /opt/airflow/dags/extract_exchange_rates.py took 0.048 seconds
[2025-04-09T19:34:18.344+0000] {processor.py:157} INFO - Started process (PID=315) to work on /opt/airflow/dags/extract_exchange_rates.py
[2025-04-09T19:34:18.345+0000] {processor.py:829} INFO - Processing file /opt/airflow/dags/extract_exchange_rates.py for tasks to queue
[2025-04-09T19:34:18.346+0000] {logging_mixin.py:151} INFO - [2025-04-09T19:34:18.345+0000] {dagbag.py:536} INFO - Filling up the DagBag from /opt/airflow/dags/extract_exchange_rates.py
[2025-04-09T19:34:18.356+0000] {processor.py:839} INFO - DAG(s) dict_keys(['extract_exchange_rates']) retrieved from /opt/airflow/dags/extract_exchange_rates.py
[2025-04-09T19:34:18.370+0000] {logging_mixin.py:151} INFO - [2025-04-09T19:34:18.370+0000] {dag.py:2941} INFO - Sync 1 DAGs
[2025-04-09T19:34:18.380+0000] {logging_mixin.py:151} INFO - [2025-04-09T19:34:18.380+0000] {dag.py:3722} INFO - Setting next_dagrun for extract_exchange_rates to 2025-04-09T00:00:00+00:00, run_after=2025-04-10T00:00:00+00:00
[2025-04-09T19:34:18.387+0000] {processor.py:179} INFO - Processing /opt/airflow/dags/extract_exchange_rates.py took 0.045 seconds
[2025-04-09T19:34:48.699+0000] {processor.py:157} INFO - Started process (PID=320) to work on /opt/airflow/dags/extract_exchange_rates.py
[2025-04-09T19:34:48.700+0000] {processor.py:829} INFO - Processing file /opt/airflow/dags/extract_exchange_rates.py for tasks to queue
[2025-04-09T19:34:48.701+0000] {logging_mixin.py:151} INFO - [2025-04-09T19:34:48.701+0000] {dagbag.py:536} INFO - Filling up the DagBag from /opt/airflow/dags/extract_exchange_rates.py
[2025-04-09T19:34:48.713+0000] {processor.py:839} INFO - DAG(s) dict_keys(['extract_exchange_rates']) retrieved from /opt/airflow/dags/extract_exchange_rates.py
[2025-04-09T19:34:48.727+0000] {logging_mixin.py:151} INFO - [2025-04-09T19:34:48.727+0000] {dag.py:2941} INFO - Sync 1 DAGs
[2025-04-09T19:34:48.737+0000] {logging_mixin.py:151} INFO - [2025-04-09T19:34:48.737+0000] {dag.py:3722} INFO - Setting next_dagrun for extract_exchange_rates to 2025-04-09T00:00:00+00:00, run_after=2025-04-10T00:00:00+00:00
[2025-04-09T19:34:48.745+0000] {processor.py:179} INFO - Processing /opt/airflow/dags/extract_exchange_rates.py took 0.048 seconds
[2025-04-09T19:35:19.016+0000] {processor.py:157} INFO - Started process (PID=325) to work on /opt/airflow/dags/extract_exchange_rates.py
[2025-04-09T19:35:19.017+0000] {processor.py:829} INFO - Processing file /opt/airflow/dags/extract_exchange_rates.py for tasks to queue
[2025-04-09T19:35:19.017+0000] {logging_mixin.py:151} INFO - [2025-04-09T19:35:19.017+0000] {dagbag.py:536} INFO - Filling up the DagBag from /opt/airflow/dags/extract_exchange_rates.py
[2025-04-09T19:35:19.027+0000] {processor.py:839} INFO - DAG(s) dict_keys(['extract_exchange_rates']) retrieved from /opt/airflow/dags/extract_exchange_rates.py
[2025-04-09T19:35:19.042+0000] {logging_mixin.py:151} INFO - [2025-04-09T19:35:19.042+0000] {dag.py:2941} INFO - Sync 1 DAGs
[2025-04-09T19:35:19.053+0000] {logging_mixin.py:151} INFO - [2025-04-09T19:35:19.053+0000] {dag.py:3722} INFO - Setting next_dagrun for extract_exchange_rates to 2025-04-09T00:00:00+00:00, run_after=2025-04-10T00:00:00+00:00
[2025-04-09T19:35:19.060+0000] {processor.py:179} INFO - Processing /opt/airflow/dags/extract_exchange_rates.py took 0.047 seconds
[2025-04-09T19:35:49.476+0000] {processor.py:157} INFO - Started process (PID=330) to work on /opt/airflow/dags/extract_exchange_rates.py
[2025-04-09T19:35:49.477+0000] {processor.py:829} INFO - Processing file /opt/airflow/dags/extract_exchange_rates.py for tasks to queue
[2025-04-09T19:35:49.477+0000] {logging_mixin.py:151} INFO - [2025-04-09T19:35:49.477+0000] {dagbag.py:536} INFO - Filling up the DagBag from /opt/airflow/dags/extract_exchange_rates.py
[2025-04-09T19:35:49.487+0000] {processor.py:839} INFO - DAG(s) dict_keys(['extract_exchange_rates']) retrieved from /opt/airflow/dags/extract_exchange_rates.py
[2025-04-09T19:35:49.500+0000] {logging_mixin.py:151} INFO - [2025-04-09T19:35:49.500+0000] {dag.py:2941} INFO - Sync 1 DAGs
[2025-04-09T19:35:49.510+0000] {logging_mixin.py:151} INFO - [2025-04-09T19:35:49.510+0000] {dag.py:3722} INFO - Setting next_dagrun for extract_exchange_rates to 2025-04-09T00:00:00+00:00, run_after=2025-04-10T00:00:00+00:00
[2025-04-09T19:35:49.517+0000] {processor.py:179} INFO - Processing /opt/airflow/dags/extract_exchange_rates.py took 0.043 seconds
[2025-04-09T19:36:19.869+0000] {processor.py:157} INFO - Started process (PID=335) to work on /opt/airflow/dags/extract_exchange_rates.py
[2025-04-09T19:36:19.870+0000] {processor.py:829} INFO - Processing file /opt/airflow/dags/extract_exchange_rates.py for tasks to queue
[2025-04-09T19:36:19.871+0000] {logging_mixin.py:151} INFO - [2025-04-09T19:36:19.871+0000] {dagbag.py:536} INFO - Filling up the DagBag from /opt/airflow/dags/extract_exchange_rates.py
[2025-04-09T19:36:19.883+0000] {processor.py:839} INFO - DAG(s) dict_keys(['extract_exchange_rates']) retrieved from /opt/airflow/dags/extract_exchange_rates.py
[2025-04-09T19:36:19.898+0000] {logging_mixin.py:151} INFO - [2025-04-09T19:36:19.897+0000] {dag.py:2941} INFO - Sync 1 DAGs
[2025-04-09T19:36:19.907+0000] {logging_mixin.py:151} INFO - [2025-04-09T19:36:19.907+0000] {dag.py:3722} INFO - Setting next_dagrun for extract_exchange_rates to 2025-04-09T00:00:00+00:00, run_after=2025-04-10T00:00:00+00:00
[2025-04-09T19:36:19.914+0000] {processor.py:179} INFO - Processing /opt/airflow/dags/extract_exchange_rates.py took 0.048 seconds
[2025-04-09T19:36:50.190+0000] {processor.py:157} INFO - Started process (PID=340) to work on /opt/airflow/dags/extract_exchange_rates.py
[2025-04-09T19:36:50.191+0000] {processor.py:829} INFO - Processing file /opt/airflow/dags/extract_exchange_rates.py for tasks to queue
[2025-04-09T19:36:50.192+0000] {logging_mixin.py:151} INFO - [2025-04-09T19:36:50.192+0000] {dagbag.py:536} INFO - Filling up the DagBag from /opt/airflow/dags/extract_exchange_rates.py
[2025-04-09T19:36:50.203+0000] {processor.py:839} INFO - DAG(s) dict_keys(['extract_exchange_rates']) retrieved from /opt/airflow/dags/extract_exchange_rates.py
[2025-04-09T19:36:50.216+0000] {logging_mixin.py:151} INFO - [2025-04-09T19:36:50.216+0000] {dag.py:2941} INFO - Sync 1 DAGs
[2025-04-09T19:36:50.226+0000] {logging_mixin.py:151} INFO - [2025-04-09T19:36:50.226+0000] {dag.py:3722} INFO - Setting next_dagrun for extract_exchange_rates to 2025-04-09T00:00:00+00:00, run_after=2025-04-10T00:00:00+00:00
[2025-04-09T19:36:50.233+0000] {processor.py:179} INFO - Processing /opt/airflow/dags/extract_exchange_rates.py took 0.045 seconds
[2025-04-09T19:45:13.635+0000] {processor.py:157} INFO - Started process (PID=346) to work on /opt/airflow/dags/extract_exchange_rates.py
[2025-04-09T19:45:13.635+0000] {processor.py:829} INFO - Processing file /opt/airflow/dags/extract_exchange_rates.py for tasks to queue
[2025-04-09T19:45:13.636+0000] {logging_mixin.py:151} INFO - [2025-04-09T19:45:13.635+0000] {dagbag.py:536} INFO - Filling up the DagBag from /opt/airflow/dags/extract_exchange_rates.py
[2025-04-09T19:45:13.642+0000] {processor.py:839} INFO - DAG(s) dict_keys(['extract_exchange_rates']) retrieved from /opt/airflow/dags/extract_exchange_rates.py
[2025-04-09T19:45:13.654+0000] {logging_mixin.py:151} INFO - [2025-04-09T19:45:13.654+0000] {dag.py:2941} INFO - Sync 1 DAGs
[2025-04-09T19:45:13.662+0000] {logging_mixin.py:151} INFO - [2025-04-09T19:45:13.662+0000] {dag.py:3722} INFO - Setting next_dagrun for extract_exchange_rates to 2025-04-09T00:00:00+00:00, run_after=2025-04-10T00:00:00+00:00
[2025-04-09T19:45:13.669+0000] {processor.py:179} INFO - Processing /opt/airflow/dags/extract_exchange_rates.py took 0.036 seconds
[2025-04-09T21:08:32.005+0000] {processor.py:157} INFO - Started process (PID=353) to work on /opt/airflow/dags/extract_exchange_rates.py
[2025-04-09T21:08:32.005+0000] {processor.py:829} INFO - Processing file /opt/airflow/dags/extract_exchange_rates.py for tasks to queue
[2025-04-09T21:08:32.006+0000] {logging_mixin.py:151} INFO - [2025-04-09T21:08:32.006+0000] {dagbag.py:536} INFO - Filling up the DagBag from /opt/airflow/dags/extract_exchange_rates.py
[2025-04-09T21:08:32.013+0000] {processor.py:839} INFO - DAG(s) dict_keys(['extract_exchange_rates']) retrieved from /opt/airflow/dags/extract_exchange_rates.py
[2025-04-09T21:08:32.024+0000] {logging_mixin.py:151} INFO - [2025-04-09T21:08:32.024+0000] {dag.py:2941} INFO - Sync 1 DAGs
[2025-04-09T21:08:32.033+0000] {logging_mixin.py:151} INFO - [2025-04-09T21:08:32.032+0000] {dag.py:3722} INFO - Setting next_dagrun for extract_exchange_rates to 2025-04-09T00:00:00+00:00, run_after=2025-04-10T00:00:00+00:00
[2025-04-09T21:08:32.039+0000] {processor.py:179} INFO - Processing /opt/airflow/dags/extract_exchange_rates.py took 0.036 seconds
[2025-04-09T21:38:10.934+0000] {processor.py:157} INFO - Started process (PID=359) to work on /opt/airflow/dags/extract_exchange_rates.py
[2025-04-09T21:38:10.935+0000] {processor.py:829} INFO - Processing file /opt/airflow/dags/extract_exchange_rates.py for tasks to queue
[2025-04-09T21:38:10.936+0000] {logging_mixin.py:151} INFO - [2025-04-09T21:38:10.935+0000] {dagbag.py:536} INFO - Filling up the DagBag from /opt/airflow/dags/extract_exchange_rates.py
[2025-04-09T21:38:10.945+0000] {processor.py:839} INFO - DAG(s) dict_keys(['extract_exchange_rates']) retrieved from /opt/airflow/dags/extract_exchange_rates.py
[2025-04-09T21:38:10.958+0000] {logging_mixin.py:151} INFO - [2025-04-09T21:38:10.958+0000] {dag.py:2941} INFO - Sync 1 DAGs
[2025-04-09T21:38:10.967+0000] {logging_mixin.py:151} INFO - [2025-04-09T21:38:10.967+0000] {dag.py:3722} INFO - Setting next_dagrun for extract_exchange_rates to 2025-04-09T00:00:00+00:00, run_after=2025-04-10T00:00:00+00:00
[2025-04-09T21:38:10.974+0000] {processor.py:179} INFO - Processing /opt/airflow/dags/extract_exchange_rates.py took 0.042 seconds
[2025-04-09T22:38:50.640+0000] {processor.py:157} INFO - Started process (PID=364) to work on /opt/airflow/dags/extract_exchange_rates.py
[2025-04-09T22:38:50.641+0000] {processor.py:829} INFO - Processing file /opt/airflow/dags/extract_exchange_rates.py for tasks to queue
[2025-04-09T22:38:50.641+0000] {logging_mixin.py:151} INFO - [2025-04-09T22:38:50.641+0000] {dagbag.py:536} INFO - Filling up the DagBag from /opt/airflow/dags/extract_exchange_rates.py
[2025-04-09T22:38:50.650+0000] {processor.py:839} INFO - DAG(s) dict_keys(['extract_exchange_rates']) retrieved from /opt/airflow/dags/extract_exchange_rates.py
[2025-04-09T22:38:50.661+0000] {logging_mixin.py:151} INFO - [2025-04-09T22:38:50.661+0000] {dag.py:2941} INFO - Sync 1 DAGs
[2025-04-09T22:38:50.670+0000] {logging_mixin.py:151} INFO - [2025-04-09T22:38:50.670+0000] {dag.py:3722} INFO - Setting next_dagrun for extract_exchange_rates to 2025-04-09T00:00:00+00:00, run_after=2025-04-10T00:00:00+00:00
[2025-04-09T22:38:50.677+0000] {processor.py:179} INFO - Processing /opt/airflow/dags/extract_exchange_rates.py took 0.038 seconds
[2025-04-09T23:39:52.671+0000] {processor.py:157} INFO - Started process (PID=369) to work on /opt/airflow/dags/extract_exchange_rates.py
[2025-04-09T23:39:52.672+0000] {processor.py:829} INFO - Processing file /opt/airflow/dags/extract_exchange_rates.py for tasks to queue
[2025-04-09T23:39:52.672+0000] {logging_mixin.py:151} INFO - [2025-04-09T23:39:52.672+0000] {dagbag.py:536} INFO - Filling up the DagBag from /opt/airflow/dags/extract_exchange_rates.py
[2025-04-09T23:39:52.680+0000] {processor.py:839} INFO - DAG(s) dict_keys(['extract_exchange_rates']) retrieved from /opt/airflow/dags/extract_exchange_rates.py
[2025-04-09T23:39:52.692+0000] {logging_mixin.py:151} INFO - [2025-04-09T23:39:52.692+0000] {dag.py:2941} INFO - Sync 1 DAGs
[2025-04-09T23:39:52.701+0000] {logging_mixin.py:151} INFO - [2025-04-09T23:39:52.701+0000] {dag.py:3722} INFO - Setting next_dagrun for extract_exchange_rates to 2025-04-09T00:00:00+00:00, run_after=2025-04-10T00:00:00+00:00
[2025-04-09T23:39:52.707+0000] {processor.py:179} INFO - Processing /opt/airflow/dags/extract_exchange_rates.py took 0.038 seconds
